C:/Users/jorda/Documents/GitHub/openblt/Target/Source/ARMCM0_STM32G0/flash.c:848:18:FlashGetSector	24	static
C:/Users/jorda/Documents/GitHub/openblt/Target/Source/ARMCM0_STM32G0/flash.c:877:17:FlashGetSectorBaseAddr	24	static
C:/Users/jorda/Documents/GitHub/openblt/Target/Source/ARMCM0_STM32G0/flash.c:927:19:FlashGetBank	16	static
C:/Users/jorda/Documents/GitHub/openblt/Target/Source/ARMCM0_STM32G0/flash.c:702:17:FlashWriteBlock	32	static
C:/Users/jorda/Documents/GitHub/openblt/Target/Source/ARMCM0_STM32G0/flash.c:557:25:FlashSwitchBlock	16	static
C:/Users/jorda/Documents/GitHub/openblt/Target/Source/ARMCM0_STM32G0/flash.c:619:17:FlashAddToBlock	32	static
C:/Users/jorda/Documents/GitHub/openblt/Target/Source/ARMCM0_STM32G0/flash.c:249:6:FlashInit	0	static
C:/Users/jorda/Documents/GitHub/openblt/Target/Source/ARMCM0_STM32G0/flash.c:267:10:FlashWrite	16	static
C:/Users/jorda/Documents/GitHub/openblt/Target/Source/ARMCM0_STM32G0/flash.c:305:10:FlashErase	56	static
C:/Users/jorda/Documents/GitHub/openblt/Target/Source/ARMCM0_STM32G0/flash.c:352:10:FlashWriteChecksum	16	static
C:/Users/jorda/Documents/GitHub/openblt/Target/Source/ARMCM0_STM32G0/flash.c:427:10:FlashVerifyChecksum	0	static
C:/Users/jorda/Documents/GitHub/openblt/Target/Source/ARMCM0_STM32G0/flash.c:462:10:FlashDone	8	static
C:/Users/jorda/Documents/GitHub/openblt/Target/Source/ARMCM0_STM32G0/flash.c:501:10:FlashGetUserProgBaseAddress	0	static
