../Core/Src/eeprom_driver.c:20:6:LoadDefault	16	static
../Core/Src/eeprom_driver.c:34:6:checkcfg	16	static
../Core/Src/eeprom_driver.c:44:10:bytes_to_write	16	static
../Core/Src/eeprom_driver.c:59:6:EEPROM_Write	80	static
../Core/Src/eeprom_driver.c:96:6:EEPROM_Read	80	static
../Core/Src/eeprom_driver.c:117:10:float2Bytes	24	static
../Core/Src/eeprom_driver.c:124:7:bytes2Float	24	static
../Core/Src/eeprom_driver.c:132:6:EEPROM_Write_Num	24	static
../Core/Src/eeprom_driver.c:145:7:EEPROM_Read_Num	32	static
../Core/Src/eeprom_driver.c:152:6:EEPROM_pageErase	120	static
../Core/Src/eeprom_driver.c:171:6:EEPROM_Write_Config	16	static
../Core/Src/eeprom_driver.c:180:6:EEPROM_Read_Config	16	static
../Core/Src/eeprom_driver.c:190:13:EEPROM_SanitizeConfig	48	static
../Core/Src/eeprom_driver.c:248:6:EEPROM_Init	80	static
../Core/Src/eeprom_driver.c:284:15:EEPROM_GetCachedConfig	8	static
../Core/Src/eeprom_driver.c:291:6:CAN_Handler_EEPROM_Write_Config	72	static
../Core/Src/eeprom_driver.c:355:6:CAN_Handler_EEPROM_Read_Config	72	static
