../Core/Src/eeprom_driver.c:41:16:compute_checksum	24	static
../Core/Src/eeprom_driver.c:51:13:config_is_valid	16	static
../Core/Src/eeprom_driver.c:57:13:load_safe_defaults	16	static
../Core/Src/eeprom_driver.c:73:17:bytes_to_page_end	24	static
../Core/Src/eeprom_driver.c:79:6:EEPROM_Write	72	static
../Core/Src/eeprom_driver.c:108:6:EEPROM_Read	72	static
../Core/Src/eeprom_driver.c:128:6:EEPROM_pageErase	120	static
../Core/Src/eeprom_driver.c:151:10:float2Bytes	24	static
../Core/Src/eeprom_driver.c:158:7:bytes2Float	24	static
../Core/Src/eeprom_driver.c:171:6:EEPROM_Init	16	static
../Core/Src/eeprom_driver.c:190:6:EEPROM_LoadAndApplyDefaults	8	static
../Core/Src/eeprom_driver.c:196:6:EEPROM_ApplyStartupConfig	16	static
../Core/Src/eeprom_driver.c:233:6:EEPROM_SaveStartupConfig	16	static
../Core/Src/eeprom_driver.c:264:31:EEPROM_GetCachedConfig	8	static
