../Core/Src/eeprom_driver.c:33:16:compute_checksum	24	static
../Core/Src/eeprom_driver.c:43:13:config_is_valid	16	static
../Core/Src/eeprom_driver.c:49:13:load_safe_defaults	16	static
../Core/Src/eeprom_driver.c:64:17:bytes_to_page_end	24	static
../Core/Src/eeprom_driver.c:70:6:EEPROM_Write	72	static
../Core/Src/eeprom_driver.c:96:6:EEPROM_Read	72	static
../Core/Src/eeprom_driver.c:116:6:EEPROM_pageErase	120	static
../Core/Src/eeprom_driver.c:135:6:EEPROM_Init	40	static
../Core/Src/eeprom_driver.c:154:6:EEPROM_LoadAndApplyDefaults	8	static
../Core/Src/eeprom_driver.c:160:6:EEPROM_ApplyStartupConfig	16	static
../Core/Src/eeprom_driver.c:192:6:EEPROM_SaveStartupConfig	40	static
../Core/Src/eeprom_driver.c:225:31:EEPROM_GetCachedConfig	8	static
