../Core/Src/eeprom_driver.c:40:6:LoadDefault	16	static
../Core/Src/eeprom_driver.c:54:6:checkcfg	16	static
../Core/Src/eeprom_driver.c:66:17:bytes_to_page_end	24	static
../Core/Src/eeprom_driver.c:72:6:EEPROM_Write	72	static
../Core/Src/eeprom_driver.c:101:6:EEPROM_Read	72	static
../Core/Src/eeprom_driver.c:125:10:float2Bytes	24	static
../Core/Src/eeprom_driver.c:132:7:bytes2Float	24	static
../Core/Src/eeprom_driver.c:141:6:EEPROM_Write_Num	24	static
../Core/Src/eeprom_driver.c:153:7:EEPROM_Read_Num	32	static
../Core/Src/eeprom_driver.c:160:6:EEPROM_pageErase	120	static
../Core/Src/eeprom_driver.c:182:6:EEPROM_Write_Config	16	static
../Core/Src/eeprom_driver.c:194:6:EEPROM_Read_Config	16	static
../Core/Src/eeprom_driver.c:199:15:EEPROM_GetCachedConfig	8	static
../Core/Src/eeprom_driver.c:208:13:EEPROM_SanitizeConfig	48	static
../Core/Src/eeprom_driver.c:263:6:EEPROM_Init	80	static
../Core/Src/eeprom_driver.c:303:6:CAN_Handler_EEPROM_Write_Config	64	static
../Core/Src/eeprom_driver.c:363:6:CAN_Handler_EEPROM_Read_Config	72	static
../Core/Src/eeprom_driver.c:405:6:CAN_Handler_EEPROM_Write_Overvoltage_Config	24	static
