../Core/Src/main.c:85:6:HAL_ADC_ConvCpltCallback	2
../Core/Src/main.c:92:13:VectorBase_Config	1
../Core/Src/main.c:104:5:main	1
../Core/Src/main.c:161:6:SystemClock_Config	3
../Core/Src/main.c:208:13:MX_ADC1_Init	14
../Core/Src/main.c:352:13:MX_FDCAN1_Init	2
../Core/Src/main.c:395:13:MX_I2C1_Init	4
../Core/Src/main.c:443:13:MX_TIM1_Init	10
../Core/Src/main.c:540:13:MX_TIM2_Init	9
../Core/Src/main.c:610:13:MX_TIM3_Init	6
../Core/Src/main.c:668:13:MX_TIM14_Init	4
../Core/Src/main.c:712:13:MX_DMA_Init	1
../Core/Src/main.c:725:13:MX_GPIO_Init	1
../Core/Src/main.c:886:6:Error_Handler	1
