../Core/Src/main.c:81:6:DigitalRead	18
../Core/Src/main.c:124:6:HAL_TIM_IC_CaptureCallback	10
../Core/Src/main.c:157:6:HAL_ADC_ConvCpltCallback	4
../Core/Src/main.c:175:5:main	21
../Core/Src/main.c:278:6:SystemClock_Config	3
../Core/Src/main.c:325:13:MX_ADC1_Init	13
../Core/Src/main.c:461:6:MX_FDCAN1_Init	2
../Core/Src/main.c:504:13:MX_I2C1_Init	4
../Core/Src/main.c:552:13:MX_TIM1_Init	10
../Core/Src/main.c:649:13:MX_TIM2_Init	9
../Core/Src/main.c:719:13:MX_TIM3_Init	6
../Core/Src/main.c:777:13:MX_TIM14_Init	4
../Core/Src/main.c:821:13:MX_DMA_Init	1
../Core/Src/main.c:839:13:MX_GPIO_Init	1
../Core/Src/main.c:940:6:Error_Handler	1
