../Core/Src/main.c:85:6:HAL_ADC_ConvCpltCallback	16	static
../Core/Src/main.c:92:13:VectorBase_Config	8	static
../Core/Src/main.c:104:5:main	8	static
../Core/Src/main.c:161:6:SystemClock_Config	96	static
../Core/Src/main.c:208:13:MX_ADC1_Init	24	static
../Core/Src/main.c:352:13:MX_FDCAN1_Init	8	static
../Core/Src/main.c:395:13:MX_I2C1_Init	8	static
../Core/Src/main.c:443:13:MX_TIM1_Init	120	static
../Core/Src/main.c:540:13:MX_TIM2_Init	56	static
../Core/Src/main.c:610:13:MX_TIM3_Init	56	static
../Core/Src/main.c:668:13:MX_TIM14_Init	40	static
../Core/Src/main.c:712:13:MX_DMA_Init	16	static
../Core/Src/main.c:725:13:MX_GPIO_Init	56	static
../Core/Src/main.c:838:6:Error_Handler	8	static,ignoring_inline_asm
