../Core/Src/main.c:88:5:main	16	static
../Core/Src/main.c:181:6:SystemClock_Config	96	static
../Core/Src/main.c:228:13:MX_ADC1_Init	24	static
../Core/Src/main.c:372:6:MX_FDCAN1_Init	8	static
../Core/Src/main.c:415:13:MX_I2C1_Init	8	static
../Core/Src/main.c:463:13:MX_TIM1_Init	120	static
../Core/Src/main.c:560:13:MX_TIM2_Init	56	static
../Core/Src/main.c:630:13:MX_TIM3_Init	56	static
../Core/Src/main.c:688:13:MX_TIM14_Init	40	static
../Core/Src/main.c:732:13:MX_DMA_Init	16	static
../Core/Src/main.c:745:13:MX_GPIO_Init	56	static
../Core/Src/main.c:852:6:Error_Handler	16	static,ignoring_inline_asm
