../Core/Src/power_monitor.c:46:6:PM_Set_OC_Threshold	16	static
../Core/Src/power_monitor.c:51:6:PM_Set_UV_24V_Threshold	16	static
../Core/Src/power_monitor.c:52:6:PM_Set_UV_12V_Threshold	16	static
../Core/Src/power_monitor.c:54:10:PM_Get_OC_Threshold	16	static
../Core/Src/power_monitor.c:59:10:PM_Get_UV_24V_Threshold	8	static
../Core/Src/power_monitor.c:60:10:PM_Get_UV_12V_Threshold	8	static
../Core/Src/power_monitor.c:64:24:mV_to_current_mA	16	static
../Core/Src/power_monitor.c:70:10:PM_Read_HS_Current_mA	24	static
../Core/Src/power_monitor.c:82:10:PM_Read_24V_Bus_Current_mA	8	static
../Core/Src/power_monitor.c:87:10:PM_Read_24V_Voltage_mV	8	static
../Core/Src/power_monitor.c:92:10:PM_Read_12V_Voltage_mV	8	static
../Core/Src/power_monitor.c:99:9:PM_RunProtection	24	static
../Core/Src/power_monitor.c:137:9:PM_GetErrorMask	8	static
../Core/Src/power_monitor.c:142:6:PM_Clear_OC_Error	16	static
