../Core/Src/Power_Electronic.c:50:5:Enable_HighSide_Power_Module	32	static
../Core/Src/Power_Electronic.c:88:5:Disable_HighSide_Power_Module	16	static
../Core/Src/Power_Electronic.c:109:5:Enable_HighSide_Power_All	24	static
../Core/Src/Power_Electronic.c:121:5:Disable_HighSide_Power_All	24	static
../Core/Src/Power_Electronic.c:137:5:Calibrate_ADC1	8	static
../Core/Src/Power_Electronic.c:147:5:Start_ADC1_DMA	8	static
../Core/Src/Power_Electronic.c:159:5:Read_HighSide_Module_Current_mA	32	static
../Core/Src/Power_Electronic.c:178:6:Read_24V_Bus_Current_mA	32	static
../Core/Src/Power_Electronic.c:186:6:Read_24V_Voltage_1DP	24	static
../Core/Src/Power_Electronic.c:194:6:Read_12V_Voltage_1DP	24	static
../Core/Src/Power_Electronic.c:206:5:Read_Thermistor_Temperature_C	64	static
../Core/Src/Power_Electronic.c:256:5:Enable_12V_Buck_Converter	16	static
../Core/Src/Power_Electronic.c:270:6:Disable_12V_Buck_Converter	8	static
../Core/Src/Power_Electronic.c:282:6:Shutdown_Protection	64	static
../Core/Src/Power_Electronic.c:348:6:Shutdown_Protection_ResetState	8	static
../Core/Src/Power_Electronic.c:362:13:HS_Power_Command	24	static
../Core/Src/Power_Electronic.c:382:6:CAN_Handler_Set_HS_Drive_Power	24	static
../Core/Src/Power_Electronic.c:387:6:CAN_Handler_Set_HS_Extruder_Power	24	static
../Core/Src/Power_Electronic.c:392:6:CAN_Handler_Set_HS_Scrubbing_Power	24	static
../Core/Src/Power_Electronic.c:401:8:CAN_Packer_24V_Bus_2Byte	24	static
../Core/Src/Power_Electronic.c:414:8:CAN_Packer_12V_Bus_1Byte	24	static
../Core/Src/Power_Electronic.c:425:8:CAN_Packer_HighSide_Module_Current_1DP_1Byte	32	static
../Core/Src/Power_Electronic.c:443:8:CAN_Packer_24V_Bus_Current_1DP_2Byte	24	static
../Core/Src/Power_Electronic.c:456:8:CAN_Packer_Thermistor_Temp_1Byte	32	static
../Core/Src/Power_Electronic.c:475:8:CAN_Packer_Protection_State_1Byte	24	static
