../Core/Src/Power_Electronic.c:17:5:Enable_HighSide_Power_Module	24	static
../Core/Src/Power_Electronic.c:74:5:Disable_HighSide_Power_Module	16	static
../Core/Src/Power_Electronic.c:106:5:Enable_HighSide_Power_All	24	static
../Core/Src/Power_Electronic.c:121:5:Disable_HighSide_Power_All	24	static
../Core/Src/Power_Electronic.c:136:10:Calibrate_ADC1	8	static
../Core/Src/Power_Electronic.c:152:5:Start_ADC1_DMA	8	static
../Core/Src/Power_Electronic.c:166:5:Read_HighSide_Module_Current_mA	32	static
../Core/Src/Power_Electronic.c:200:6:Read_24V_Bus_Current_mA	32	static
../Core/Src/Power_Electronic.c:219:6:Read_24V_Voltage_1DP	24	static
../Core/Src/Power_Electronic.c:234:6:Read_12V_Voltage_1DP	24	static
../Core/Src/Power_Electronic.c:250:5:Enable_12V_Buck_Converter	16	static
../Core/Src/Power_Electronic.c:269:6:Disable_12V_Buck_Converter	8	static
../Core/Src/Power_Electronic.c:275:5:Read_Thermistor_Temperature_C	72	static
../Core/Src/Power_Electronic.c:358:6:Shutdown_Protection	72	static
../Core/Src/Power_Electronic.c:427:6:Shutdown_Protection_ResetState	8	static
../Core/Src/Power_Electronic.c:433:6:CAN_Handler_Set_HS_Drive_Power	32	static
../Core/Src/Power_Electronic.c:454:6:CAN_Handler_Set_HS_Extruder_Power	32	static
../Core/Src/Power_Electronic.c:476:6:CAN_Handler_Set_HS_Scrubbing_Power	32	static
../Core/Src/Power_Electronic.c:500:8:CAN_Packer_24V_Bus_2Byte	24	static
../Core/Src/Power_Electronic.c:516:8:CAN_Packer_12V_Bus_1Byte	24	static
../Core/Src/Power_Electronic.c:537:8:CAN_Packer_HighSide_Module_Current_1DP_1Byte	40	static
../Core/Src/Power_Electronic.c:560:8:CAN_Packer_24V_Bus_Current_1DP_2Byte	24	static
../Core/Src/Power_Electronic.c:577:8:CAN_Packer_Thermistor_Temp_1Byte	40	static
../Core/Src/Power_Electronic.c:600:8:CAN_Packer_Protection_State_1Byte	24	static
