../Core/Src/Power_Electronic.c:45:5:Enable_HighSide_Power_Module	16	static
../Core/Src/Power_Electronic.c:66:5:Disable_HighSide_Power_Module	16	static
../Core/Src/Power_Electronic.c:91:5:Calibrate_ADC1	8	static
../Core/Src/Power_Electronic.c:99:5:Start_ADC1_DMA	8	static
../Core/Src/Power_Electronic.c:123:24:adc_to_mV	16	static
../Core/Src/Power_Electronic.c:130:24:mV_to_current_mA	16	static
../Core/Src/Power_Electronic.c:136:5:Read_HighSide_Module_Current_mA	24	static
../Core/Src/Power_Electronic.c:152:6:Read_24V_Bus_Current_mA	16	static
../Core/Src/Power_Electronic.c:157:6:Read_24V_Voltage_mV	24	static
../Core/Src/Power_Electronic.c:163:6:Read_12V_Voltage_mV	24	static
../Core/Src/Power_Electronic.c:196:5:Read_Thermistor_Temperature_C	88	static
../Core/Src/Power_Electronic.c:257:5:Enable_12V_Buck_Converter	8	static
../Core/Src/Power_Electronic.c:275:6:Disable_12V_Buck_Converter	8	static
../Core/Src/Power_Electronic.c:285:20:pack_u16_le	16	static
../Core/Src/Power_Electronic.c:291:8:CAN_Packer_24V_Bus_mV_2Byte	24	static
../Core/Src/Power_Electronic.c:302:8:CAN_Packer_12V_Bus_mV_2Byte	24	static
../Core/Src/Power_Electronic.c:313:8:CAN_Packer_HighSide_Module_Current_mA_2Byte	32	static
../Core/Src/Power_Electronic.c:326:8:CAN_Packer_24V_Bus_Current_mA_2Byte	24	static
../Core/Src/Power_Electronic.c:337:8:CAN_Packer_Thermistor_Temp_1Byte	32	static
