../Core/Src/Power_Electronic.c:46:5:Enable_HighSide_Power_Module	16	static
../Core/Src/Power_Electronic.c:67:5:Disable_HighSide_Power_Module	16	static
../Core/Src/Power_Electronic.c:92:5:Calibrate_ADC1	8	static
../Core/Src/Power_Electronic.c:100:5:Start_ADC1_DMA	8	static
../Core/Src/Power_Electronic.c:111:5:Read_HighSide_Module_Current_mA	32	static
../Core/Src/Power_Electronic.c:130:6:Read_24V_Bus_Current_mA	32	static
../Core/Src/Power_Electronic.c:138:6:Read_24V_Voltage_1DP	24	static
../Core/Src/Power_Electronic.c:146:6:Read_12V_Voltage_1DP	24	static
../Core/Src/Power_Electronic.c:158:5:Read_Thermistor_Temperature_C	72	static
../Core/Src/Power_Electronic.c:201:5:Enable_12V_Buck_Converter	16	static
../Core/Src/Power_Electronic.c:214:6:Disable_12V_Buck_Converter	8	static
../Core/Src/Power_Electronic.c:223:8:CAN_Packer_24V_Bus_2Byte	24	static
../Core/Src/Power_Electronic.c:236:8:CAN_Packer_12V_Bus_1Byte	24	static
../Core/Src/Power_Electronic.c:247:8:CAN_Packer_HighSide_Module_Current_1DP_1Byte	32	static
../Core/Src/Power_Electronic.c:263:8:CAN_Packer_24V_Bus_Current_1DP_2Byte	24	static
../Core/Src/Power_Electronic.c:276:8:CAN_Packer_Thermistor_Temp_1Byte	32	static
