../Core/Src/Power_Electronic.c:48:5:Enable_HighSide_Power_Module	16	static
../Core/Src/Power_Electronic.c:69:5:Disable_HighSide_Power_Module	16	static
../Core/Src/Power_Electronic.c:94:5:Calibrate_ADC1	8	static
../Core/Src/Power_Electronic.c:102:5:Start_ADC1_DMA	8	static
../Core/Src/Power_Electronic.c:113:5:Read_HighSide_Module_Current_mA	32	static
../Core/Src/Power_Electronic.c:132:6:Read_24V_Bus_Current_mA	32	static
../Core/Src/Power_Electronic.c:140:6:Read_24V_Voltage_1DP	24	static
../Core/Src/Power_Electronic.c:148:6:Read_12V_Voltage_1DP	24	static
../Core/Src/Power_Electronic.c:183:5:Read_Thermistor_Temperature_C	88	static
../Core/Src/Power_Electronic.c:244:5:Enable_12V_Buck_Converter	16	static
../Core/Src/Power_Electronic.c:257:6:Disable_12V_Buck_Converter	8	static
../Core/Src/Power_Electronic.c:266:8:CAN_Packer_24V_Bus_2Byte	24	static
../Core/Src/Power_Electronic.c:279:8:CAN_Packer_12V_Bus_1Byte	24	static
../Core/Src/Power_Electronic.c:290:8:CAN_Packer_HighSide_Module_Current_1DP_1Byte	32	static
../Core/Src/Power_Electronic.c:306:8:CAN_Packer_24V_Bus_Current_1DP_2Byte	24	static
../Core/Src/Power_Electronic.c:319:8:CAN_Packer_Thermistor_Temp_1Byte	32	static
