../Drivers/CMSIS/Include/core_cm0plus.h:985:34:__NVIC_SystemReset	8	static,ignoring_inline_asm
../Core/Src/can_operation.c:24:6:CAN_Init	40	static
../Core/Src/can_operation.c:53:6:CAN_Send	24	static
../Core/Src/can_operation.c:67:6:HAL_FDCAN_RxFifo0Callback	32	static
../Core/Src/can_operation.c:140:6:broadcastEEPROMData	24	static
../Core/Src/can_operation.c:154:6:braodcastLEDStatus	40	static
../Core/Src/can_operation.c:176:6:broadcastDeviceStatus	24	static
../Core/Src/can_operation.c:190:6:FOCdetection	8	static
