Archive member included to satisfy reference by file (symbol)

C:/ST/STM32CubeIDE_2.0.0/STM32CubeIDE/plugins/com.st.stm32cube.ide.mcu.externaltools.gnu-tools-for-stm32.13.3.rel1.win32_1.0.100.202509120712/tools/bin/../lib/gcc/arm-none-eabi/13.3.1/../../../../arm-none-eabi/lib/thumb/v6-m/nofp\libc_nano.a(libc_a-exit.o)
                              C:/ST/STM32CubeIDE_2.0.0/STM32CubeIDE/plugins/com.st.stm32cube.ide.mcu.externaltools.gnu-tools-for-stm32.13.3.rel1.win32_1.0.100.202509120712/tools/bin/../lib/gcc/arm-none-eabi/13.3.1/../../../../arm-none-eabi/lib/thumb/v6-m/nofp/crt0.o (exit)
C:/ST/STM32CubeIDE_2.0.0/STM32CubeIDE/plugins/com.st.stm32cube.ide.mcu.externaltools.gnu-tools-for-stm32.13.3.rel1.win32_1.0.100.202509120712/tools/bin/../lib/gcc/arm-none-eabi/13.3.1/../../../../arm-none-eabi/lib/thumb/v6-m/nofp\libc_nano.a(libc_a-findfp.o)
                              C:/ST/STM32CubeIDE_2.0.0/STM32CubeIDE/plugins/com.st.stm32cube.ide.mcu.externaltools.gnu-tools-for-stm32.13.3.rel1.win32_1.0.100.202509120712/tools/bin/../lib/gcc/arm-none-eabi/13.3.1/../../../../arm-none-eabi/lib/thumb/v6-m/nofp\libc_nano.a(libc_a-exit.o) (__stdio_exit_handler)
C:/ST/STM32CubeIDE_2.0.0/STM32CubeIDE/plugins/com.st.stm32cube.ide.mcu.externaltools.gnu-tools-for-stm32.13.3.rel1.win32_1.0.100.202509120712/tools/bin/../lib/gcc/arm-none-eabi/13.3.1/../../../../arm-none-eabi/lib/thumb/v6-m/nofp\libc_nano.a(libc_a-fwalk.o)
                              C:/ST/STM32CubeIDE_2.0.0/STM32CubeIDE/plugins/com.st.stm32cube.ide.mcu.externaltools.gnu-tools-for-stm32.13.3.rel1.win32_1.0.100.202509120712/tools/bin/../lib/gcc/arm-none-eabi/13.3.1/../../../../arm-none-eabi/lib/thumb/v6-m/nofp\libc_nano.a(libc_a-findfp.o) (_fwalk_sglue)
C:/ST/STM32CubeIDE_2.0.0/STM32CubeIDE/plugins/com.st.stm32cube.ide.mcu.externaltools.gnu-tools-for-stm32.13.3.rel1.win32_1.0.100.202509120712/tools/bin/../lib/gcc/arm-none-eabi/13.3.1/../../../../arm-none-eabi/lib/thumb/v6-m/nofp\libc_nano.a(libc_a-stdio.o)
                              C:/ST/STM32CubeIDE_2.0.0/STM32CubeIDE/plugins/com.st.stm32cube.ide.mcu.externaltools.gnu-tools-for-stm32.13.3.rel1.win32_1.0.100.202509120712/tools/bin/../lib/gcc/arm-none-eabi/13.3.1/../../../../arm-none-eabi/lib/thumb/v6-m/nofp\libc_nano.a(libc_a-findfp.o) (__sread)
C:/ST/STM32CubeIDE_2.0.0/STM32CubeIDE/plugins/com.st.stm32cube.ide.mcu.externaltools.gnu-tools-for-stm32.13.3.rel1.win32_1.0.100.202509120712/tools/bin/../lib/gcc/arm-none-eabi/13.3.1/../../../../arm-none-eabi/lib/thumb/v6-m/nofp\libc_nano.a(libc_a-memset.o)
                              C:/ST/STM32CubeIDE_2.0.0/STM32CubeIDE/plugins/com.st.stm32cube.ide.mcu.externaltools.gnu-tools-for-stm32.13.3.rel1.win32_1.0.100.202509120712/tools/bin/../lib/gcc/arm-none-eabi/13.3.1/../../../../arm-none-eabi/lib/thumb/v6-m/nofp/crt0.o (memset)
C:/ST/STM32CubeIDE_2.0.0/STM32CubeIDE/plugins/com.st.stm32cube.ide.mcu.externaltools.gnu-tools-for-stm32.13.3.rel1.win32_1.0.100.202509120712/tools/bin/../lib/gcc/arm-none-eabi/13.3.1/../../../../arm-none-eabi/lib/thumb/v6-m/nofp\libc_nano.a(libc_a-closer.o)
                              C:/ST/STM32CubeIDE_2.0.0/STM32CubeIDE/plugins/com.st.stm32cube.ide.mcu.externaltools.gnu-tools-for-stm32.13.3.rel1.win32_1.0.100.202509120712/tools/bin/../lib/gcc/arm-none-eabi/13.3.1/../../../../arm-none-eabi/lib/thumb/v6-m/nofp\libc_nano.a(libc_a-stdio.o) (_close_r)
C:/ST/STM32CubeIDE_2.0.0/STM32CubeIDE/plugins/com.st.stm32cube.ide.mcu.externaltools.gnu-tools-for-stm32.13.3.rel1.win32_1.0.100.202509120712/tools/bin/../lib/gcc/arm-none-eabi/13.3.1/../../../../arm-none-eabi/lib/thumb/v6-m/nofp\libc_nano.a(libc_a-reent.o)
                              C:/ST/STM32CubeIDE_2.0.0/STM32CubeIDE/plugins/com.st.stm32cube.ide.mcu.externaltools.gnu-tools-for-stm32.13.3.rel1.win32_1.0.100.202509120712/tools/bin/../lib/gcc/arm-none-eabi/13.3.1/../../../../arm-none-eabi/lib/thumb/v6-m/nofp\libc_nano.a(libc_a-closer.o) (errno)
C:/ST/STM32CubeIDE_2.0.0/STM32CubeIDE/plugins/com.st.stm32cube.ide.mcu.externaltools.gnu-tools-for-stm32.13.3.rel1.win32_1.0.100.202509120712/tools/bin/../lib/gcc/arm-none-eabi/13.3.1/../../../../arm-none-eabi/lib/thumb/v6-m/nofp\libc_nano.a(libc_a-impure.o)
                              C:/ST/STM32CubeIDE_2.0.0/STM32CubeIDE/plugins/com.st.stm32cube.ide.mcu.externaltools.gnu-tools-for-stm32.13.3.rel1.win32_1.0.100.202509120712/tools/bin/../lib/gcc/arm-none-eabi/13.3.1/../../../../arm-none-eabi/lib/thumb/v6-m/nofp\libc_nano.a(libc_a-reent.o) (_impure_ptr)
C:/ST/STM32CubeIDE_2.0.0/STM32CubeIDE/plugins/com.st.stm32cube.ide.mcu.externaltools.gnu-tools-for-stm32.13.3.rel1.win32_1.0.100.202509120712/tools/bin/../lib/gcc/arm-none-eabi/13.3.1/../../../../arm-none-eabi/lib/thumb/v6-m/nofp\libc_nano.a(libc_a-lseekr.o)
[...]
Memory Configuration

Name             Origin             Length             Attributes
RAM              0x20000000         0x00024000         xrw
FLASH            0x08003000         0x0007d000         xr
*default*        0x00000000         0xffffffff

Linker script and memory map

LOAD C:/ST/STM32CubeIDE_2.0.0/STM32CubeIDE/plugins/com.st.stm32cube.ide.mcu.externaltools.gnu-tools-for-stm32.13.3.rel1.win32_1.0.100.202509120712/tools/bin/../lib/gcc/arm-none-eabi/13.3.1/thumb/v6-m/nofp/crti.o
LOAD C:/ST/STM32CubeIDE_2.0.0/STM32CubeIDE/plugins/com.st.stm32cube.ide.mcu.externaltools.gnu-tools-for-stm32.13.3.rel1.win32_1.0.100.202509120712/tools/bin/../lib/gcc/arm-none-eabi/13.3.1/thumb/v6-m/nofp/crtbegin.o
LOAD C:/ST/STM32CubeIDE_2.0.0/STM32CubeIDE/plugins/com.st.stm32cube.ide.mcu.externaltools.gnu-tools-for-stm32.13.3.rel1.win32_1.0.100.202509120712/tools/bin/../lib/gcc/arm-none-eabi/13.3.1/../../../../arm-none-eabi/lib/thumb/v6-m/nofp/crt0.o
LOAD ./Core/Src/CAN_Handler.o
LOAD ./Core/Src/Core_System.o
LOAD ./Core/Src/ESTOP.o
LOAD ./Core/Src/Endstop.o
LOAD ./Core/Src/Fan_PWM.o
LOAD ./Core/Src/Power_Electronic.o
LOAD ./Core/Src/adc.o
LOAD ./Core/Src/dma.o
LOAD ./Core/Src/eeprom_driver.o
LOAD ./Core/Src/error_manager.o
LOAD ./Core/Src/fdcan.o
LOAD ./Core/Src/gpio.o
LOAD ./Core/Src/i2c.o
LOAD ./Core/Src/main.o
LOAD ./Core/Src/stm32g0xx_hal_msp.o
LOAD ./Core/Src/stm32g0xx_it.o
LOAD ./Core/Src/syscalls.o
LOAD ./Core/Src/sysmem.o
LOAD ./Core/Src/system_stm32g0xx.o
LOAD ./Core/Src/tim.o
LOAD ./Core/Startup/startup_stm32g0b1retx.o
LOAD ./Drivers/STM32G0xx_HAL_Driver/Src/stm32g0xx_hal.o
LOAD ./Drivers/STM32G0xx_HAL_Driver/Src/stm32g0xx_hal_adc.o
LOAD ./Drivers/STM32G0xx_HAL_Driver/Src/stm32g0xx_hal_adc_ex.o
LOAD ./Drivers/STM32G0xx_HAL_Driver/Src/stm32g0xx_hal_cortex.o
LOAD ./Drivers/STM32G0xx_HAL_Driver/Src/stm32g0xx_hal_dma.o
LOAD ./Drivers/STM32G0xx_HAL_Driver/Src/stm32g0xx_hal_dma_ex.o
LOAD ./Drivers/STM32G0xx_HAL_Driver/Src/stm32g0xx_hal_exti.o
LOAD ./Drivers/STM32G0xx_HAL_Driver/Src/stm32g0xx_hal_fdcan.o
LOAD ./Drivers/STM32G0xx_HAL_Driver/Src/stm32g0xx_hal_flash.o
LOAD ./Drivers/STM32G0xx_HAL_Driver/Src/stm32g0xx_hal_flash_ex.o
LOAD ./Drivers/STM32G0xx_HAL_Driver/Src/stm32g0xx_hal_gpio.o
LOAD ./Drivers/STM32G0xx_HAL_Driver/Src/stm32g0xx_hal_i2c.o
LOAD ./Drivers/STM32G0xx_HAL_Driver/Src/stm32g0xx_hal_i2c_ex.o
LOAD ./Drivers/STM32G0xx_HAL_Driver/Src/stm32g0xx_hal_pwr.o
LOAD ./Drivers/STM32G0xx_HAL_Driver/Src/stm32g0xx_hal_pwr_ex.o
LOAD ./Drivers/STM32G0xx_HAL_Driver/Src/stm32g0xx_hal_rcc.o
LOAD ./Drivers/STM32G0xx_HAL_Driver/Src/stm32g0xx_hal_rcc_ex.o
LOAD ./Drivers/STM32G0xx_HAL_Driver/Src/stm32g0xx_hal_tim.o
LOAD ./Drivers/STM32G0xx_HAL_Driver/Src/stm32g0xx_hal_tim_ex.o
LOAD ./Drivers/STM32G0xx_HAL_Driver/Src/stm32g0xx_ll_adc.o
LOAD ./Drivers/STM32G0xx_HAL_Driver/Src/stm32g0xx_ll_rcc.o
START GROUP
LOAD C:/ST/STM32CubeIDE_2.0.0/STM32CubeIDE/plugins/com.st.stm32cube.ide.mcu.externaltools.gnu-tools-for-stm32.13.3.rel1.win32_1.0.100.202509120712/tools/bin/../lib/gcc/arm-none-eabi/13.3.1/../../../../arm-none-eabi/lib/thumb/v6-m/nofp\libc_nano.a
LOAD C:/ST/STM32CubeIDE_2.0.0/STM32CubeIDE/plugins/com.st.stm32cube.ide.mcu.externaltools.gnu-tools-for-stm32.13.3.rel1.win32_1.0.100.202509120712/tools/bin/../lib/gcc/arm-none-eabi/13.3.1/../../../../arm-none-eabi/lib/thumb/v6-m/nofp\libm.a
END GROUP
START GROUP
LOAD C:/ST/STM32CubeIDE_2.0.0/STM32CubeIDE/plugins/com.st.stm32cube.ide.mcu.externaltools.gnu-tools-for-stm32.13.3.rel1.win32_1.0.100.202509120712/tools/bin/../lib/gcc/arm-none-eabi/13.3.1/thumb/v6-m/nofp\libgcc.a
LOAD C:/ST/STM32CubeIDE_2.0.0/STM32CubeIDE/plugins/com.st.stm32cube.ide.mcu.externaltools.gnu-tools-for-stm32.13.3.rel1.win32_1.0.100.202509120712/tools/bin/../lib/gcc/arm-none-eabi/13.3.1/../../../../arm-none-eabi/lib/thumb/v6-m/nofp\libc_nano.a
END GROUP
START GROUP
LOAD C:/ST/STM32CubeIDE_2.0.0/STM32CubeIDE/plugins/com.st.stm32cube.ide.mcu.externaltools.gnu-tools-for-stm32.13.3.rel1.win32_1.0.100.202509120712/tools/bin/../lib/gcc/arm-none-eabi/13.3.1/thumb/v6-m/nofp\libgcc.a
LOAD C:/ST/STM32CubeIDE_2.0.0/STM32CubeIDE/plugins/com.st.stm32cube.ide.mcu.externaltools.gnu-tools-for-stm32.13.3.rel1.win32_1.0.100.202509120712/tools/bin/../lib/gcc/arm-none-eabi/13.3.1/../../../../arm-none-eabi/lib/thumb/v6-m/nofp\libc_nano.a
LOAD C:/ST/STM32CubeIDE_2.0.0/STM32CubeIDE/plugins/com.st.stm32cube.ide.mcu.externaltools.gnu-tools-for-stm32.13.3.rel1.win32_1.0.100.202509120712/tools/bin/../lib/gcc/arm-none-eabi/13.3.1/../../../../arm-none-eabi/lib/thumb/v6-m/nofp\libnosys.a
END GROUP
START GROUP
LOAD C:/ST/STM32CubeIDE_2.0.0/STM32CubeIDE/plugins/com.st.stm32cube.ide.mcu.externaltools.gnu-tools-for-stm32.13.3.rel1.win32_1.0.100.202509120712/tools/bin/../lib/gcc/arm-none-eabi/13.3.1/thumb/v6-m/nofp\libgcc.a
LOAD C:/ST/STM32CubeIDE_2.0.0/STM32CubeIDE/plugins/com.st.stm32cube.ide.mcu.externaltools.gnu-tools-for-stm32.13.3.rel1.win32_1.0.100.202509120712/tools/bin/../lib/gcc/arm-none-eabi/13.3.1/../../../../arm-none-eabi/lib/thumb/v6-m/nofp\libc_nano.a
LOAD C:/ST/STM32CubeIDE_2.0.0/STM32CubeIDE/plugins/com.st.stm32cube.ide.mcu.externaltools.gnu-tools-for-stm32.13.3.rel1.win32_1.0.100.202509120712/tools/bin/../lib/gcc/arm-none-eabi/13.3.1/../../../../arm-none-eabi/lib/thumb/v6-m/nofp\libnosys.a
END GROUP
LOAD C:/ST/STM32CubeIDE_2.0.0/STM32CubeIDE/plugins/com.st.stm32cube.ide.mcu.externaltools.gnu-tools-for-stm32.13.3.rel1.win32_1.0.100.202509120712/tools/bin/../lib/gcc/arm-none-eabi/13.3.1/thumb/v6-m/nofp/crtend.o
LOAD C:/ST/STM32CubeIDE_2.0.0/STM32CubeIDE/plugins/com.st.stm32cube.ide.mcu.externaltools.gnu-tools-for-stm32.13.3.rel1.win32_1.0.100.202509120712/tools/bin/../lib/gcc/arm-none-eabi/13.3.1/thumb/v6-m/nofp/crtn.o
                0x20024000                        _estack = (ORIGIN (RAM) + LENGTH (RAM))
                0x00000200                        _Min_Heap_Size = 0x200
                0x00000400                        _Min_Stack_Size = 0x400

.isr_vector     0x08003000       0xbc
                0x08003000                        . = ALIGN (0x4)
 *(.isr_vector)
 .isr_vector    0x08003000       0xbc ./Core/Startup/startup_stm32g0b1retx.o
                0x08003000                g_pfnVectors
                0x080030bc                        . = ALIGN (0x4)

.text           0x080030bc     0xb678
                0x080030bc                        . = ALIGN (0x4)
 *(.text)
 .text          0x080030bc       0x48 C:/ST/STM32CubeIDE_2.0.0/STM32CubeIDE/plugins/com.st.stm32cube.ide.mcu.externaltools.gnu-tools-for-stm32.13.3.rel1.win32_1.0.100.202509120712/tools/bin/../lib/gcc/arm-none-eabi/13.3.1/thumb/v6-m/nofp/crtbegin.o
 .text          0x08003104      0x114 C:/ST/STM32CubeIDE_2.0.0/STM32CubeIDE/plugins/com.st.stm32cube.ide.mcu.externaltools.gnu-tools-for-stm32.13.3.rel1.win32_1.0.100.202509120712/tools/bin/../lib/gcc/arm-none-eabi/13.3.1/thumb/v6-m/nofp\libgcc.a(_udivsi3.o)
                0x08003104                __aeabi_uidiv
                0x08003104                __udivsi3
                0x08003210                __aeabi_uidivmod
 .text          0x08003218        0x4 C:/ST/STM32CubeIDE_2.0.0/STM32CubeIDE/plugins/com.st.stm32cube.ide.mcu.externaltools.gnu-tools-for-stm32.13.3.rel1.win32_1.0.100.202509120712/tools/bin/../lib/gcc/arm-none-eabi/13.3.1/thumb/v6-m/nofp\libgcc.a(_dvmd_tls.o)
                0x08003218                __aeabi_idiv0
                0x08003218                __aeabi_ldiv0
 .text          0x0800321c       0x74 C:/ST/STM32CubeIDE_2.0.0/STM32CubeIDE/plugins/com.st.stm32cube.ide.mcu.externaltools.gnu-tools-for-stm32.13.3.rel1.win32_1.0.100.202509120712/tools/bin/../lib/gcc/arm-none-eabi/13.3.1/thumb/v6-m/nofp\libgcc.a(_arm_cmpsf2.o)
                0x0800321c                __aeabi_cfrcmple
                0x08003224                __aeabi_cfcmpeq
                0x08003224                __aeabi_cfcmple
                0x08003234                __aeabi_fcmpeq
                0x08003240                __aeabi_fcmplt
                0x08003254                __aeabi_fcmple
                0x08003268                __aeabi_fcmpgt
                0x0800327c                __aeabi_fcmpge
 .text          0x08003290       0x30 C:/ST/STM32CubeIDE_2.0.0/STM32CubeIDE/plugins/com.st.stm32cube.ide.mcu.externaltools.gnu-tools-for-stm32.13.3.rel1.win32_1.0.100.202509120712/tools/bin/../lib/gcc/arm-none-eabi/13.3.1/thumb/v6-m/nofp\libgcc.a(_fixunssfsi.o)
                0x08003290                __fixunssfsi
                0x08003290                __aeabi_f2uiz
 .text          0x080032c0      0x3e4 C:/ST/STM32CubeIDE_2.0.0/STM32CubeIDE/plugins/com.st.stm32cube.ide.mcu.externaltools.gnu-tools-for-stm32.13.3.rel1.win32_1.0.100.202509120712/tools/bin/../lib/gcc/arm-none-eabi/13.3.1/thumb/v6-m/nofp\libgcc.a(addsf3.o)
                0x080032c0                __aeabi_fadd
 .text          0x080036a4      0x22c C:/ST/STM32CubeIDE_2.0.0/STM32CubeIDE/plugins/com.st.stm32cube.ide.mcu.externaltools.gnu-tools-for-stm32.13.3.rel1.win32_1.0.100.202509120712/tools/bin/../lib/gcc/arm-none-eabi/13.3.1/thumb/v6-m/nofp\libgcc.a(divsf3.o)
                0x080036a4                __aeabi_fdiv
 .text          0x080038d0       0x50 C:/ST/STM32CubeIDE_2.0.0/STM32CubeIDE/plugins/com.st.stm32cube.ide.mcu.externaltools.gnu-tools-for-stm32.13.3.rel1.win32_1.0.100.202509120712/tools/bin/../lib/gcc/arm-none-eabi/13.3.1/thumb/v6-m/nofp\libgcc.a(eqsf2.o)
                0x080038d0                __eqsf2
                0x080038d0                __nesf2
 .text          0x08003920       0x90 C:/ST/STM32CubeIDE_2.0.0/STM32CubeIDE/plugins/com.st.stm32cube.ide.mcu.externaltools.gnu-tools-for-stm32.13.3.rel1.win32_1.0.100.202509120712/tools/bin/../lib/gcc/arm-none-eabi/13.3.1/thumb/v6-m/nofp\libgcc.a(gesf2.o)
                0x08003920                __gesf2
                0x08003920                __gtsf2
 .text          0x080039b0       0x90 C:/ST/STM32CubeIDE_2.0.0/STM32CubeIDE/plugins/com.st.stm32cube.ide.mcu.externaltools.gnu-tools-for-stm32.13.3.rel1.win32_1.0.100.202509120712/tools/bin/../lib/gcc/arm-none-eabi/13.3.1/thumb/v6-m/nofp\libgcc.a(lesf2.o)
                0x080039b0                __ltsf2
                0x080039b0                __lesf2
 .text          0x08003a40      0x2b4 C:/ST/STM32CubeIDE_2.0.0/STM32CubeIDE/plugins/com.st.stm32cube.ide.mcu.externaltools.gnu-tools-for-stm32.13.3.rel1.win32_1.0.100.202509120712/tools/bin/../lib/gcc/arm-none-eabi/13.3.1/thumb/v6-m/nofp\libgcc.a(mulsf3.o)
                0x08003a40                __aeabi_fmul
 .text          0x08003cf4      0x4c8 C:/ST/STM32CubeIDE_2.0.0/STM32CubeIDE/plugins/com.st.stm32cube.ide.mcu.externaltools.gnu-tools-for-stm32.13.3.rel1.win32_1.0.100.202509120712/tools/bin/../lib/gcc/arm-none-eabi/13.3.1/thumb/v6-m/nofp\libgcc.a(subsf3.o)
                0x08003cf4                __aeabi_fsub
 .text          0x080041bc       0x2c C:/ST/STM32CubeIDE_2.0.0/STM32CubeIDE/plugins/com.st.stm32cube.ide.mcu.externaltools.gnu-tools-for-stm32.13.3.rel1.win32_1.0.100.202509120712/tools/bin/../lib/gcc/arm-none-eabi/13.3.1/thumb/v6-m/nofp\libgcc.a(unordsf2.o)
                0x080041bc                __aeabi_fcmpun
 .text          0x080041e8       0x40 C:/ST/STM32CubeIDE_2.0.0/STM32CubeIDE/plugins/com.st.stm32cube.ide.mcu.externaltools.gnu-tools-for-stm32.13.3.rel1.win32_1.0.100.202509120712/tools/bin/../lib/gcc/arm-none-eabi/13.3.1/thumb/v6-m/nofp\libgcc.a(fixsfsi.o)
                0x080041e8                __aeabi_f2iz
 .text          0x08004228       0xa0 C:/ST/STM32CubeIDE_2.0.0/STM32CubeIDE/plugins/com.st.stm32cube.ide.mcu.externaltools.gnu-tools-for-stm32.13.3.rel1.win32_1.0.100.202509120712/tools/bin/../lib/gcc/arm-none-eabi/13.3.1/thumb/v6-m/nofp\libgcc.a(floatsisf.o)
                0x08004228                __aeabi_i2f
 .text          0x080042c8       0x3c C:/ST/STM32CubeIDE_2.0.0/STM32CubeIDE/plugins/com.st.stm32cube.ide.mcu.externaltools.gnu-tools-for-stm32.13.3.rel1.win32_1.0.100.202509120712/tools/bin/../lib/gcc/arm-none-eabi/13.3.1/thumb/v6-m/nofp\libgcc.a(_clzsi2.o)
                0x080042c8                __clzsi2
 *(.text*)
 .text.can_register_handler
                0x08004304       0x5c ./Core/Src/CAN_Handler.o
                0x08004304                can_register_handler
 .text.dlc_to_bytes
                0x08004360       0x68 ./Core/Src/CAN_Handler.o
 .text.EnqueueCanFrame
                0x080043c8       0x68 ./Core/Src/CAN_Handler.o
                0x080043c8                EnqueueCanFrame
 .text.DequeueCanFrame
                0x08004430       0x5c ./Core/Src/CAN_Handler.o
                0x08004430                DequeueCanFrame
 .text.HAL_FDCAN_RxFifo0Callback
                0x0800448c       0x90 ./Core/Src/CAN_Handler.o
                0x0800448c                HAL_FDCAN_RxFifo0Callback
 .text.VectorBase_Config
                0x0800451c       0x18 ./Core/Src/CAN_Handler.o
 .text.Pre_CAN_Handler_Init
                0x08004534        0xe ./Core/Src/CAN_Handler.o
                0x08004534                Pre_CAN_Handler_Init
 *fill*         0x08004542        0x2 
 .text.CAN_Handler_Init
                0x08004544       0xc0 ./Core/Src/CAN_Handler.o
                0x08004544                CAN_Handler_Init
 .text.CAN_Handler_Dispatch_Process_One
                0x08004604       0x9c ./Core/Src/CAN_Handler.o
                0x08004604                CAN_Handler_Dispatch_Process_One
 .text.CAN_Handler_Broadcast
                0x080046a0      0x1b0 ./Core/Src/CAN_Handler.o
                0x080046a0                CAN_Handler_Broadcast
 .text.handle_set_test_LED
                0x08004850       0x38 ./Core/Src/CAN_Handler.o
 .text.send_ack
                0x08004888       0x32 ./Core/Src/CAN_Handler.o
                0x08004888                send_ack
 .text.send_nack
                0x080048ba       0x32 ./Core/Src/CAN_Handler.o
                0x080048ba                send_nack
 .text.CoreSystem_PeriodicTasks
                0x080048ec       0x16 ./Core/Src/Core_System.o
                0x080048ec                CoreSystem_PeriodicTasks
 .text.CoreSystem_Normal
                0x08004902        0xe ./Core/Src/Core_System.o
                0x08004902                CoreSystem_Normal
 .text.CoreSystem_Recovery
                0x08004910        0xe ./Core/Src/Core_System.o
                0x08004910                CoreSystem_Recovery
 .text.CoreSystem_Error
                0x0800491e        0xe ./Core/Src/Core_System.o
                0x0800491e                CoreSystem_Error
 .text.CoreSystem_TOP
                0x0800492c       0x46 ./Core/Src/Core_System.o
                0x0800492c                CoreSystem_TOP
 *fill*         0x08004972        0x2 
 .text.ESTOP_Check
                0x08004974       0x68 ./Core/Src/ESTOP.o
                0x08004974                ESTOP_Check
 .text.ESTOP_State_Machine
                0x080049dc       0xb8 ./Core/Src/ESTOP.o
                0x080049dc                ESTOP_State_Machine
 .text.Endstop_Check
                0x08004a94      0x1ac ./Core/Src/Endstop.o
                0x08004a94                Endstop_Check
 .text.CAN_Packer_Endstop_and_ESTOP_2Byte
                0x08004c40       0xdc ./Core/Src/Endstop.o
                0x08004c40                CAN_Packer_Endstop_and_ESTOP_2Byte
 .text.CAN_Handle_set_Fan_PWM
                0x08004d1c       0x44 ./Core/Src/Fan_PWM.o
                0x08004d1c                CAN_Handle_set_Fan_PWM
 .text.set_Fan_PWM
                0x08004d60      0x118 ./Core/Src/Fan_PWM.o
                0x08004d60                set_Fan_PWM
 .text.start_all_Fan_PWM
                0x08004e78       0x60 ./Core/Src/Fan_PWM.o
                0x08004e78                start_all_Fan_PWM
 .text.Fan_Tacho_Speed_Calculate
                0x08004ed8      0x140 ./Core/Src/Fan_PWM.o
                0x08004ed8                Fan_Tacho_Speed_Calculate
 .text.CAN_Packer_Fan_Speed_1Byte
                0x08005018       0x4e ./Core/Src/Fan_PWM.o
                0x08005018                CAN_Packer_Fan_Speed_1Byte
 *fill*         0x08005066        0x2 
 .text.Enable_HighSide_Power_Module
                0x08005068      0x120 ./Core/Src/Power_Electronic.o
                0x08005068                Enable_HighSide_Power_Module
 .text.Disable_HighSide_Power_Module
                0x08005188       0x60 ./Core/Src/Power_Electronic.o
                0x08005188                Disable_HighSide_Power_Module
 .text.Disable_HighSide_Power_All
                0x080051e8       0x50 ./Core/Src/Power_Electronic.o
                0x080051e8                Disable_HighSide_Power_All
 .text.Calibrate_ADC1
                0x08005238       0x2c ./Core/Src/Power_Electronic.o
                0x08005238                Calibrate_ADC1
 .text.Start_ADC1_DMA
                0x08005264       0x2c ./Core/Src/Power_Electronic.o
                0x08005264                Start_ADC1_DMA
 .text.Read_HighSide_Module_Current_mA
                0x08005290       0xb0 ./Core/Src/Power_Electronic.o
                0x08005290                Read_HighSide_Module_Current_mA
 .text.Read_24V_Bus_Current_mA
                0x08005340       0x74 ./Core/Src/Power_Electronic.o
                0x08005340                Read_24V_Bus_Current_mA
 .text.Read_24V_Voltage_1DP
                0x080053b4       0x74 ./Core/Src/Power_Electronic.o
                0x080053b4                Read_24V_Voltage_1DP
 .text.Read_12V_Voltage_1DP
                0x08005428       0x74 ./Core/Src/Power_Electronic.o
                0x08005428                Read_12V_Voltage_1DP
 .text.Read_Thermistor_Temperature_C
                0x0800549c      0x15c ./Core/Src/Power_Electronic.o
                0x0800549c                Read_Thermistor_Temperature_C
 .text.Shutdown_Protection
                0x080055f8      0x1e0 ./Core/Src/Power_Electronic.o
                0x080055f8                Shutdown_Protection
 .text.Shutdown_Protection_ResetState
                0x080057d8       0x24 ./Core/Src/Power_Electronic.o
                0x080057d8                Shutdown_Protection_ResetState
 .text.CAN_Handler_Set_HS_Drive_Power
                0x080057fc       0x86 ./Core/Src/Power_Electronic.o
                0x080057fc                CAN_Handler_Set_HS_Drive_Power
 .text.CAN_Handler_Set_HS_Extruder_Power
                0x08005882       0x86 ./Core/Src/Power_Electronic.o
                0x08005882                CAN_Handler_Set_HS_Extruder_Power
 .text.CAN_Handler_Set_HS_Scrubbing_Power
                0x08005908       0x86 ./Core/Src/Power_Electronic.o
                0x08005908                CAN_Handler_Set_HS_Scrubbing_Power
 *fill*         0x0800598e        0x2 
 .text.CAN_Packer_24V_Bus_2Byte
                0x08005990       0x68 ./Core/Src/Power_Electronic.o
                0x08005990                CAN_Packer_24V_Bus_2Byte
 .text.CAN_Packer_12V_Bus_1Byte
                0x080059f8       0x4e ./Core/Src/Power_Electronic.o
                0x080059f8                CAN_Packer_12V_Bus_1Byte
 .text.CAN_Packer_HighSide_Module_Current_1DP_1Byte
                0x08005a46       0x86 ./Core/Src/Power_Electronic.o
                0x08005a46                CAN_Packer_HighSide_Module_Current_1DP_1Byte
 .text.CAN_Packer_24V_Bus_Current_1DP_2Byte
                0x08005acc       0x62 ./Core/Src/Power_Electronic.o
                0x08005acc                CAN_Packer_24V_Bus_Current_1DP_2Byte
 .text.CAN_Packer_Thermistor_Temp_1Byte
                0x08005b2e       0x70 ./Core/Src/Power_Electronic.o
                0x08005b2e                CAN_Packer_Thermistor_Temp_1Byte
 *fill*         0x08005b9e        0x2 
 .text.CAN_Packer_Protection_State_1Byte
                0x08005ba0       0xac ./Core/Src/Power_Electronic.o
                0x08005ba0                CAN_Packer_Protection_State_1Byte
 .text.MX_ADC1_Init
                0x08005c4c      0x20c ./Core/Src/adc.o
                0x08005c4c                MX_ADC1_Init
 .text.HAL_ADC_MspInit
                0x08005e58      0x124 ./Core/Src/adc.o
                0x08005e58                HAL_ADC_MspInit
 .text.MX_DMA_Init
                0x08005f7c       0x5c ./Core/Src/dma.o
                0x08005f7c                MX_DMA_Init
 .text.LoadDefault
                0x08005fd8      0x130 ./Core/Src/eeprom_driver.o
                0x08005fd8                LoadDefault
 .text.checkcfg
                0x08006108       0x2c ./Core/Src/eeprom_driver.o
                0x08006108                checkcfg
 .text.bytes_to_write
                0x08006134       0x38 ./Core/Src/eeprom_driver.o
                0x08006134                bytes_to_write
 .text.EEPROM_Write
                0x0800616c      0x158 ./Core/Src/eeprom_driver.o
                0x0800616c                EEPROM_Write
 .text.EEPROM_Read
                0x080062c4      0x128 ./Core/Src/eeprom_driver.o
                0x080062c4                EEPROM_Read
 .text.EEPROM_Write_Config
                0x080063ec       0x60 ./Core/Src/eeprom_driver.o
                0x080063ec                EEPROM_Write_Config
 .text.EEPROM_Read_Config
                0x0800644c       0x2c ./Core/Src/eeprom_driver.o
                0x0800644c                EEPROM_Read_Config
 .text.EEPROM_SanitizeConfig
                0x08006478      0x364 ./Core/Src/eeprom_driver.o
 .text.EEPROM_Init
                0x080067dc      0x108 ./Core/Src/eeprom_driver.o
                0x080067dc                EEPROM_Init
 .text.EEPROM_GetCachedConfig
                0x080068e4       0x20 ./Core/Src/eeprom_driver.o
                0x080068e4                EEPROM_GetCachedConfig
 .text.CAN_Handler_EEPROM_Write_Config
                0x08006904      0x2b0 ./Core/Src/eeprom_driver.o
                0x08006904                CAN_Handler_EEPROM_Write_Config
 .text.CAN_Handler_EEPROM_Read_Config
                0x08006bb4      0x154 ./Core/Src/eeprom_driver.o
                0x08006bb4                CAN_Handler_EEPROM_Read_Config
 .text.Error_Manager_Init
                0x08006d08       0x68 ./Core/Src/error_manager.o
                0x08006d08                Error_Manager_Init
 .text.Error_Manager_Log
                0x08006d70      0x104 ./Core/Src/error_manager.o
                0x08006d70                Error_Manager_Log
 .text.Error_Manager_GetState
                0x08006e74       0x14 ./Core/Src/error_manager.o
                0x08006e74                Error_Manager_GetState
 .text.Error_Manager_IsPowerAllowed
                0x08006e88       0x2c ./Core/Src/error_manager.o
                0x08006e88                Error_Manager_IsPowerAllowed
 .text.Error_Manager_EnforceState
                0x08006eb4       0x84 ./Core/Src/error_manager.o
                0x08006eb4                Error_Manager_EnforceState
 .text.CAN_Handler_Dump_Errors
                0x08006f38      0x140 ./Core/Src/error_manager.o
                0x08006f38                CAN_Handler_Dump_Errors
 .text.CAN_Handler_Reset_Error
                0x08007078       0xa0 ./Core/Src/error_manager.o
                0x08007078                CAN_Handler_Reset_Error
 .text.Error_Manager_AttemptRecovery
                0x08007118      0x1e4 ./Core/Src/error_manager.o
                0x08007118                Error_Manager_AttemptRecovery
 .text.dlc_bytes_to_fdcan_dlc
                0x080072fc       0x4c ./Core/Src/fdcan.o
 .text.FDCAN_SendFrame
                0x08007348       0xb8 ./Core/Src/fdcan.o
                0x08007348                FDCAN_SendFrame
 .text.MX_FDCAN1_Init
                0x08007400       0xdc ./Core/Src/fdcan.o
                0x08007400                MX_FDCAN1_Init
 .text.HAL_FDCAN_MspInit
                0x080074dc       0xd8 ./Core/Src/fdcan.o
                0x080074dc                HAL_FDCAN_MspInit
 .text.MX_GPIO_Init
                0x080075b4      0x204 ./Core/Src/gpio.o
                0x080075b4                MX_GPIO_Init
 .text.MX_I2C1_Init
                0x080077b8       0x80 ./Core/Src/i2c.o
                0x080077b8                MX_I2C1_Init
 .text.HAL_I2C_MspInit
                0x08007838       0xc4 ./Core/Src/i2c.o
                0x08007838                HAL_I2C_MspInit
 .text.main     0x080078fc       0x70 ./Core/Src/main.o
                0x080078fc                main
 .text.SystemClock_Config
                0x0800796c       0xb0 ./Core/Src/main.o
                0x0800796c                SystemClock_Config
 .text.Error_Handler
                0x08007a1c        0xc ./Core/Src/main.o
                0x08007a1c                Error_Handler
 .text.HAL_MspInit
                0x08007a28       0x50 ./Core/Src/stm32g0xx_hal_msp.o
                0x08007a28                HAL_MspInit
 .text.NMI_Handler
                0x08007a78        0x8 ./Core/Src/stm32g0xx_it.o
                0x08007a78                NMI_Handler
 .text.HardFault_Handler
                0x08007a80        0x8 ./Core/Src/stm32g0xx_it.o
                0x08007a80                HardFault_Handler
 .text.SVC_Handler
                0x08007a88        0xa ./Core/Src/stm32g0xx_it.o
                0x08007a88                SVC_Handler
 .text.PendSV_Handler
                0x08007a92        0xa ./Core/Src/stm32g0xx_it.o
                0x08007a92                PendSV_Handler
 .text.SysTick_Handler
                0x08007a9c        0xe ./Core/Src/stm32g0xx_it.o
                0x08007a9c                SysTick_Handler
 *fill*         0x08007aaa        0x2 
 .text.DMA1_Channel1_IRQHandler
                0x08007aac       0x18 ./Core/Src/stm32g0xx_it.o
                0x08007aac                DMA1_Channel1_IRQHandler
 .text.DMA1_Channel2_3_IRQHandler
                0x08007ac4       0x24 ./Core/Src/stm32g0xx_it.o
                0x08007ac4                DMA1_Channel2_3_IRQHandler
 .text.DMA1_Ch4_7_DMA2_Ch1_5_DMAMUX1_OVR_IRQHandler
                0x08007ae8       0x24 ./Core/Src/stm32g0xx_it.o
                0x08007ae8                DMA1_Ch4_7_DMA2_Ch1_5_DMAMUX1_OVR_IRQHandler
 .text.TIM16_FDCAN_IT0_IRQHandler
                0x08007b0c       0x18 ./Core/Src/stm32g0xx_it.o
                0x08007b0c                TIM16_FDCAN_IT0_IRQHandler
 .text.SystemInit
                0x08007b24        0xa ./Core/Src/system_stm32g0xx.o
                0x08007b24                SystemInit
 *fill*         0x08007b2e        0x2 
 .text.MX_TIM1_Init
                0x08007b30      0x1d4 ./Core/Src/tim.o
                0x08007b30                MX_TIM1_Init
 .text.MX_TIM2_Init
                0x08007d04      0x134 ./Core/Src/tim.o
                0x08007d04                MX_TIM2_Init
 .text.MX_TIM3_Init
                0x08007e38       0xfc ./Core/Src/tim.o
                0x08007e38                MX_TIM3_Init
 .text.MX_TIM14_Init
                0x08007f34       0x9c ./Core/Src/tim.o
                0x08007f34                MX_TIM14_Init
 .text.HAL_TIM_Base_MspInit
                0x08007fd0      0x348 ./Core/Src/tim.o
                0x08007fd0                HAL_TIM_Base_MspInit
 .text.HAL_TIM_MspPostInit
                0x08008318       0xd4 ./Core/Src/tim.o
                0x08008318                HAL_TIM_MspPostInit
 .text.Reset_Handler
                0x080083ec       0x50 ./Core/Startup/startup_stm32g0b1retx.o
                0x080083ec                Reset_Handler
 .text.Default_Handler
                0x0800843c        0x2 ./Core/Startup/startup_stm32g0b1retx.o
                0x0800843c                I2C2_3_IRQHandler
                0x0800843c                USART3_4_5_6_LPUART1_IRQHandler
                0x0800843c                TIM1_CC_IRQHandler
                0x0800843c                ADC1_COMP_IRQHandler
                0x0800843c                I2C1_IRQHandler
                0x0800843c                TIM7_LPTIM2_IRQHandler
                0x0800843c                TIM17_FDCAN_IT1_IRQHandler
                0x0800843c                RCC_CRS_IRQHandler
                0x0800843c                RTC_TAMP_IRQHandler
                0x0800843c                SPI1_IRQHandler
                0x0800843c                USB_UCPD1_2_IRQHandler
                0x0800843c                EXTI2_3_IRQHandler
                0x0800843c                USART2_LPUART2_IRQHandler
                0x0800843c                PVD_VDDIO2_IRQHandler
                0x0800843c                EXTI4_15_IRQHandler
                0x0800843c                Default_Handler
                0x0800843c                CEC_IRQHandler
                0x0800843c                TIM14_IRQHandler
                0x0800843c                TIM15_IRQHandler
                0x0800843c                TIM3_TIM4_IRQHandler
                0x0800843c                EXTI0_1_IRQHandler
                0x0800843c                SPI2_3_IRQHandler
                0x0800843c                TIM6_DAC_LPTIM1_IRQHandler
                0x0800843c                WWDG_IRQHandler
                0x0800843c                TIM2_IRQHandler
                0x0800843c                FLASH_IRQHandler
                0x0800843c                USART1_IRQHandler
                0x0800843c                TIM1_BRK_UP_TRG_COM_IRQHandler
 *fill*         0x0800843e        0x2 
 .text.HAL_Init
                0x08008440       0x40 ./Drivers/STM32G0xx_HAL_Driver/Src/stm32g0xx_hal.o
                0x08008440                HAL_Init
 .text.HAL_InitTick
                0x08008480       0x94 ./Drivers/STM32G0xx_HAL_Driver/Src/stm32g0xx_hal.o
                0x08008480                HAL_InitTick
 .text.HAL_IncTick
                0x08008514       0x24 ./Drivers/STM32G0xx_HAL_Driver/Src/stm32g0xx_hal.o
                0x08008514                HAL_IncTick
 .text.HAL_GetTick
                0x08008538       0x14 ./Drivers/STM32G0xx_HAL_Driver/Src/stm32g0xx_hal.o
                0x08008538                HAL_GetTick
 .text.HAL_Delay
                0x0800854c       0x48 ./Drivers/STM32G0xx_HAL_Driver/Src/stm32g0xx_hal.o
                0x0800854c                HAL_Delay
 .text.HAL_SYSCFG_StrobeDBattpinsConfig
                0x08008594       0x2c ./Drivers/STM32G0xx_HAL_Driver/Src/stm32g0xx_hal.o
                0x08008594                HAL_SYSCFG_StrobeDBattpinsConfig
 .text.LL_ADC_SetCommonPathInternalCh
                0x080085c0       0x28 ./Drivers/STM32G0xx_HAL_Driver/Src/stm32g0xx_hal_adc.o
 .text.LL_ADC_GetCommonPathInternalCh
                0x080085e8       0x1a ./Drivers/STM32G0xx_HAL_Driver/Src/stm32g0xx_hal_adc.o
 .text.LL_ADC_SetSamplingTimeCommonChannels
                0x08008602       0x3a ./Drivers/STM32G0xx_HAL_Driver/Src/stm32g0xx_hal_adc.o
 .text.LL_ADC_GetSamplingTimeCommonChannels
                0x0800863c       0x2e ./Drivers/STM32G0xx_HAL_Driver/Src/stm32g0xx_hal_adc.o
 .text.LL_ADC_REG_IsTriggerSourceSWStart
                0x0800866a       0x22 ./Drivers/STM32G0xx_HAL_Driver/Src/stm32g0xx_hal_adc.o
 .text.LL_ADC_REG_SetSequencerRanks
                0x0800868c       0x40 ./Drivers/STM32G0xx_HAL_Driver/Src/stm32g0xx_hal_adc.o
 .text.LL_ADC_REG_SetSequencerChAdd
                0x080086cc       0x22 ./Drivers/STM32G0xx_HAL_Driver/Src/stm32g0xx_hal_adc.o
 .text.LL_ADC_REG_SetSequencerChRem
                0x080086ee       0x24 ./Drivers/STM32G0xx_HAL_Driver/Src/stm32g0xx_hal_adc.o
 *fill*         0x08008712        0x2 
 .text.LL_ADC_SetChannelSamplingTime
                0x08008714       0x38 ./Drivers/STM32G0xx_HAL_Driver/Src/stm32g0xx_hal_adc.o
 .text.LL_ADC_EnableInternalRegulator
                0x0800874c       0x28 ./Drivers/STM32G0xx_HAL_Driver/Src/stm32g0xx_hal_adc.o
 .text.LL_ADC_IsInternalRegulatorEnabled
                0x08008774       0x28 ./Drivers/STM32G0xx_HAL_Driver/Src/stm32g0xx_hal_adc.o
 .text.LL_ADC_Enable
                0x0800879c       0x24 ./Drivers/STM32G0xx_HAL_Driver/Src/stm32g0xx_hal_adc.o
 .text.LL_ADC_Disable
                0x080087c0       0x24 ./Drivers/STM32G0xx_HAL_Driver/Src/stm32g0xx_hal_adc.o
 .text.LL_ADC_IsEnabled
                0x080087e4       0x22 ./Drivers/STM32G0xx_HAL_Driver/Src/stm32g0xx_hal_adc.o
 .text.LL_ADC_IsDisableOngoing
                0x08008806       0x22 ./Drivers/STM32G0xx_HAL_Driver/Src/stm32g0xx_hal_adc.o
 .text.LL_ADC_REG_StartConversion
                0x08008828       0x24 ./Drivers/STM32G0xx_HAL_Driver/Src/stm32g0xx_hal_adc.o
 .text.LL_ADC_REG_StopConversion
                0x0800884c       0x24 ./Drivers/STM32G0xx_HAL_Driver/Src/stm32g0xx_hal_adc.o
 .text.LL_ADC_REG_IsConversionOngoing
                0x08008870       0x22 ./Drivers/STM32G0xx_HAL_Driver/Src/stm32g0xx_hal_adc.o
 *fill*         0x08008892        0x2 
 .text.HAL_ADC_Init
                0x08008894      0x350 ./Drivers/STM32G0xx_HAL_Driver/Src/stm32g0xx_hal_adc.o
                0x08008894                HAL_ADC_Init
 .text.HAL_ADC_Stop
                0x08008be4       0x78 ./Drivers/STM32G0xx_HAL_Driver/Src/stm32g0xx_hal_adc.o
                0x08008be4                HAL_ADC_Stop
 .text.HAL_ADC_Start_DMA
                0x08008c5c      0x11c ./Drivers/STM32G0xx_HAL_Driver/Src/stm32g0xx_hal_adc.o
                0x08008c5c                HAL_ADC_Start_DMA
 .text.HAL_ADC_ConvCpltCallback
                0x08008d78       0x10 ./Drivers/STM32G0xx_HAL_Driver/Src/stm32g0xx_hal_adc.o
                0x08008d78                HAL_ADC_ConvCpltCallback
 .text.HAL_ADC_ConvHalfCpltCallback
                0x08008d88       0x10 ./Drivers/STM32G0xx_HAL_Driver/Src/stm32g0xx_hal_adc.o
                0x08008d88                HAL_ADC_ConvHalfCpltCallback
 .text.HAL_ADC_ErrorCallback
                0x08008d98       0x10 ./Drivers/STM32G0xx_HAL_Driver/Src/stm32g0xx_hal_adc.o
                0x08008d98                HAL_ADC_ErrorCallback
 .text.HAL_ADC_ConfigChannel
                0x08008da8      0x3b0 ./Drivers/STM32G0xx_HAL_Driver/Src/stm32g0xx_hal_adc.o
                0x08008da8                HAL_ADC_ConfigChannel
 .text.ADC_ConversionStop
                0x08009158       0x84 ./Drivers/STM32G0xx_HAL_Driver/Src/stm32g0xx_hal_adc.o
                0x08009158                ADC_ConversionStop
 .text.ADC_Enable
                0x080091dc      0x10c ./Drivers/STM32G0xx_HAL_Driver/Src/stm32g0xx_hal_adc.o
                0x080091dc                ADC_Enable
 .text.ADC_Disable
                0x080092e8       0xbc ./Drivers/STM32G0xx_HAL_Driver/Src/stm32g0xx_hal_adc.o
                0x080092e8                ADC_Disable
 .text.ADC_DMAConvCplt
                0x080093a4       0xc8 ./Drivers/STM32G0xx_HAL_Driver/Src/stm32g0xx_hal_adc.o
 .text.ADC_DMAHalfConvCplt
                0x0800946c       0x1e ./Drivers/STM32G0xx_HAL_Driver/Src/stm32g0xx_hal_adc.o
 .text.ADC_DMAError
                0x0800948a       0x36 ./Drivers/STM32G0xx_HAL_Driver/Src/stm32g0xx_hal_adc.o
 .text.LL_ADC_GetCommonClock
                0x080094c0       0x1a ./Drivers/STM32G0xx_HAL_Driver/Src/stm32g0xx_hal_adc_ex.o
 .text.LL_ADC_GetClock
                0x080094da       0x18 ./Drivers/STM32G0xx_HAL_Driver/Src/stm32g0xx_hal_adc_ex.o
 .text.LL_ADC_SetCalibrationFactor
                0x080094f2       0x28 ./Drivers/STM32G0xx_HAL_Driver/Src/stm32g0xx_hal_adc_ex.o
 .text.LL_ADC_GetCalibrationFactor
                0x0800951a       0x1a ./Drivers/STM32G0xx_HAL_Driver/Src/stm32g0xx_hal_adc_ex.o
 .text.LL_ADC_Enable
                0x08009534       0x24 ./Drivers/STM32G0xx_HAL_Driver/Src/stm32g0xx_hal_adc_ex.o
 .text.LL_ADC_Disable
                0x08009558       0x24 ./Drivers/STM32G0xx_HAL_Driver/Src/stm32g0xx_hal_adc_ex.o
 .text.LL_ADC_IsEnabled
                0x0800957c       0x22 ./Drivers/STM32G0xx_HAL_Driver/Src/stm32g0xx_hal_adc_ex.o
 *fill*         0x0800959e        0x2 
 .text.LL_ADC_StartCalibration
                0x080095a0       0x28 ./Drivers/STM32G0xx_HAL_Driver/Src/stm32g0xx_hal_adc_ex.o
 .text.LL_ADC_IsCalibrationOnGoing
                0x080095c8       0x26 ./Drivers/STM32G0xx_HAL_Driver/Src/stm32g0xx_hal_adc_ex.o
 *fill*         0x080095ee        0x2 
 .text.HAL_ADCEx_Calibration_Start
                0x080095f0      0x1f8 ./Drivers/STM32G0xx_HAL_Driver/Src/stm32g0xx_hal_adc_ex.o
                0x080095f0                HAL_ADCEx_Calibration_Start
 .text.__NVIC_EnableIRQ
                0x080097e8       0x34 ./Drivers/STM32G0xx_HAL_Driver/Src/stm32g0xx_hal_cortex.o
 .text.__NVIC_SetPriority
                0x0800981c       0xdc ./Drivers/STM32G0xx_HAL_Driver/Src/stm32g0xx_hal_cortex.o
 .text.__NVIC_SystemReset
                0x080098f8       0x24 ./Drivers/STM32G0xx_HAL_Driver/Src/stm32g0xx_hal_cortex.o
 .text.SysTick_Config
                0x0800991c       0x48 ./Drivers/STM32G0xx_HAL_Driver/Src/stm32g0xx_hal_cortex.o
 .text.HAL_NVIC_SetPriority
                0x08009964       0x2a ./Drivers/STM32G0xx_HAL_Driver/Src/stm32g0xx_hal_cortex.o
                0x08009964                HAL_NVIC_SetPriority
 .text.HAL_NVIC_EnableIRQ
                0x0800998e       0x20 ./Drivers/STM32G0xx_HAL_Driver/Src/stm32g0xx_hal_cortex.o
                0x0800998e                HAL_NVIC_EnableIRQ
 .text.HAL_NVIC_SystemReset
                0x080099ae        0x8 ./Drivers/STM32G0xx_HAL_Driver/Src/stm32g0xx_hal_cortex.o
                0x080099ae                HAL_NVIC_SystemReset
 .text.HAL_SYSTICK_Config
                0x080099b6       0x1a ./Drivers/STM32G0xx_HAL_Driver/Src/stm32g0xx_hal_cortex.o
                0x080099b6                HAL_SYSTICK_Config
 .text.HAL_DMA_Init
                0x080099d0      0x158 ./Drivers/STM32G0xx_HAL_Driver/Src/stm32g0xx_hal_dma.o
                0x080099d0                HAL_DMA_Init
 .text.HAL_DMA_Start_IT
                0x08009b28      0x10c ./Drivers/STM32G0xx_HAL_Driver/Src/stm32g0xx_hal_dma.o
                0x08009b28                HAL_DMA_Start_IT
 .text.HAL_DMA_IRQHandler
                0x08009c34      0x188 ./Drivers/STM32G0xx_HAL_Driver/Src/stm32g0xx_hal_dma.o
                0x08009c34                HAL_DMA_IRQHandler
 .text.DMA_SetConfig
                0x08009dbc       0x78 ./Drivers/STM32G0xx_HAL_Driver/Src/stm32g0xx_hal_dma.o
 .text.DMA_CalcDMAMUXChannelBaseAndMask
                0x08009e34       0x94 ./Drivers/STM32G0xx_HAL_Driver/Src/stm32g0xx_hal_dma.o
 .text.DMA_CalcDMAMUXRequestGenBaseAndMask
                0x08009ec8       0x48 ./Drivers/STM32G0xx_HAL_Driver/Src/stm32g0xx_hal_dma.o
 .text.HAL_FDCAN_Init
                0x08009f10      0x2cc ./Drivers/STM32G0xx_HAL_Driver/Src/stm32g0xx_hal_fdcan.o
                0x08009f10                HAL_FDCAN_Init
 .text.HAL_FDCAN_ConfigFilter
                0x0800a1dc       0xba ./Drivers/STM32G0xx_HAL_Driver/Src/stm32g0xx_hal_fdcan.o
                0x0800a1dc                HAL_FDCAN_ConfigFilter
 .text.HAL_FDCAN_ConfigGlobalFilter
                0x0800a296       0x60 ./Drivers/STM32G0xx_HAL_Driver/Src/stm32g0xx_hal_fdcan.o
                0x0800a296                HAL_FDCAN_ConfigGlobalFilter
 .text.HAL_FDCAN_Start
                0x0800a2f6       0x4c ./Drivers/STM32G0xx_HAL_Driver/Src/stm32g0xx_hal_fdcan.o
                0x0800a2f6                HAL_FDCAN_Start
 .text.HAL_FDCAN_AddMessageToTxFifoQ
                0x0800a342       0x8a ./Drivers/STM32G0xx_HAL_Driver/Src/stm32g0xx_hal_fdcan.o
                0x0800a342                HAL_FDCAN_AddMessageToTxFifoQ
 .text.HAL_FDCAN_GetRxMessage
                0x0800a3cc      0x22c ./Drivers/STM32G0xx_HAL_Driver/Src/stm32g0xx_hal_fdcan.o
                0x0800a3cc                HAL_FDCAN_GetRxMessage
 .text.HAL_FDCAN_ActivateNotification
                0x0800a5f8      0x1ac ./Drivers/STM32G0xx_HAL_Driver/Src/stm32g0xx_hal_fdcan.o
                0x0800a5f8                HAL_FDCAN_ActivateNotification
 .text.HAL_FDCAN_IRQHandler
                0x0800a7a4      0x28e ./Drivers/STM32G0xx_HAL_Driver/Src/stm32g0xx_hal_fdcan.o
                0x0800a7a4                HAL_FDCAN_IRQHandler
 .text.HAL_FDCAN_TxEventFifoCallback
                0x0800aa32       0x12 ./Drivers/STM32G0xx_HAL_Driver/Src/stm32g0xx_hal_fdcan.o
                0x0800aa32                HAL_FDCAN_TxEventFifoCallback
 .text.HAL_FDCAN_RxFifo1Callback
                0x0800aa44       0x12 ./Drivers/STM32G0xx_HAL_Driver/Src/stm32g0xx_hal_fdcan.o
                0x0800aa44                HAL_FDCAN_RxFifo1Callback
 .text.HAL_FDCAN_TxFifoEmptyCallback
                0x0800aa56       0x10 ./Drivers/STM32G0xx_HAL_Driver/Src/stm32g0xx_hal_fdcan.o
                0x0800aa56                HAL_FDCAN_TxFifoEmptyCallback
 .text.HAL_FDCAN_TxBufferCompleteCallback
                0x0800aa66       0x12 ./Drivers/STM32G0xx_HAL_Driver/Src/stm32g0xx_hal_fdcan.o
                0x0800aa66                HAL_FDCAN_TxBufferCompleteCallback
 .text.HAL_FDCAN_TxBufferAbortCallback
                0x0800aa78       0x12 ./Drivers/STM32G0xx_HAL_Driver/Src/stm32g0xx_hal_fdcan.o
                0x0800aa78                HAL_FDCAN_TxBufferAbortCallback
 .text.HAL_FDCAN_TimestampWraparoundCallback
                0x0800aa8a       0x10 ./Drivers/STM32G0xx_HAL_Driver/Src/stm32g0xx_hal_fdcan.o
                0x0800aa8a                HAL_FDCAN_TimestampWraparoundCallback
 .text.HAL_FDCAN_TimeoutOccurredCallback
                0x0800aa9a       0x10 ./Drivers/STM32G0xx_HAL_Driver/Src/stm32g0xx_hal_fdcan.o
                0x0800aa9a                HAL_FDCAN_TimeoutOccurredCallback
 .text.HAL_FDCAN_HighPriorityMessageCallback
                0x0800aaaa       0x10 ./Drivers/STM32G0xx_HAL_Driver/Src/stm32g0xx_hal_fdcan.o
                0x0800aaaa                HAL_FDCAN_HighPriorityMessageCallback
 .text.HAL_FDCAN_ErrorCallback
                0x0800aaba       0x10 ./Drivers/STM32G0xx_HAL_Driver/Src/stm32g0xx_hal_fdcan.o
                0x0800aaba                HAL_FDCAN_ErrorCallback
 .text.HAL_FDCAN_ErrorStatusCallback
                0x0800aaca       0x12 ./Drivers/STM32G0xx_HAL_Driver/Src/stm32g0xx_hal_fdcan.o
                0x0800aaca                HAL_FDCAN_ErrorStatusCallback
 .text.FDCAN_CalcultateRamBlockAddresses
                0x0800aadc       0xd8 ./Drivers/STM32G0xx_HAL_Driver/Src/stm32g0xx_hal_fdcan.o
 .text.FDCAN_CopyMessageToRAM
                0x0800abb4       0xf8 ./Drivers/STM32G0xx_HAL_Driver/Src/stm32g0xx_hal_fdcan.o
 .text.HAL_GPIO_Init
                0x0800acac      0x2d8 ./Drivers/STM32G0xx_HAL_Driver/Src/stm32g0xx_hal_gpio.o
                0x0800acac                HAL_GPIO_Init
 .text.HAL_GPIO_ReadPin
                0x0800af84       0x3a ./Drivers/STM32G0xx_HAL_Driver/Src/stm32g0xx_hal_gpio.o
                0x0800af84                HAL_GPIO_ReadPin
 .text.HAL_GPIO_WritePin
                0x0800afbe       0x3a ./Drivers/STM32G0xx_HAL_Driver/Src/stm32g0xx_hal_gpio.o
                0x0800afbe                HAL_GPIO_WritePin
 .text.HAL_GPIO_TogglePin
                0x0800aff8       0x36 ./Drivers/STM32G0xx_HAL_Driver/Src/stm32g0xx_hal_gpio.o
                0x0800aff8                HAL_GPIO_TogglePin
 *fill*         0x0800b02e        0x2 
 .text.HAL_I2C_Init
                0x0800b030      0x14c ./Drivers/STM32G0xx_HAL_Driver/Src/stm32g0xx_hal_i2c.o
                0x0800b030                HAL_I2C_Init
 .text.HAL_I2C_Mem_Write
                0x0800b17c      0x25c ./Drivers/STM32G0xx_HAL_Driver/Src/stm32g0xx_hal_i2c.o
                0x0800b17c                HAL_I2C_Mem_Write
 .text.HAL_I2C_Mem_Read
                0x0800b3d8      0x268 ./Drivers/STM32G0xx_HAL_Driver/Src/stm32g0xx_hal_i2c.o
                0x0800b3d8                HAL_I2C_Mem_Read
 .text.HAL_I2C_IsDeviceReady
                0x0800b640      0x1f8 ./Drivers/STM32G0xx_HAL_Driver/Src/stm32g0xx_hal_i2c.o
                0x0800b640                HAL_I2C_IsDeviceReady
 .text.I2C_RequestMemoryWrite
                0x0800b838       0xc8 ./Drivers/STM32G0xx_HAL_Driver/Src/stm32g0xx_hal_i2c.o
 .text.I2C_RequestMemoryRead
                0x0800b900       0xc4 ./Drivers/STM32G0xx_HAL_Driver/Src/stm32g0xx_hal_i2c.o
 .text.I2C_Flush_TXDR
                0x0800b9c4       0x44 ./Drivers/STM32G0xx_HAL_Driver/Src/stm32g0xx_hal_i2c.o
 .text.I2C_WaitOnFlagUntilTimeout
                0x0800ba08       0xb0 ./Drivers/STM32G0xx_HAL_Driver/Src/stm32g0xx_hal_i2c.o
 .text.I2C_WaitOnTXISFlagUntilTimeout
                0x0800bab8       0x8c ./Drivers/STM32G0xx_HAL_Driver/Src/stm32g0xx_hal_i2c.o
 .text.I2C_WaitOnSTOPFlagUntilTimeout
                0x0800bb44       0x86 ./Drivers/STM32G0xx_HAL_Driver/Src/stm32g0xx_hal_i2c.o
 *fill*         0x0800bbca        0x2 
 .text.I2C_IsErrorOccurred
                0x0800bbcc      0x1f0 ./Drivers/STM32G0xx_HAL_Driver/Src/stm32g0xx_hal_i2c.o
 .text.I2C_TransferConfig
                0x0800bdbc       0x74 ./Drivers/STM32G0xx_HAL_Driver/Src/stm32g0xx_hal_i2c.o
 .text.HAL_I2CEx_ConfigAnalogFilter
                0x0800be30       0x98 ./Drivers/STM32G0xx_HAL_Driver/Src/stm32g0xx_hal_i2c_ex.o
                0x0800be30                HAL_I2CEx_ConfigAnalogFilter
 .text.HAL_I2CEx_ConfigDigitalFilter
                0x0800bec8       0x98 ./Drivers/STM32G0xx_HAL_Driver/Src/stm32g0xx_hal_i2c_ex.o
                0x0800bec8                HAL_I2CEx_ConfigDigitalFilter
 .text.HAL_PWREx_ControlVoltageScaling
                0x0800bf60       0x80 ./Drivers/STM32G0xx_HAL_Driver/Src/stm32g0xx_hal_pwr_ex.o
                0x0800bf60                HAL_PWREx_ControlVoltageScaling
 .text.HAL_RCC_OscConfig
                0x0800bfe0      0x6c0 ./Drivers/STM32G0xx_HAL_Driver/Src/stm32g0xx_hal_rcc.o
                0x0800bfe0                HAL_RCC_OscConfig
 .text.HAL_RCC_ClockConfig
                0x0800c6a0      0x210 ./Drivers/STM32G0xx_HAL_Driver/Src/stm32g0xx_hal_rcc.o
                0x0800c6a0                HAL_RCC_ClockConfig
 .text.HAL_RCC_GetSysClockFreq
                0x0800c8b0      0x104 ./Drivers/STM32G0xx_HAL_Driver/Src/stm32g0xx_hal_rcc.o
                0x0800c8b0                HAL_RCC_GetSysClockFreq
 .text.HAL_RCCEx_PeriphCLKConfig
                0x0800c9b4      0x478 ./Drivers/STM32G0xx_HAL_Driver/Src/stm32g0xx_hal_rcc_ex.o
                0x0800c9b4                HAL_RCCEx_PeriphCLKConfig
 .text.HAL_TIM_Base_Init
                0x0800ce2c       0xb0 ./Drivers/STM32G0xx_HAL_Driver/Src/stm32g0xx_hal_tim.o
                0x0800ce2c                HAL_TIM_Base_Init
 .text.HAL_TIM_PWM_Init
                0x0800cedc       0xb0 ./Drivers/STM32G0xx_HAL_Driver/Src/stm32g0xx_hal_tim.o
                0x0800cedc                HAL_TIM_PWM_Init
 .text.HAL_TIM_PWM_MspInit
                0x0800cf8c       0x10 ./Drivers/STM32G0xx_HAL_Driver/Src/stm32g0xx_hal_tim.o
                0x0800cf8c                HAL_TIM_PWM_MspInit
 .text.HAL_TIM_PWM_Start
                0x0800cf9c      0x1e0 ./Drivers/STM32G0xx_HAL_Driver/Src/stm32g0xx_hal_tim.o
                0x0800cf9c                HAL_TIM_PWM_Start
 .text.HAL_TIM_IC_Init
                0x0800d17c       0xb0 ./Drivers/STM32G0xx_HAL_Driver/Src/stm32g0xx_hal_tim.o
                0x0800d17c                HAL_TIM_IC_Init
 .text.HAL_TIM_IC_MspInit
                0x0800d22c       0x10 ./Drivers/STM32G0xx_HAL_Driver/Src/stm32g0xx_hal_tim.o
                0x0800d22c                HAL_TIM_IC_MspInit
 .text.HAL_TIM_IC_ConfigChannel
                0x0800d23c      0x148 ./Drivers/STM32G0xx_HAL_Driver/Src/stm32g0xx_hal_tim.o
                0x0800d23c                HAL_TIM_IC_ConfigChannel
 .text.HAL_TIM_PWM_ConfigChannel
                0x0800d384      0x200 ./Drivers/STM32G0xx_HAL_Driver/Src/stm32g0xx_hal_tim.o
                0x0800d384                HAL_TIM_PWM_ConfigChannel
 .text.HAL_TIM_ConfigClockSource
                0x0800d584      0x1ac ./Drivers/STM32G0xx_HAL_Driver/Src/stm32g0xx_hal_tim.o
                0x0800d584                HAL_TIM_ConfigClockSource
 .text.TIM_Base_SetConfig
                0x0800d730      0x130 ./Drivers/STM32G0xx_HAL_Driver/Src/stm32g0xx_hal_tim.o
                0x0800d730                TIM_Base_SetConfig
 .text.TIM_OC1_SetConfig
                0x0800d860      0x114 ./Drivers/STM32G0xx_HAL_Driver/Src/stm32g0xx_hal_tim.o
 .text.TIM_OC2_SetConfig
                0x0800d974      0x108 ./Drivers/STM32G0xx_HAL_Driver/Src/stm32g0xx_hal_tim.o
                0x0800d974                TIM_OC2_SetConfig
 .text.TIM_OC3_SetConfig
                0x0800da7c      0x110 ./Drivers/STM32G0xx_HAL_Driver/Src/stm32g0xx_hal_tim.o
 .text.TIM_OC4_SetConfig
                0x0800db8c       0xd4 ./Drivers/STM32G0xx_HAL_Driver/Src/stm32g0xx_hal_tim.o
 .text.TIM_OC5_SetConfig
                0x0800dc60       0xc0 ./Drivers/STM32G0xx_HAL_Driver/Src/stm32g0xx_hal_tim.o
 .text.TIM_OC6_SetConfig
                0x0800dd20       0xc8 ./Drivers/STM32G0xx_HAL_Driver/Src/stm32g0xx_hal_tim.o
 .text.TIM_TI1_SetConfig
                0x0800dde8       0xc4 ./Drivers/STM32G0xx_HAL_Driver/Src/stm32g0xx_hal_tim.o
                0x0800dde8                TIM_TI1_SetConfig
 .text.TIM_TI1_ConfigInputStage
                0x0800deac       0x5c ./Drivers/STM32G0xx_HAL_Driver/Src/stm32g0xx_hal_tim.o
 .text.TIM_TI2_SetConfig
                0x0800df08       0x84 ./Drivers/STM32G0xx_HAL_Driver/Src/stm32g0xx_hal_tim.o
 .text.TIM_TI2_ConfigInputStage
                0x0800df8c       0x64 ./Drivers/STM32G0xx_HAL_Driver/Src/stm32g0xx_hal_tim.o
 .text.TIM_TI3_SetConfig
                0x0800dff0       0x80 ./Drivers/STM32G0xx_HAL_Driver/Src/stm32g0xx_hal_tim.o
 .text.TIM_TI4_SetConfig
                0x0800e070       0x8c ./Drivers/STM32G0xx_HAL_Driver/Src/stm32g0xx_hal_tim.o
 .text.TIM_ITRx_SetConfig
                0x0800e0fc       0x38 ./Drivers/STM32G0xx_HAL_Driver/Src/stm32g0xx_hal_tim.o
 .text.TIM_ETR_SetConfig
                0x0800e134       0x40 ./Drivers/STM32G0xx_HAL_Driver/Src/stm32g0xx_hal_tim.o
                0x0800e134                TIM_ETR_SetConfig
 .text.TIM_CCxChannelCmd
                0x0800e174       0x46 ./Drivers/STM32G0xx_HAL_Driver/Src/stm32g0xx_hal_tim.o
                0x0800e174                TIM_CCxChannelCmd
 *fill*         0x0800e1ba        0x2 
 .text.HAL_TIMEx_MasterConfigSynchronization
                0x0800e1bc       0xec ./Drivers/STM32G0xx_HAL_Driver/Src/stm32g0xx_hal_tim_ex.o
                0x0800e1bc                HAL_TIMEx_MasterConfigSynchronization
 .text.HAL_TIMEx_ConfigBreakDeadTime
                0x0800e2a8      0x138 ./Drivers/STM32G0xx_HAL_Driver/Src/stm32g0xx_hal_tim_ex.o
                0x0800e2a8                HAL_TIMEx_ConfigBreakDeadTime
 .text.memset   0x0800e3e0       0x10 C:/ST/STM32CubeIDE_2.0.0/STM32CubeIDE/plugins/com.st.stm32cube.ide.mcu.externaltools.gnu-tools-for-stm32.13.3.rel1.win32_1.0.100.202509120712/tools/bin/../lib/gcc/arm-none-eabi/13.3.1/../../../../arm-none-eabi/lib/thumb/v6-m/nofp\libc_nano.a(libc_a-memset.o)
                0x0800e3e0                memset
 .text.__errno  0x0800e3f0        0xc C:/ST/STM32CubeIDE_2.0.0/STM32CubeIDE/plugins/com.st.stm32cube.ide.mcu.externaltools.gnu-tools-for-stm32.13.3.rel1.win32_1.0.100.202509120712/tools/bin/../lib/gcc/arm-none-eabi/13.3.1/../../../../arm-none-eabi/lib/thumb/v6-m/nofp\libc_nano.a(libc_a-errno.o)
                0x0800e3f0                __errno
 .text.__libc_init_array
                0x0800e3fc       0x48 C:/ST/STM32CubeIDE_2.0.0/STM32CubeIDE/plugins/com.st.stm32cube.ide.mcu.externaltools.gnu-tools-for-stm32.13.3.rel1.win32_1.0.100.202509120712/tools/bin/../lib/gcc/arm-none-eabi/13.3.1/../../../../arm-none-eabi/lib/thumb/v6-m/nofp\libc_nano.a(libc_a-init.o)
                0x0800e3fc                __libc_init_array
 .text.memcpy   0x0800e444       0x12 C:/ST/STM32CubeIDE_2.0.0/STM32CubeIDE/plugins/com.st.stm32cube.ide.mcu.externaltools.gnu-tools-for-stm32.13.3.rel1.win32_1.0.100.202509120712/tools/bin/../lib/gcc/arm-none-eabi/13.3.1/../../../../arm-none-eabi/lib/thumb/v6-m/nofp\libc_nano.a(libc_a-memcpy-stub.o)
                0x0800e444                memcpy
 *fill*         0x0800e456        0x2 
 .text.logf     0x0800e458       0x58 C:/ST/STM32CubeIDE_2.0.0/STM32CubeIDE/plugins/com.st.stm32cube.ide.mcu.externaltools.gnu-tools-for-stm32.13.3.rel1.win32_1.0.100.202509120712/tools/bin/../lib/gcc/arm-none-eabi/13.3.1/../../../../arm-none-eabi/lib/thumb/v6-m/nofp\libm.a(libm_a-wf_log.o)
                0x0800e458                logf
 .text.nanf     0x0800e4b0        0x8 C:/ST/STM32CubeIDE_2.0.0/STM32CubeIDE/plugins/com.st.stm32cube.ide.mcu.externaltools.gnu-tools-for-stm32.13.3.rel1.win32_1.0.100.202509120712/tools/bin/../lib/gcc/arm-none-eabi/13.3.1/../../../../arm-none-eabi/lib/thumb/v6-m/nofp\libm.a(libm_a-sf_nan.o)
                0x0800e4b0                nanf
 .text.__ieee754_logf
                0x0800e4b8      0x264 C:/ST/STM32CubeIDE_2.0.0/STM32CubeIDE/plugins/com.st.stm32cube.ide.mcu.externaltools.gnu-tools-for-stm32.13.3.rel1.win32_1.0.100.202509120712/tools/bin/../lib/gcc/arm-none-eabi/13.3.1/../../../../arm-none-eabi/lib/thumb/v6-m/nofp\libm.a(libm_a-ef_log.o)
                0x0800e4b8                __ieee754_logf
 *(.glue_7)
 .glue_7        0x0800e71c        0x0 linker stubs
 *(.glue_7t)
 .glue_7t       0x0800e71c        0x0 linker stubs
 *(.eh_frame)
 .eh_frame      0x0800e71c        0x0 C:/ST/STM32CubeIDE_2.0.0/STM32CubeIDE/plugins/com.st.stm32cube.ide.mcu.externaltools.gnu-tools-for-stm32.13.3.rel1.win32_1.0.100.202509120712/tools/bin/../lib/gcc/arm-none-eabi/13.3.1/thumb/v6-m/nofp/crtbegin.o
 *(.init)
 .init          0x0800e71c        0x4 C:/ST/STM32CubeIDE_2.0.0/STM32CubeIDE/plugins/com.st.stm32cube.ide.mcu.externaltools.gnu-tools-for-stm32.13.3.rel1.win32_1.0.100.202509120712/tools/bin/../lib/gcc/arm-none-eabi/13.3.1/thumb/v6-m/nofp/crti.o
                0x0800e71c                _init
 .init          0x0800e720        0x8 C:/ST/STM32CubeIDE_2.0.0/STM32CubeIDE/plugins/com.st.stm32cube.ide.mcu.externaltools.gnu-tools-for-stm32.13.3.rel1.win32_1.0.100.202509120712/tools/bin/../lib/gcc/arm-none-eabi/13.3.1/thumb/v6-m/nofp/crtn.o
 *(.fini)
 .fini          0x0800e728        0x4 C:/ST/STM32CubeIDE_2.0.0/STM32CubeIDE/plugins/com.st.stm32cube.ide.mcu.externaltools.gnu-tools-for-stm32.13.3.rel1.win32_1.0.100.202509120712/tools/bin/../lib/gcc/arm-none-eabi/13.3.1/thumb/v6-m/nofp/crti.o
                0x0800e728                _fini
 .fini          0x0800e72c        0x8 C:/ST/STM32CubeIDE_2.0.0/STM32CubeIDE/plugins/com.st.stm32cube.ide.mcu.externaltools.gnu-tools-for-stm32.13.3.rel1.win32_1.0.100.202509120712/tools/bin/../lib/gcc/arm-none-eabi/13.3.1/thumb/v6-m/nofp/crtn.o
                0x0800e734                        . = ALIGN (0x4)
                0x0800e734                        _etext = .

.vfp11_veneer   0x0800e734        0x0
 .vfp11_veneer  0x0800e734        0x0 linker stubs

.v4_bx          0x0800e734        0x0
 .v4_bx         0x0800e734        0x0 linker stubs

.iplt           0x0800e734        0x0
 .iplt          0x0800e734        0x0 C:/ST/STM32CubeIDE_2.0.0/STM32CubeIDE/plugins/com.st.stm32cube.ide.mcu.externaltools.gnu-tools-for-stm32.13.3.rel1.win32_1.0.100.202509120712/tools/bin/../lib/gcc/arm-none-eabi/13.3.1/thumb/v6-m/nofp/crtbegin.o

.rodata         0x0800e734      0x258
                0x0800e734                        . = ALIGN (0x4)
 *(.rodata)
 .rodata        0x0800e734       0x28 ./Core/Src/Fan_PWM.o
 .rodata        0x0800e75c        0x3 ./Core/Src/Power_Electronic.o
 *fill*         0x0800e75f        0x1 
 .rodata        0x0800e760        0x3 ./Core/Src/error_manager.o
 *fill*         0x0800e763        0x1 
 .rodata        0x0800e764       0x7c C:/ST/STM32CubeIDE_2.0.0/STM32CubeIDE/plugins/com.st.stm32cube.ide.mcu.externaltools.gnu-tools-for-stm32.13.3.rel1.win32_1.0.100.202509120712/tools/bin/../lib/gcc/arm-none-eabi/13.3.1/thumb/v6-m/nofp\libgcc.a(divsf3.o)
 *(.rodata*)
 .rodata.dlc_to_bytes
                0x0800e7e0       0x40 ./Core/Src/CAN_Handler.o
 .rodata.Endstop_Check
                0x0800e820       0x14 ./Core/Src/Endstop.o
 .rodata.set_Fan_PWM
                0x0800e834       0x18 ./Core/Src/Fan_PWM.o
 .rodata.Fan_Tacho_Speed_Calculate
                0x0800e84c       0x18 ./Core/Src/Fan_PWM.o
 .rodata.CAN_Handler_EEPROM_Write_Config
                0x0800e864       0x14 ./Core/Src/eeprom_driver.o
 .rodata.Error_Manager_Log
                0x0800e878       0x4c ./Core/Src/error_manager.o
 .rodata.dlc_bytes_to_fdcan_dlc
                0x0800e8c4       0x20 ./Core/Src/fdcan.o
 .rodata.AHBPrescTable
                0x0800e8e4       0x40 ./Core/Src/system_stm32g0xx.o
                0x0800e8e4                AHBPrescTable
 .rodata.DLCtoBytes
                0x0800e924       0x10 ./Drivers/STM32G0xx_HAL_Driver/Src/stm32g0xx_hal_fdcan.o
 .rodata.HAL_TIM_PWM_ConfigChannel
                0x0800e934       0x54 ./Drivers/STM32G0xx_HAL_Driver/Src/stm32g0xx_hal_tim.o
 .rodata.logf.str1.1
                0x0800e988        0x1 C:/ST/STM32CubeIDE_2.0.0/STM32CubeIDE/plugins/com.st.stm32cube.ide.mcu.externaltools.gnu-tools-for-stm32.13.3.rel1.win32_1.0.100.202509120712/tools/bin/../lib/gcc/arm-none-eabi/13.3.1/../../../../arm-none-eabi/lib/thumb/v6-m/nofp\libm.a(libm_a-wf_log.o)
                0x0800e98c                        . = ALIGN (0x4)
 *fill*         0x0800e989        0x3 

.ARM.extab      0x0800e98c        0x0
                0x0800e98c                        . = ALIGN (0x4)
 *(.ARM.extab* .gnu.linkonce.armextab.*)
                0x0800e98c                        . = ALIGN (0x4)

.ARM            0x0800e98c        0x0
                0x0800e98c                        . = ALIGN (0x4)
                0x0800e98c                        __exidx_start = .
 *(.ARM.exidx*)
                0x0800e98c                        __exidx_end = .
                0x0800e98c                        . = ALIGN (0x4)

.preinit_array  0x0800e98c        0x0
                0x0800e98c                        . = ALIGN (0x4)
                0x0800e98c                        PROVIDE (__preinit_array_start = .)
 *(.preinit_array*)
                0x0800e98c                        PROVIDE (__preinit_array_end = .)
                0x0800e98c                        . = ALIGN (0x4)

.init_array     0x0800e98c        0x4
                0x0800e98c                        . = ALIGN (0x4)
                0x0800e98c                        PROVIDE (__init_array_start = .)
 *(SORT_BY_NAME(.init_array.*))
 *(.init_array*)
 .init_array    0x0800e98c        0x4 C:/ST/STM32CubeIDE_2.0.0/STM32CubeIDE/plugins/com.st.stm32cube.ide.mcu.externaltools.gnu-tools-for-stm32.13.3.rel1.win32_1.0.100.202509120712/tools/bin/../lib/gcc/arm-none-eabi/13.3.1/thumb/v6-m/nofp/crtbegin.o
                0x0800e990                        PROVIDE (__init_array_end = .)
                0x0800e990                        . = ALIGN (0x4)

.fini_array     0x0800e990        0x4
                0x0800e990                        . = ALIGN (0x4)
                [!provide]                        PROVIDE (__fini_array_start = .)
 *(SORT_BY_NAME(.fini_array.*))
 *(.fini_array*)
 .fini_array    0x0800e990        0x4 C:/ST/STM32CubeIDE_2.0.0/STM32CubeIDE/plugins/com.st.stm32cube.ide.mcu.externaltools.gnu-tools-for-stm32.13.3.rel1.win32_1.0.100.202509120712/tools/bin/../lib/gcc/arm-none-eabi/13.3.1/thumb/v6-m/nofp/crtbegin.o
                [!provide]                        PROVIDE (__fini_array_end = .)
                0x0800e994                        . = ALIGN (0x4)
                0x0800e994                        _sidata = LOADADDR (.data)

.rel.dyn        0x0800e994        0x0
 .rel.iplt      0x0800e994        0x0 C:/ST/STM32CubeIDE_2.0.0/STM32CubeIDE/plugins/com.st.stm32cube.ide.mcu.externaltools.gnu-tools-for-stm32.13.3.rel1.win32_1.0.100.202509120712/tools/bin/../lib/gcc/arm-none-eabi/13.3.1/thumb/v6-m/nofp/crtbegin.o

.data           0x20000000       0xac load address 0x0800e994
                0x20000000                        . = ALIGN (0x4)
                0x20000000                        _sdata = .
 *(.data)
 *(.data*)
 .data.FAN_PWM_1_DR
                0x20000000        0x8 ./Core/Src/Fan_PWM.o
                0x20000000                FAN_PWM_1_DR
 .data.FAN_PWM_2_EP
                0x20000008        0x8 ./Core/Src/Fan_PWM.o
                0x20000008                FAN_PWM_2_EP
 .data.FAN_PWM_3_EH
                0x20000010        0x8 ./Core/Src/Fan_PWM.o
                0x20000010                FAN_PWM_3_EH
 .data.FAN_PWM_4_ST
                0x20000018        0x8 ./Core/Src/Fan_PWM.o
                0x20000018                FAN_PWM_4_ST
 .data.FAN_PWM_5_SF
                0x20000020        0x8 ./Core/Src/Fan_PWM.o
                0x20000020                FAN_PWM_5_SF
 .data.FAN_TACHO_1_DR
                0x20000028        0x8 ./Core/Src/Fan_PWM.o
                0x20000028                FAN_TACHO_1_DR
 .data.FAN_TACHO_2_EP
                0x20000030        0x8 ./Core/Src/Fan_PWM.o
                0x20000030                FAN_TACHO_2_EP
 .data.FAN_TACHO_3_EH
                0x20000038        0x8 ./Core/Src/Fan_PWM.o
                0x20000038                FAN_TACHO_3_EH
 .data.FAN_TACHO_4_ST
                0x20000040        0x8 ./Core/Src/Fan_PWM.o
                0x20000040                FAN_TACHO_4_ST
 .data.FAN_TACHO_5_SF
                0x20000048        0x8 ./Core/Src/Fan_PWM.o
                0x20000048                FAN_TACHO_5_SF
 .data.SystemCoreClock
                0x20000050        0x4 ./Core/Src/system_stm32g0xx.o
                0x20000050                SystemCoreClock
 .data.uwTickPrio
                0x20000054        0x4 ./Drivers/STM32G0xx_HAL_Driver/Src/stm32g0xx_hal.o
                0x20000054                uwTickPrio
 .data.uwTickFreq
                0x20000058        0x1 ./Drivers/STM32G0xx_HAL_Driver/Src/stm32g0xx_hal.o
                0x20000058                uwTickFreq
 *fill*         0x20000059        0x3 
 .data._impure_ptr
                0x2000005c        0x4 C:/ST/STM32CubeIDE_2.0.0/STM32CubeIDE/plugins/com.st.stm32cube.ide.mcu.externaltools.gnu-tools-for-stm32.13.3.rel1.win32_1.0.100.202509120712/tools/bin/../lib/gcc/arm-none-eabi/13.3.1/../../../../arm-none-eabi/lib/thumb/v6-m/nofp\libc_nano.a(libc_a-impure.o)
                0x2000005c                _impure_ptr
 .data._impure_data
                0x20000060       0x4c C:/ST/STM32CubeIDE_2.0.0/STM32CubeIDE/plugins/com.st.stm32cube.ide.mcu.externaltools.gnu-tools-for-stm32.13.3.rel1.win32_1.0.100.202509120712/tools/bin/../lib/gcc/arm-none-eabi/13.3.1/../../../../arm-none-eabi/lib/thumb/v6-m/nofp\libc_nano.a(libc_a-impure.o)
                0x20000060                _impure_data
 *(.RamFunc)
 *(.RamFunc*)
                0x200000ac                        . = ALIGN (0x4)
                0x200000ac                        _edata = .

.igot.plt       0x200000ac        0x0 load address 0x0800ea40
 .igot.plt      0x200000ac        0x0 C:/ST/STM32CubeIDE_2.0.0/STM32CubeIDE/plugins/com.st.stm32cube.ide.mcu.externaltools.gnu-tools-for-stm32.13.3.rel1.win32_1.0.100.202509120712/tools/bin/../lib/gcc/arm-none-eabi/13.3.1/thumb/v6-m/nofp/crtbegin.o
                0x200000ac                        . = ALIGN (0x4)

.bss            0x200000ac      0x82c load address 0x0800ea40
                0x200000ac                        _sbss = .
                0x200000ac                        __bss_start__ = _sbss
 *(.bss)
 .bss           0x200000ac       0x1c C:/ST/STM32CubeIDE_2.0.0/STM32CubeIDE/plugins/com.st.stm32cube.ide.mcu.externaltools.gnu-tools-for-stm32.13.3.rel1.win32_1.0.100.202509120712/tools/bin/../lib/gcc/arm-none-eabi/13.3.1/thumb/v6-m/nofp/crtbegin.o
 *(.bss*)
 .bss.dispatch_entries
                0x200000c8       0x80 ./Core/Src/CAN_Handler.o
 .bss.dispatch_count
                0x20000148        0x1 ./Core/Src/CAN_Handler.o
 *fill*         0x20000149        0x3 
 .bss.rbuf_head
                0x2000014c        0x4 ./Core/Src/CAN_Handler.o
 .bss.rbuf_tail
                0x20000150        0x4 ./Core/Src/CAN_Handler.o
 .bss.rbuf      0x20000154      0x100 ./Core/Src/CAN_Handler.o
 .bss.rbuf_drop_count
                0x20000254        0x4 ./Core/Src/CAN_Handler.o
 .bss.last_tick.0
                0x20000258        0x4 ./Core/Src/CAN_Handler.o
 .bss.estop_flag
                0x2000025c        0x1 ./Core/Src/ESTOP.o
                0x2000025c                estop_flag
 *fill*         0x2000025d        0x3 
 .bss.last_check.2
                0x20000260        0x4 ./Core/Src/ESTOP.o
 .bss.last_change_ts.1
                0x20000264        0x4 ./Core/Src/ESTOP.o
 .bss.debounced_state.0
                0x20000268        0x4 ./Core/Src/ESTOP.o
 .bss.DR_Fan_Tacho_Buffer
                0x2000026c        0xa ./Core/Src/Fan_PWM.o
 *fill*         0x20000276        0x2 
 .bss.EP_Fan_Tacho_Buffer
                0x20000278        0xa ./Core/Src/Fan_PWM.o
 *fill*         0x20000282        0x2 
 .bss.EH_Fan_Tacho_Buffer
                0x20000284        0xa ./Core/Src/Fan_PWM.o
 *fill*         0x2000028e        0x2 
 .bss.ST_Fan_Tacho_Buffer
                0x20000290        0xa ./Core/Src/Fan_PWM.o
 *fill*         0x2000029a        0x2 
 .bss.SF_Fan_Tacho_Buffer
                0x2000029c        0xa ./Core/Src/Fan_PWM.o
 *fill*         0x200002a6        0x2 
 .bss.ADC_VAL   0x200002a8       0x18 ./Core/Src/Power_Electronic.o
 .bss.overcurrent_state
                0x200002c0        0x3 ./Core/Src/Power_Electronic.o
 .bss.overvoltage_state
                0x200002c3        0x1 ./Core/Src/Power_Electronic.o
 .bss.hadc1     0x200002c4       0x64 ./Core/Src/adc.o
                0x200002c4                hadc1
 .bss.hdma_adc1
                0x20000328       0x60 ./Core/Src/adc.o
                0x20000328                hdma_adc1
 .bss.cached_cfg
                0x20000388       0x15 ./Core/Src/eeprom_driver.o
 .bss.cached_valid
                0x2000039d        0x1 ./Core/Src/eeprom_driver.o
 *fill*         0x2000039e        0x2 
 .bss.config_update_cb
                0x200003a0        0x4 ./Core/Src/eeprom_driver.o
 .bss.system_state
                0x200003a4        0x1 ./Core/Src/error_manager.o
 *fill*         0x200003a5        0x3 
 .bss.error_log
                0x200003a8       0x80 ./Core/Src/error_manager.o
 .bss.error_count
                0x20000428        0x1 ./Core/Src/error_manager.o
 .bss.error_head
                0x20000429        0x1 ./Core/Src/error_manager.o
 .bss.critical_all_modules
                0x2000042a        0x1 ./Core/Src/error_manager.o
 *fill*         0x2000042b        0x1 
 .bss.critical_module
                0x2000042c        0x3 ./Core/Src/error_manager.o
 .bss.recovery_ok_count
                0x2000042f        0x1 ./Core/Src/error_manager.o
 .bss.recovery_start_ms
                0x20000430        0x4 ./Core/Src/error_manager.o
 .bss.hfdcan1   0x20000434       0x64 ./Core/Src/fdcan.o
                0x20000434                hfdcan1
 .bss.hi2c1     0x20000498       0x54 ./Core/Src/i2c.o
                0x20000498                hi2c1
 .bss.htim1     0x200004ec       0x4c ./Core/Src/tim.o
                0x200004ec                htim1
 .bss.htim2     0x20000538       0x4c ./Core/Src/tim.o
                0x20000538                htim2
 .bss.htim3     0x20000584       0x4c ./Core/Src/tim.o
                0x20000584                htim3
 .bss.htim14    0x200005d0       0x4c ./Core/Src/tim.o
                0x200005d0                htim14
 .bss.hdma_tim2_ch1
                0x2000061c       0x60 ./Core/Src/tim.o
                0x2000061c                hdma_tim2_ch1
 .bss.hdma_tim2_ch2
                0x2000067c       0x60 ./Core/Src/tim.o
                0x2000067c                hdma_tim2_ch2
 .bss.hdma_tim2_ch3
                0x200006dc       0x60 ./Core/Src/tim.o
                0x200006dc                hdma_tim2_ch3
 .bss.hdma_tim2_ch4
                0x2000073c       0x60 ./Core/Src/tim.o
                0x2000073c                hdma_tim2_ch4
 .bss.uwTick    0x2000079c        0x4 ./Drivers/STM32G0xx_HAL_Driver/Src/stm32g0xx_hal.o
                0x2000079c                uwTick
 .bss.__sf      0x200007a0      0x138 C:/ST/STM32CubeIDE_2.0.0/STM32CubeIDE/plugins/com.st.stm32cube.ide.mcu.externaltools.gnu-tools-for-stm32.13.3.rel1.win32_1.0.100.202509120712/tools/bin/../lib/gcc/arm-none-eabi/13.3.1/../../../../arm-none-eabi/lib/thumb/v6-m/nofp\libc_nano.a(libc_a-findfp.o)
                0x200007a0                __sf
 *(COMMON)
                0x200008d8                        . = ALIGN (0x4)
                0x200008d8                        _ebss = .
                0x200008d8                        __bss_end__ = _ebss

._user_heap_stack
                0x200008d8      0x600 load address 0x0800ea40
                0x200008d8                        . = ALIGN (0x8)
                [!provide]                        PROVIDE (end = .)
                0x200008d8                        PROVIDE (_end = .)
                0x20000ad8                        . = (. + _Min_Heap_Size)
 *fill*         0x200008d8      0x200 
                0x20000ed8                        . = (. + _Min_Stack_Size)
 *fill*         0x20000ad8      0x400 
                0x20000ed8                        . = ALIGN (0x8)

/DISCARD/
 libc.a(*)
 libm.a(*)
 libgcc.a(*)

.ARM.attributes
                0x00000000       0x28
 *(.ARM.attributes)
 .ARM.attributes
                0x00000000       0x1e C:/ST/STM32CubeIDE_2.0.0/STM32CubeIDE/plugins/com.st.stm32cube.ide.mcu.externaltools.gnu-tools-for-stm32.13.3.rel1.win32_1.0.100.202509120712/tools/bin/../lib/gcc/arm-none-eabi/13.3.1/thumb/v6-m/nofp/crti.o
 .ARM.attributes
                0x0000001e       0x2c C:/ST/STM32CubeIDE_2.0.0/STM32CubeIDE/plugins/com.st.stm32cube.ide.mcu.externaltools.gnu-tools-for-stm32.13.3.rel1.win32_1.0.100.202509120712/tools/bin/../lib/gcc/arm-none-eabi/13.3.1/thumb/v6-m/nofp/crtbegin.o
 .ARM.attributes
                0x0000004a       0x2c ./Core/Src/CAN_Handler.o
 .ARM.attributes
                0x00000076       0x2c ./Core/Src/Core_System.o
 .ARM.attributes
                0x000000a2       0x2c ./Core/Src/ESTOP.o
 .ARM.attributes
                0x000000ce       0x2c ./Core/Src/Endstop.o
 .ARM.attributes
                0x000000fa       0x2c ./Core/Src/Fan_PWM.o
 .ARM.attributes
                0x00000126       0x2c ./Core/Src/Power_Electronic.o
 .ARM.attributes
                0x00000152       0x2c ./Core/Src/adc.o
 .ARM.attributes
                0x0000017e       0x2c ./Core/Src/dma.o
 .ARM.attributes
                0x000001aa       0x2c ./Core/Src/eeprom_driver.o
 .ARM.attributes
                0x000001d6       0x2c ./Core/Src/error_manager.o
 .ARM.attributes
                0x00000202       0x2c ./Core/Src/fdcan.o
 .ARM.attributes
                0x0000022e       0x2c ./Core/Src/gpio.o
 .ARM.attributes
                0x0000025a       0x2c ./Core/Src/i2c.o
 .ARM.attributes
                0x00000286       0x2c ./Core/Src/main.o
 .ARM.attributes
                0x000002b2       0x2c ./Core/Src/stm32g0xx_hal_msp.o
 .ARM.attributes
                0x000002de       0x2c ./Core/Src/stm32g0xx_it.o
 .ARM.attributes
                0x0000030a       0x2c ./Core/Src/system_stm32g0xx.o
 .ARM.attributes
                0x00000336       0x2c ./Core/Src/tim.o
 .ARM.attributes
                0x00000362       0x22 ./Core/Startup/startup_stm32g0b1retx.o
 .ARM.attributes
                0x00000384       0x2c ./Drivers/STM32G0xx_HAL_Driver/Src/stm32g0xx_hal.o
 .ARM.attributes
                0x000003b0       0x2c ./Drivers/STM32G0xx_HAL_Driver/Src/stm32g0xx_hal_adc.o
 .ARM.attributes
                0x000003dc       0x2c ./Drivers/STM32G0xx_HAL_Driver/Src/stm32g0xx_hal_adc_ex.o
 .ARM.attributes
                0x00000408       0x2c ./Drivers/STM32G0xx_HAL_Driver/Src/stm32g0xx_hal_cortex.o
 .ARM.attributes
                0x00000434       0x2c ./Drivers/STM32G0xx_HAL_Driver/Src/stm32g0xx_hal_dma.o
 .ARM.attributes
                0x00000460       0x2c ./Drivers/STM32G0xx_HAL_Driver/Src/stm32g0xx_hal_fdcan.o
 .ARM.attributes
                0x0000048c       0x2c ./Drivers/STM32G0xx_HAL_Driver/Src/stm32g0xx_hal_gpio.o
 .ARM.attributes
                0x000004b8       0x2c ./Drivers/STM32G0xx_HAL_Driver/Src/stm32g0xx_hal_i2c.o
 .ARM.attributes
                0x000004e4       0x2c ./Drivers/STM32G0xx_HAL_Driver/Src/stm32g0xx_hal_i2c_ex.o
 .ARM.attributes
                0x00000510       0x2c ./Drivers/STM32G0xx_HAL_Driver/Src/stm32g0xx_hal_pwr_ex.o
 .ARM.attributes
                0x0000053c       0x2c ./Drivers/STM32G0xx_HAL_Driver/Src/stm32g0xx_hal_rcc.o
 .ARM.attributes
                0x00000568       0x2c ./Drivers/STM32G0xx_HAL_Driver/Src/stm32g0xx_hal_rcc_ex.o
 .ARM.attributes
                0x00000594       0x2c ./Drivers/STM32G0xx_HAL_Driver/Src/stm32g0xx_hal_tim.o
 .ARM.attributes
                0x000005c0       0x2c ./Drivers/STM32G0xx_HAL_Driver/Src/stm32g0xx_hal_tim_ex.o
 .ARM.attributes
                0x000005ec       0x2c C:/ST/STM32CubeIDE_2.0.0/STM32CubeIDE/plugins/com.st.stm32cube.ide.mcu.externaltools.gnu-tools-for-stm32.13.3.rel1.win32_1.0.100.202509120712/tools/bin/../lib/gcc/arm-none-eabi/13.3.1/../../../../arm-none-eabi/lib/thumb/v6-m/nofp\libc_nano.a(libc_a-findfp.o)
 .ARM.attributes
                0x00000618       0x2c C:/ST/STM32CubeIDE_2.0.0/STM32CubeIDE/plugins/com.st.stm32cube.ide.mcu.externaltools.gnu-tools-for-stm32.13.3.rel1.win32_1.0.100.202509120712/tools/bin/../lib/gcc/arm-none-eabi/13.3.1/../../../../arm-none-eabi/lib/thumb/v6-m/nofp\libc_nano.a(libc_a-memset.o)
 .ARM.attributes
                0x00000644       0x2c C:/ST/STM32CubeIDE_2.0.0/STM32CubeIDE/plugins/com.st.stm32cube.ide.mcu.externaltools.gnu-tools-for-stm32.13.3.rel1.win32_1.0.100.202509120712/tools/bin/../lib/gcc/arm-none-eabi/13.3.1/../../../../arm-none-eabi/lib/thumb/v6-m/nofp\libc_nano.a(libc_a-impure.o)
 .ARM.attributes
                0x00000670       0x2c C:/ST/STM32CubeIDE_2.0.0/STM32CubeIDE/plugins/com.st.stm32cube.ide.mcu.externaltools.gnu-tools-for-stm32.13.3.rel1.win32_1.0.100.202509120712/tools/bin/../lib/gcc/arm-none-eabi/13.3.1/../../../../arm-none-eabi/lib/thumb/v6-m/nofp\libc_nano.a(libc_a-errno.o)
 .ARM.attributes
                0x0000069c       0x2c C:/ST/STM32CubeIDE_2.0.0/STM32CubeIDE/plugins/com.st.stm32cube.ide.mcu.externaltools.gnu-tools-for-stm32.13.3.rel1.win32_1.0.100.202509120712/tools/bin/../lib/gcc/arm-none-eabi/13.3.1/../../../../arm-none-eabi/lib/thumb/v6-m/nofp\libc_nano.a(libc_a-init.o)
 .ARM.attributes
                0x000006c8       0x2c C:/ST/STM32CubeIDE_2.0.0/STM32CubeIDE/plugins/com.st.stm32cube.ide.mcu.externaltools.gnu-tools-for-stm32.13.3.rel1.win32_1.0.100.202509120712/tools/bin/../lib/gcc/arm-none-eabi/13.3.1/../../../../arm-none-eabi/lib/thumb/v6-m/nofp\libc_nano.a(libc_a-memcpy-stub.o)
 .ARM.attributes
                0x000006f4       0x2c C:/ST/STM32CubeIDE_2.0.0/STM32CubeIDE/plugins/com.st.stm32cube.ide.mcu.externaltools.gnu-tools-for-stm32.13.3.rel1.win32_1.0.100.202509120712/tools/bin/../lib/gcc/arm-none-eabi/13.3.1/../../../../arm-none-eabi/lib/thumb/v6-m/nofp\libm.a(libm_a-wf_log.o)
 .ARM.attributes
                0x00000720       0x2c C:/ST/STM32CubeIDE_2.0.0/STM32CubeIDE/plugins/com.st.stm32cube.ide.mcu.externaltools.gnu-tools-for-stm32.13.3.rel1.win32_1.0.100.202509120712/tools/bin/../lib/gcc/arm-none-eabi/13.3.1/../../../../arm-none-eabi/lib/thumb/v6-m/nofp\libm.a(libm_a-sf_nan.o)
 .ARM.attributes
                0x0000074c       0x2c C:/ST/STM32CubeIDE_2.0.0/STM32CubeIDE/plugins/com.st.stm32cube.ide.mcu.externaltools.gnu-tools-for-stm32.13.3.rel1.win32_1.0.100.202509120712/tools/bin/../lib/gcc/arm-none-eabi/13.3.1/../../../../arm-none-eabi/lib/thumb/v6-m/nofp\libm.a(libm_a-ef_log.o)
 .ARM.attributes
                0x00000778       0x1e C:/ST/STM32CubeIDE_2.0.0/STM32CubeIDE/plugins/com.st.stm32cube.ide.mcu.externaltools.gnu-tools-for-stm32.13.3.rel1.win32_1.0.100.202509120712/tools/bin/../lib/gcc/arm-none-eabi/13.3.1/thumb/v6-m/nofp\libgcc.a(_udivsi3.o)
 .ARM.attributes
                0x00000796       0x1e C:/ST/STM32CubeIDE_2.0.0/STM32CubeIDE/plugins/com.st.stm32cube.ide.mcu.externaltools.gnu-tools-for-stm32.13.3.rel1.win32_1.0.100.202509120712/tools/bin/../lib/gcc/arm-none-eabi/13.3.1/thumb/v6-m/nofp\libgcc.a(_dvmd_tls.o)
 .ARM.attributes
                0x000007b4       0x1e C:/ST/STM32CubeIDE_2.0.0/STM32CubeIDE/plugins/com.st.stm32cube.ide.mcu.externaltools.gnu-tools-for-stm32.13.3.rel1.win32_1.0.100.202509120712/tools/bin/../lib/gcc/arm-none-eabi/13.3.1/thumb/v6-m/nofp\libgcc.a(_arm_cmpsf2.o)
 .ARM.attributes
                0x000007d2       0x2c C:/ST/STM32CubeIDE_2.0.0/STM32CubeIDE/plugins/com.st.stm32cube.ide.mcu.externaltools.gnu-tools-for-stm32.13.3.rel1.win32_1.0.100.202509120712/tools/bin/../lib/gcc/arm-none-eabi/13.3.1/thumb/v6-m/nofp\libgcc.a(_fixunssfsi.o)
 .ARM.attributes
                0x000007fe       0x2c C:/ST/STM32CubeIDE_2.0.0/STM32CubeIDE/plugins/com.st.stm32cube.ide.mcu.externaltools.gnu-tools-for-stm32.13.3.rel1.win32_1.0.100.202509120712/tools/bin/../lib/gcc/arm-none-eabi/13.3.1/thumb/v6-m/nofp\libgcc.a(addsf3.o)
 .ARM.attributes
                0x0000082a       0x2c C:/ST/STM32CubeIDE_2.0.0/STM32CubeIDE/plugins/com.st.stm32cube.ide.mcu.externaltools.gnu-tools-for-stm32.13.3.rel1.win32_1.0.100.202509120712/tools/bin/../lib/gcc/arm-none-eabi/13.3.1/thumb/v6-m/nofp\libgcc.a(divsf3.o)
 .ARM.attributes
                0x00000856       0x2c C:/ST/STM32CubeIDE_2.0.0/STM32CubeIDE/plugins/com.st.stm32cube.ide.mcu.externaltools.gnu-tools-for-stm32.13.3.rel1.win32_1.0.100.202509120712/tools/bin/../lib/gcc/arm-none-eabi/13.3.1/thumb/v6-m/nofp\libgcc.a(eqsf2.o)
 .ARM.attributes
                0x00000882       0x2c C:/ST/STM32CubeIDE_2.0.0/STM32CubeIDE/plugins/com.st.stm32cube.ide.mcu.externaltools.gnu-tools-for-stm32.13.3.rel1.win32_1.0.100.202509120712/tools/bin/../lib/gcc/arm-none-eabi/13.3.1/thumb/v6-m/nofp\libgcc.a(gesf2.o)
 .ARM.attributes
                0x000008ae       0x2c C:/ST/STM32CubeIDE_2.0.0/STM32CubeIDE/plugins/com.st.stm32cube.ide.mcu.externaltools.gnu-tools-for-stm32.13.3.rel1.win32_1.0.100.202509120712/tools/bin/../lib/gcc/arm-none-eabi/13.3.1/thumb/v6-m/nofp\libgcc.a(lesf2.o)
 .ARM.attributes
                0x000008da       0x2c C:/ST/STM32CubeIDE_2.0.0/STM32CubeIDE/plugins/com.st.stm32cube.ide.mcu.externaltools.gnu-tools-for-stm32.13.3.rel1.win32_1.0.100.202509120712/tools/bin/../lib/gcc/arm-none-eabi/13.3.1/thumb/v6-m/nofp\libgcc.a(mulsf3.o)
 .ARM.attributes
                0x00000906       0x2c C:/ST/STM32CubeIDE_2.0.0/STM32CubeIDE/plugins/com.st.stm32cube.ide.mcu.externaltools.gnu-tools-for-stm32.13.3.rel1.win32_1.0.100.202509120712/tools/bin/../lib/gcc/arm-none-eabi/13.3.1/thumb/v6-m/nofp\libgcc.a(subsf3.o)
 .ARM.attributes
                0x00000932       0x2c C:/ST/STM32CubeIDE_2.0.0/STM32CubeIDE/plugins/com.st.stm32cube.ide.mcu.externaltools.gnu-tools-for-stm32.13.3.rel1.win32_1.0.100.202509120712/tools/bin/../lib/gcc/arm-none-eabi/13.3.1/thumb/v6-m/nofp\libgcc.a(unordsf2.o)
 .ARM.attributes
                0x0000095e       0x2c C:/ST/STM32CubeIDE_2.0.0/STM32CubeIDE/plugins/com.st.stm32cube.ide.mcu.externaltools.gnu-tools-for-stm32.13.3.rel1.win32_1.0.100.202509120712/tools/bin/../lib/gcc/arm-none-eabi/13.3.1/thumb/v6-m/nofp\libgcc.a(fixsfsi.o)
 .ARM.attributes
                0x0000098a       0x2c C:/ST/STM32CubeIDE_2.0.0/STM32CubeIDE/plugins/com.st.stm32cube.ide.mcu.externaltools.gnu-tools-for-stm32.13.3.rel1.win32_1.0.100.202509120712/tools/bin/../lib/gcc/arm-none-eabi/13.3.1/thumb/v6-m/nofp\libgcc.a(floatsisf.o)
 .ARM.attributes
                0x000009b6       0x1e C:/ST/STM32CubeIDE_2.0.0/STM32CubeIDE/plugins/com.st.stm32cube.ide.mcu.externaltools.gnu-tools-for-stm32.13.3.rel1.win32_1.0.100.202509120712/tools/bin/../lib/gcc/arm-none-eabi/13.3.1/thumb/v6-m/nofp\libgcc.a(_clzsi2.o)
 .ARM.attributes
                0x000009d4       0x1e C:/ST/STM32CubeIDE_2.0.0/STM32CubeIDE/plugins/com.st.stm32cube.ide.mcu.externaltools.gnu-tools-for-stm32.13.3.rel1.win32_1.0.100.202509120712/tools/bin/../lib/gcc/arm-none-eabi/13.3.1/thumb/v6-m/nofp/crtn.o
OUTPUT(Actuation_IO_Distribution_Board_Embedded.elf elf32-littlearm)
LOAD linker stubs
LOAD C:/ST/STM32CubeIDE_2.0.0/STM32CubeIDE/plugins/com.st.stm32cube.ide.mcu.externaltools.gnu-tools-for-stm32.13.3.rel1.win32_1.0.100.202509120712/tools/bin/../lib/gcc/arm-none-eabi/13.3.1/../../../../arm-none-eabi/lib/thumb/v6-m/nofp\libc.a
LOAD C:/ST/STM32CubeIDE_2.0.0/STM32CubeIDE/plugins/com.st.stm32cube.ide.mcu.externaltools.gnu-tools-for-stm32.13.3.rel1.win32_1.0.100.202509120712/tools/bin/../lib/gcc/arm-none-eabi/13.3.1/../../../../arm-none-eabi/lib/thumb/v6-m/nofp\libm.a
LOAD C:/ST/STM32CubeIDE_2.0.0/STM32CubeIDE/plugins/com.st.stm32cube.ide.mcu.externaltools.gnu-tools-for-stm32.13.3.rel1.win32_1.0.100.202509120712/tools/bin/../lib/gcc/arm-none-eabi/13.3.1/thumb/v6-m/nofp\libgcc.a

.debug_info     0x00000000    0x1946f
 .debug_info    0x00000000     0x1029 ./Core/Src/CAN_Handler.o
 .debug_info    0x00001029      0x17c ./Core/Src/Core_System.o
 .debug_info    0x000011a5      0x2f6 ./Core/Src/ESTOP.o
 .debug_info    0x0000149b      0x379 ./Core/Src/Endstop.o
 .debug_info    0x00001814      0xd0f ./Core/Src/Fan_PWM.o
 .debug_info    0x00002523     0x13fd ./Core/Src/Power_Electronic.o
 .debug_info    0x00003920      0xbeb ./Core/Src/adc.o
 .debug_info    0x0000450b      0x365 ./Core/Src/dma.o
 .debug_info    0x00004870      0xfa9 ./Core/Src/eeprom_driver.o
 .debug_info    0x00005819      0x7a1 ./Core/Src/error_manager.o
 .debug_info    0x00005fba      0xe3f ./Core/Src/fdcan.o
 .debug_info    0x00006df9      0x431 ./Core/Src/gpio.o
 .debug_info    0x0000722a      0xbf6 ./Core/Src/i2c.o
 .debug_info    0x00007e20      0x8a0 ./Core/Src/main.o
 .debug_info    0x000086c0      0x278 ./Core/Src/stm32g0xx_hal_msp.o
 .debug_info    0x00008938      0x99b ./Core/Src/stm32g0xx_it.o
 .debug_info    0x000092d3      0x316 ./Core/Src/system_stm32g0xx.o
 .debug_info    0x000095e9     0x1250 ./Core/Src/tim.o
 .debug_info    0x0000a839       0x30 ./Core/Startup/startup_stm32g0b1retx.o
 .debug_info    0x0000a869      0xafa ./Drivers/STM32G0xx_HAL_Driver/Src/stm32g0xx_hal.o
 .debug_info    0x0000b363     0x15cf ./Drivers/STM32G0xx_HAL_Driver/Src/stm32g0xx_hal_adc.o
 .debug_info    0x0000c932      0xb8e ./Drivers/STM32G0xx_HAL_Driver/Src/stm32g0xx_hal_adc_ex.o
 .debug_info    0x0000d4c0      0x8d9 ./Drivers/STM32G0xx_HAL_Driver/Src/stm32g0xx_hal_cortex.o
 .debug_info    0x0000dd99      0x869 ./Drivers/STM32G0xx_HAL_Driver/Src/stm32g0xx_hal_dma.o
 .debug_info    0x0000e602     0x1883 ./Drivers/STM32G0xx_HAL_Driver/Src/stm32g0xx_hal_fdcan.o
 .debug_info    0x0000fe85      0x5d9 ./Drivers/STM32G0xx_HAL_Driver/Src/stm32g0xx_hal_gpio.o
 .debug_info    0x0001045e     0x2205 ./Drivers/STM32G0xx_HAL_Driver/Src/stm32g0xx_hal_i2c.o
 .debug_info    0x00012663      0xa46 ./Drivers/STM32G0xx_HAL_Driver/Src/stm32g0xx_hal_i2c_ex.o
 .debug_info    0x000130a9      0x8b5 ./Drivers/STM32G0xx_HAL_Driver/Src/stm32g0xx_hal_pwr_ex.o
 .debug_info    0x0001395e      0xb9b ./Drivers/STM32G0xx_HAL_Driver/Src/stm32g0xx_hal_rcc.o
 .debug_info    0x000144f9      0xa41 ./Drivers/STM32G0xx_HAL_Driver/Src/stm32g0xx_hal_rcc_ex.o
 .debug_info    0x00014f3a     0x2c12 ./Drivers/STM32G0xx_HAL_Driver/Src/stm32g0xx_hal_tim.o
 .debug_info    0x00017b4c     0x1923 ./Drivers/STM32G0xx_HAL_Driver/Src/stm32g0xx_hal_tim_ex.o

.debug_abbrev   0x00000000     0x42ce
 .debug_abbrev  0x00000000      0x354 ./Core/Src/CAN_Handler.o
 .debug_abbrev  0x00000354       0xf1 ./Core/Src/Core_System.o
 .debug_abbrev  0x00000445      0x1ae ./Core/Src/ESTOP.o
 .debug_abbrev  0x000005f3      0x16f ./Core/Src/Endstop.o
 .debug_abbrev  0x00000762      0x21f ./Core/Src/Fan_PWM.o
 .debug_abbrev  0x00000981      0x324 ./Core/Src/Power_Electronic.o
 .debug_abbrev  0x00000ca5      0x203 ./Core/Src/adc.o
 .debug_abbrev  0x00000ea8      0x115 ./Core/Src/dma.o
 .debug_abbrev  0x00000fbd      0x2e4 ./Core/Src/eeprom_driver.o
 .debug_abbrev  0x000012a1      0x1fb ./Core/Src/error_manager.o
 .debug_abbrev  0x0000149c      0x244 ./Core/Src/fdcan.o
 .debug_abbrev  0x000016e0      0x158 ./Core/Src/gpio.o
 .debug_abbrev  0x00001838      0x219 ./Core/Src/i2c.o
 .debug_abbrev  0x00001a51      0x208 ./Core/Src/main.o
 .debug_abbrev  0x00001c59       0xf9 ./Core/Src/stm32g0xx_hal_msp.o
 .debug_abbrev  0x00001d52      0x1a5 ./Core/Src/stm32g0xx_it.o
 .debug_abbrev  0x00001ef7      0x119 ./Core/Src/system_stm32g0xx.o
 .debug_abbrev  0x00002010      0x250 ./Core/Src/tim.o
 .debug_abbrev  0x00002260       0x24 ./Core/Startup/startup_stm32g0b1retx.o
 .debug_abbrev  0x00002284      0x27f ./Drivers/STM32G0xx_HAL_Driver/Src/stm32g0xx_hal.o
 .debug_abbrev  0x00002503      0x276 ./Drivers/STM32G0xx_HAL_Driver/Src/stm32g0xx_hal_adc.o
 .debug_abbrev  0x00002779      0x242 ./Drivers/STM32G0xx_HAL_Driver/Src/stm32g0xx_hal_adc_ex.o
 .debug_abbrev  0x000029bb      0x2ab ./Drivers/STM32G0xx_HAL_Driver/Src/stm32g0xx_hal_cortex.o
 .debug_abbrev  0x00002c66      0x214 ./Drivers/STM32G0xx_HAL_Driver/Src/stm32g0xx_hal_dma.o
 .debug_abbrev  0x00002e7a      0x1eb ./Drivers/STM32G0xx_HAL_Driver/Src/stm32g0xx_hal_fdcan.o
 .debug_abbrev  0x00003065      0x1c8 ./Drivers/STM32G0xx_HAL_Driver/Src/stm32g0xx_hal_gpio.o
 .debug_abbrev  0x0000322d      0x282 ./Drivers/STM32G0xx_HAL_Driver/Src/stm32g0xx_hal_i2c.o
 .debug_abbrev  0x000034af      0x1d7 ./Drivers/STM32G0xx_HAL_Driver/Src/stm32g0xx_hal_i2c_ex.o
 .debug_abbrev  0x00003686      0x23c ./Drivers/STM32G0xx_HAL_Driver/Src/stm32g0xx_hal_pwr_ex.o
 .debug_abbrev  0x000038c2      0x2aa ./Drivers/STM32G0xx_HAL_Driver/Src/stm32g0xx_hal_rcc.o
 .debug_abbrev  0x00003b6c      0x244 ./Drivers/STM32G0xx_HAL_Driver/Src/stm32g0xx_hal_rcc_ex.o
 .debug_abbrev  0x00003db0      0x287 ./Drivers/STM32G0xx_HAL_Driver/Src/stm32g0xx_hal_tim.o
 .debug_abbrev  0x00004037      0x297 ./Drivers/STM32G0xx_HAL_Driver/Src/stm32g0xx_hal_tim_ex.o

.debug_aranges  0x00000000     0x17d8
 .debug_aranges
                0x00000000       0x80 ./Core/Src/CAN_Handler.o
 .debug_aranges
                0x00000080       0x40 ./Core/Src/Core_System.o
 .debug_aranges
                0x000000c0       0x38 ./Core/Src/ESTOP.o
 .debug_aranges
                0x000000f8       0x30 ./Core/Src/Endstop.o
 .debug_aranges
                0x00000128       0x48 ./Core/Src/Fan_PWM.o
 .debug_aranges
                0x00000170       0xd8 ./Core/Src/Power_Electronic.o
 .debug_aranges
                0x00000248       0x30 ./Core/Src/adc.o
 .debug_aranges
                0x00000278       0x20 ./Core/Src/dma.o
 .debug_aranges
                0x00000298       0xa0 ./Core/Src/eeprom_driver.o
 .debug_aranges
                0x00000338       0x60 ./Core/Src/error_manager.o
 .debug_aranges
                0x00000398       0x40 ./Core/Src/fdcan.o
 .debug_aranges
                0x000003d8       0x20 ./Core/Src/gpio.o
 .debug_aranges
                0x000003f8       0x30 ./Core/Src/i2c.o
 .debug_aranges
                0x00000428       0x30 ./Core/Src/main.o
 .debug_aranges
                0x00000458       0x20 ./Core/Src/stm32g0xx_hal_msp.o
 .debug_aranges
                0x00000478       0x60 ./Core/Src/stm32g0xx_it.o
 .debug_aranges
                0x000004d8       0x28 ./Core/Src/system_stm32g0xx.o
 .debug_aranges
                0x00000500       0x50 ./Core/Src/tim.o
 .debug_aranges
                0x00000550       0x28 ./Core/Startup/startup_stm32g0b1retx.o
 .debug_aranges
                0x00000578      0x130 ./Drivers/STM32G0xx_HAL_Driver/Src/stm32g0xx_hal.o
 .debug_aranges
                0x000006a8      0x1f0 ./Drivers/STM32G0xx_HAL_Driver/Src/stm32g0xx_hal_adc.o
 .debug_aranges
                0x00000898       0xb0 ./Drivers/STM32G0xx_HAL_Driver/Src/stm32g0xx_hal_adc_ex.o
 .debug_aranges
                0x00000948       0xe8 ./Drivers/STM32G0xx_HAL_Driver/Src/stm32g0xx_hal_cortex.o
 .debug_aranges
                0x00000a30       0x90 ./Drivers/STM32G0xx_HAL_Driver/Src/stm32g0xx_hal_dma.o
 .debug_aranges
                0x00000ac0      0x208 ./Drivers/STM32G0xx_HAL_Driver/Src/stm32g0xx_hal_fdcan.o
 .debug_aranges
                0x00000cc8       0x60 ./Drivers/STM32G0xx_HAL_Driver/Src/stm32g0xx_hal_gpio.o
 .debug_aranges
                0x00000d28      0x2a0 ./Drivers/STM32G0xx_HAL_Driver/Src/stm32g0xx_hal_i2c.o
 .debug_aranges
                0x00000fc8       0x48 ./Drivers/STM32G0xx_HAL_Driver/Src/stm32g0xx_hal_i2c_ex.o
 .debug_aranges
                0x00001010      0x128 ./Drivers/STM32G0xx_HAL_Driver/Src/stm32g0xx_hal_pwr_ex.o
 .debug_aranges
                0x00001138       0xa0 ./Drivers/STM32G0xx_HAL_Driver/Src/stm32g0xx_hal_rcc.o
 .debug_aranges
                0x000011d8       0x88 ./Drivers/STM32G0xx_HAL_Driver/Src/stm32g0xx_hal_rcc_ex.o
 .debug_aranges
                0x00001260      0x3e0 ./Drivers/STM32G0xx_HAL_Driver/Src/stm32g0xx_hal_tim.o
 .debug_aranges
                0x00001640      0x198 ./Drivers/STM32G0xx_HAL_Driver/Src/stm32g0xx_hal_tim_ex.o

.debug_rnglists
                0x00000000     0x127b
 .debug_rnglists
                0x00000000       0x5f ./Core/Src/CAN_Handler.o
 .debug_rnglists
                0x0000005f       0x2b ./Core/Src/Core_System.o
 .debug_rnglists
                0x0000008a       0x26 ./Core/Src/ESTOP.o
 .debug_rnglists
                0x000000b0       0x21 ./Core/Src/Endstop.o
 .debug_rnglists
                0x000000d1       0x34 ./Core/Src/Fan_PWM.o
 .debug_rnglists
                0x00000105       0xa6 ./Core/Src/Power_Electronic.o
 .debug_rnglists
                0x000001ab       0x21 ./Core/Src/adc.o
 .debug_rnglists
                0x000001cc       0x13 ./Core/Src/dma.o
 .debug_rnglists
                0x000001df       0xa4 ./Core/Src/eeprom_driver.o
 .debug_rnglists
                0x00000283       0x48 ./Core/Src/error_manager.o
 .debug_rnglists
                0x000002cb       0x2e ./Core/Src/fdcan.o
 .debug_rnglists
                0x000002f9       0x14 ./Core/Src/gpio.o
 .debug_rnglists
                0x0000030d       0x21 ./Core/Src/i2c.o
 .debug_rnglists
                0x0000032e       0x20 ./Core/Src/main.o
 .debug_rnglists
                0x0000034e       0x13 ./Core/Src/stm32g0xx_hal_msp.o
 .debug_rnglists
                0x00000361       0x43 ./Core/Src/stm32g0xx_it.o
 .debug_rnglists
                0x000003a4       0x1a ./Core/Src/system_stm32g0xx.o
 .debug_rnglists
                0x000003be       0x3e ./Core/Src/tim.o
 .debug_rnglists
                0x000003fc       0x19 ./Core/Startup/startup_stm32g0b1retx.o
 .debug_rnglists
                0x00000415       0xe0 ./Drivers/STM32G0xx_HAL_Driver/Src/stm32g0xx_hal.o
 .debug_rnglists
                0x000004f5      0x17f ./Drivers/STM32G0xx_HAL_Driver/Src/stm32g0xx_hal_adc.o
 .debug_rnglists
                0x00000674       0x81 ./Drivers/STM32G0xx_HAL_Driver/Src/stm32g0xx_hal_adc_ex.o
 .debug_rnglists
                0x000006f5       0xaa ./Drivers/STM32G0xx_HAL_Driver/Src/stm32g0xx_hal_cortex.o
 .debug_rnglists
                0x0000079f       0x72 ./Drivers/STM32G0xx_HAL_Driver/Src/stm32g0xx_hal_dma.o
 .debug_rnglists
                0x00000811      0x18d ./Drivers/STM32G0xx_HAL_Driver/Src/stm32g0xx_hal_fdcan.o
 .debug_rnglists
                0x0000099e       0x45 ./Drivers/STM32G0xx_HAL_Driver/Src/stm32g0xx_hal_gpio.o
 .debug_rnglists
                0x000009e3      0x229 ./Drivers/STM32G0xx_HAL_Driver/Src/stm32g0xx_hal_i2c.o
 .debug_rnglists
                0x00000c0c       0x35 ./Drivers/STM32G0xx_HAL_Driver/Src/stm32g0xx_hal_i2c_ex.o
 .debug_rnglists
                0x00000c41       0xe0 ./Drivers/STM32G0xx_HAL_Driver/Src/stm32g0xx_hal_pwr_ex.o
 .debug_rnglists
                0x00000d21       0x79 ./Drivers/STM32G0xx_HAL_Driver/Src/stm32g0xx_hal_rcc.o
 .debug_rnglists
                0x00000d9a       0x69 ./Drivers/STM32G0xx_HAL_Driver/Src/stm32g0xx_hal_rcc_ex.o
 .debug_rnglists
                0x00000e03      0x32a ./Drivers/STM32G0xx_HAL_Driver/Src/stm32g0xx_hal_tim.o
 .debug_rnglists
                0x0000112d      0x14e ./Drivers/STM32G0xx_HAL_Driver/Src/stm32g0xx_hal_tim_ex.o

.debug_macro    0x00000000    0x20ffb
 .debug_macro   0x00000000      0x373 ./Core/Src/CAN_Handler.o
 .debug_macro   0x00000373      0xaae ./Core/Src/CAN_Handler.o
 .debug_macro   0x00000e21       0x46 ./Core/Src/CAN_Handler.o
 .debug_macro   0x00000e67       0x22 ./Core/Src/CAN_Handler.o
 .debug_macro   0x00000e89       0x8e ./Core/Src/CAN_Handler.o
 .debug_macro   0x00000f17       0x51 ./Core/Src/CAN_Handler.o
 .debug_macro   0x00000f68      0x103 ./Core/Src/CAN_Handler.o
 .debug_macro   0x0000106b       0x6a ./Core/Src/CAN_Handler.o
 .debug_macro   0x000010d5      0x1df ./Core/Src/CAN_Handler.o
 .debug_macro   0x000012b4      0x136 ./Core/Src/CAN_Handler.o
 .debug_macro   0x000013ea       0x2e ./Core/Src/CAN_Handler.o
 .debug_macro   0x00001418       0x28 ./Core/Src/CAN_Handler.o
 .debug_macro   0x00001440       0x1c ./Core/Src/CAN_Handler.o
 .debug_macro   0x0000145c       0x22 ./Core/Src/CAN_Handler.o
 .debug_macro   0x0000147e       0xd1 ./Core/Src/CAN_Handler.o
 .debug_macro   0x0000154f      0x4da ./Core/Src/CAN_Handler.o
 .debug_macro   0x00001a29      0x11f ./Core/Src/CAN_Handler.o
 .debug_macro   0x00001b48     0xf3de ./Core/Src/CAN_Handler.o
 .debug_macro   0x00010f26       0x66 ./Core/Src/CAN_Handler.o
 .debug_macro   0x00010f8c     0x350e ./Core/Src/CAN_Handler.o
 .debug_macro   0x0001449a      0x190 ./Core/Src/CAN_Handler.o
 .debug_macro   0x0001462a       0x5c ./Core/Src/CAN_Handler.o
 .debug_macro   0x00014686      0x72c ./Core/Src/CAN_Handler.o
 .debug_macro   0x00014db2     0x1579 ./Core/Src/CAN_Handler.o
 .debug_macro   0x0001632b      0x535 ./Core/Src/CAN_Handler.o
 .debug_macro   0x00016860      0x1cf ./Core/Src/CAN_Handler.o
 .debug_macro   0x00016a2f      0x25b ./Core/Src/CAN_Handler.o
 .debug_macro   0x00016c8a      0x4f5 ./Core/Src/CAN_Handler.o
 .debug_macro   0x0001717f      0x280 ./Core/Src/CAN_Handler.o
 .debug_macro   0x000173ff      0x417 ./Core/Src/CAN_Handler.o
 .debug_macro   0x00017816      0x1b2 ./Core/Src/CAN_Handler.o
 .debug_macro   0x000179c8       0x43 ./Core/Src/CAN_Handler.o
 .debug_macro   0x00017a0b      0x1f1 ./Core/Src/CAN_Handler.o
 .debug_macro   0x00017bfc      0x8bd ./Core/Src/CAN_Handler.o
 .debug_macro   0x000184b9      0x5c9 ./Core/Src/CAN_Handler.o
 .debug_macro   0x00018a82       0x2e ./Core/Src/CAN_Handler.o
 .debug_macro   0x00018ab0      0x1e4 ./Core/Src/CAN_Handler.o
 .debug_macro   0x00018c94      0x3fa ./Core/Src/CAN_Handler.o
 .debug_macro   0x0001908e       0x28 ./Core/Src/CAN_Handler.o
 .debug_macro   0x000190b6      0x123 ./Core/Src/CAN_Handler.o
 .debug_macro   0x000191d9      0x6bd ./Core/Src/CAN_Handler.o
 .debug_macro   0x00019896      0x22c ./Core/Src/CAN_Handler.o
 .debug_macro   0x00019ac2       0x67 ./Core/Src/CAN_Handler.o
 .debug_macro   0x00019b29       0xa5 ./Core/Src/CAN_Handler.o
 .debug_macro   0x00019bce      0x145 ./Core/Src/CAN_Handler.o
 .debug_macro   0x00019d13      0x30b ./Core/Src/CAN_Handler.o
 .debug_macro   0x0001a01e      0xae5 ./Core/Src/CAN_Handler.o
 .debug_macro   0x0001ab03      0x239 ./Core/Src/CAN_Handler.o
 .debug_macro   0x0001ad3c      0x5df ./Core/Src/CAN_Handler.o
 .debug_macro   0x0001b31b      0x260 ./Core/Src/CAN_Handler.o
 .debug_macro   0x0001b57b       0x61 ./Core/Src/CAN_Handler.o