../Core/Src/main.c:81:6:HAL_ADC_ConvCpltCallback	24	static
../Core/Src/main.c:99:5:main	8	static
../Core/Src/main.c:164:6:SystemClock_Config	96	static
../Core/Src/main.c:211:13:MX_ADC1_Init	24	static
../Core/Src/main.c:306:13:MX_FDCAN1_Init	8	static
../Core/Src/main.c:349:13:MX_I2C1_Init	8	static
../Core/Src/main.c:397:13:MX_TIM1_Init	40	static
../Core/Src/main.c:444:13:MX_TIM2_Init	40	static
../Core/Src/main.c:489:13:MX_TIM3_Init	40	static
../Core/Src/main.c:534:13:MX_TIM14_Init	40	static
../Core/Src/main.c:580:13:MX_USART2_UART_Init	8	static
../Core/Src/main.c:626:13:MX_DMA_Init	16	static
../Core/Src/main.c:644:13:MX_GPIO_Init	56	static
../Core/Src/main.c:686:6:Error_Handler	8	static,ignoring_inline_asm
