../Core/Src/main.c:81:6:HAL_ADC_ConvCpltCallback	3
../Core/Src/main.c:99:5:main	6
../Core/Src/main.c:164:6:SystemClock_Config	3
../Core/Src/main.c:211:13:MX_ADC1_Init	7
../Core/Src/main.c:306:13:MX_FDCAN1_Init	2
../Core/Src/main.c:349:13:MX_I2C1_Init	4
../Core/Src/main.c:397:13:MX_TIM1_Init	4
../Core/Src/main.c:444:13:MX_TIM2_Init	4
../Core/Src/main.c:489:13:MX_TIM3_Init	4
../Core/Src/main.c:534:13:MX_TIM14_Init	4
../Core/Src/main.c:580:13:MX_USART2_UART_Init	5
../Core/Src/main.c:626:13:MX_DMA_Init	1
../Core/Src/main.c:644:13:MX_GPIO_Init	1
../Core/Src/main.c:686:6:Error_Handler	1
