../canopen/Src/canopen_obj_dict.c:11:8:ObjDict_CreateEntry	48	static
../canopen/Src/canopen_obj_dict.c:49:6:ObjDict_Reset	8	static
../canopen/Src/canopen_obj_dict.c:57:5:__VerifyEntryPermissions	80	static
../canopen/Src/canopen_obj_dict.c:82:5:__SubindexCheck	72	static
../canopen/Src/canopen_obj_dict.c:93:5:__WriteDataCheck	80	static
../canopen/Src/canopen_obj_dict.c:109:5:__VerifyFrame	32	static
../canopen/Src/canopen_obj_dict.c:125:6:__ProcessFrameByEntry	88	static
../canopen/Src/canopen_obj_dict.c:166:15:ObjDict_HandleSdo	96	static
