../Drivers/CMSIS/Include/core_cm0plus.h:985:34:__NVIC_SystemReset	8	static,ignoring_inline_asm
../Core/Src/can_operation.c:52:6:CANInitTxHeader	8	static
../Core/Src/can_operation.c:69:19:CAN_Send	24	static
../Core/Src/can_operation.c:95:6:HAL_FDCAN_RxFifo0Callback	24	static
../Core/Src/can_operation.c:164:6:FOCdetection	8	static
../Core/Src/can_operation.c:181:6:CAN_Broadcast_HS_State	32	static
../Core/Src/can_operation.c:211:6:CAN_Broadcast_HS_Current_A	48	static
../Core/Src/can_operation.c:234:6:CAN_Broadcast_HS_Current_B	40	static
../Core/Src/can_operation.c:260:6:CAN_Broadcast_Voltage	40	static
../Core/Src/can_operation.c:292:6:CAN_Broadcast_Fan	32	static
../Core/Src/can_operation.c:319:6:CAN_Broadcast_EEPROM	24	static
../Core/Src/can_operation.c:344:6:CAN_Broadcast_UV	16	static
../Core/Src/can_operation.c:371:6:CAN_Broadcast_OC_Config	24	static
