../Drivers/CMSIS/Include/core_cm0plus.h:985:34:__NVIC_SystemReset	8	static,ignoring_inline_asm
../Core/Src/can_operation.c:63:6:CANInitTxHeader	16	static
../Core/Src/can_operation.c:89:6:CAN2_Host_Init	16	static
../Core/Src/can_operation.c:118:19:CAN_Send	24	static
../Core/Src/can_operation.c:135:19:CAN2_Send	24	static
../Core/Src/can_operation.c:153:19:CAN_SendAll	40	static
../Core/Src/can_operation.c:163:13:Parse_RX_Commands	32	static
../Core/Src/can_operation.c:238:6:HAL_FDCAN_RxFifo0Callback	120	static
../Core/Src/can_operation.c:288:6:FOCdetection	8	static
../Core/Src/can_operation.c:305:6:CAN_Broadcast_HS_State	32	static
../Core/Src/can_operation.c:335:6:CAN_Broadcast_HS_Current_A	48	static
../Core/Src/can_operation.c:358:6:CAN_Broadcast_HS_Current_B	32	static
../Core/Src/can_operation.c:384:6:CAN_Broadcast_Voltage	32	static
../Core/Src/can_operation.c:416:6:CAN_Broadcast_Fan	32	static
../Core/Src/can_operation.c:443:6:CAN_Broadcast_EEPROM	24	static
../Core/Src/can_operation.c:468:6:CAN_Broadcast_UV	16	static
../Core/Src/can_operation.c:495:6:CAN_Broadcast_OC_Config	24	static
../Core/Src/can_operation.c:528:6:CAN_Broadcast_IO_Status	16	static
