../Drivers/CMSIS/Include/core_cm0plus.h:985:34:__NVIC_SystemReset	8	static,ignoring_inline_asm
../Core/Src/can_operation.c:63:6:CANInitTxHeader	8	static
../Core/Src/can_operation.c:82:6:CAN2_Host_Init	16	static
../Core/Src/can_operation.c:111:19:CAN_Send	24	static
../Core/Src/can_operation.c:128:19:CAN2_Send	24	static
../Core/Src/can_operation.c:146:19:CAN_SendAll	40	static
../Core/Src/can_operation.c:156:13:Parse_RX_Commands	32	static
../Core/Src/can_operation.c:231:6:HAL_FDCAN_RxFifo0Callback	120	static
../Core/Src/can_operation.c:281:6:FOCdetection	8	static
../Core/Src/can_operation.c:298:6:CAN_Broadcast_HS_State	32	static
../Core/Src/can_operation.c:328:6:CAN_Broadcast_HS_Current_A	48	static
../Core/Src/can_operation.c:351:6:CAN_Broadcast_HS_Current_B	40	static
../Core/Src/can_operation.c:377:6:CAN_Broadcast_Voltage	40	static
../Core/Src/can_operation.c:409:6:CAN_Broadcast_Fan	32	static
../Core/Src/can_operation.c:436:6:CAN_Broadcast_EEPROM	24	static
../Core/Src/can_operation.c:461:6:CAN_Broadcast_UV	16	static
../Core/Src/can_operation.c:488:6:CAN_Broadcast_OC_Config	24	static
../Core/Src/can_operation.c:521:6:CAN_Broadcast_IO_Status	16	static
