../Drivers/CMSIS/Include/core_cm0plus.h:985:34:__NVIC_SystemReset	8	static,ignoring_inline_asm
../Core/Src/can_operation.c:69:6:CANInitTxHeader	16	static
../Core/Src/can_operation.c:103:6:CAN2_Host_Init	16	static
../Core/Src/can_operation.c:139:19:CAN_Send	24	static
../Core/Src/can_operation.c:158:19:CAN2_Send	24	static
../Core/Src/can_operation.c:178:19:CAN_SendAll	40	static
../Core/Src/can_operation.c:188:13:Parse_RX_Commands	32	static
../Core/Src/can_operation.c:263:6:HAL_FDCAN_RxFifo0Callback	120	static
../Core/Src/can_operation.c:320:6:HAL_FDCAN_ErrorStatusCallback	32	static
../Core/Src/can_operation.c:372:6:FOCdetection	8	static
../Core/Src/can_operation.c:389:6:CAN_Broadcast_HS_State	32	static
../Core/Src/can_operation.c:419:6:CAN_Broadcast_HS_Current_A	48	static
../Core/Src/can_operation.c:442:6:CAN_Broadcast_HS_Current_B	32	static
../Core/Src/can_operation.c:468:6:CAN_Broadcast_Voltage	32	static
../Core/Src/can_operation.c:500:6:CAN_Broadcast_Fan	32	static
../Core/Src/can_operation.c:527:6:CAN_Broadcast_EEPROM	24	static
../Core/Src/can_operation.c:552:6:CAN_Broadcast_UV	16	static
../Core/Src/can_operation.c:579:6:CAN_Broadcast_OC_Config	24	static
../Core/Src/can_operation.c:612:6:CAN_Broadcast_IO_Status	16	static
