../Drivers/CMSIS/Include/core_cm0plus.h:985:34:__NVIC_SystemReset	8	static,ignoring_inline_asm
../Core/Src/can_operation.c:71:6:CANInitTxHeader	16	static
../Core/Src/can_operation.c:105:6:CAN2_Host_Init	16	static
../Core/Src/can_operation.c:141:19:CAN_Send	24	static
../Core/Src/can_operation.c:160:19:CAN2_Send	24	static
../Core/Src/can_operation.c:180:19:CAN_SendAll	40	static
../Core/Src/can_operation.c:190:13:Parse_RX_Commands	32	static
../Core/Src/can_operation.c:286:6:HAL_FDCAN_RxFifo0Callback	120	static
../Core/Src/can_operation.c:343:6:HAL_FDCAN_ErrorStatusCallback	32	static
../Core/Src/can_operation.c:395:6:FOCdetection	8	static
../Core/Src/can_operation.c:412:6:CAN_Broadcast_HS_State	32	static
../Core/Src/can_operation.c:442:6:CAN_Broadcast_HS_Current_A	48	static
../Core/Src/can_operation.c:465:6:CAN_Broadcast_HS_Current_B	32	static
../Core/Src/can_operation.c:491:6:CAN_Broadcast_Voltage	32	static
../Core/Src/can_operation.c:533:6:CAN_Broadcast_Fan	32	static
../Core/Src/can_operation.c:560:6:CAN_Broadcast_EEPROM	24	static
../Core/Src/can_operation.c:585:6:CAN_Broadcast_UV	16	static
../Core/Src/can_operation.c:612:6:CAN_Broadcast_OC_Config	24	static
../Core/Src/can_operation.c:645:6:CAN_Broadcast_IO_Status	16	static
../Core/Src/can_operation.c:670:6:CAN_Broadcast_Battery_Cfg	32	static
