../Drivers/CMSIS/Include/core_cm0plus.h:985:34:__NVIC_SystemReset	8	static,ignoring_inline_asm
../Core/Src/can_operation.c:71:6:CANInitTxHeader	16	static
../Core/Src/can_operation.c:105:6:CAN2_Host_Init	16	static
../Core/Src/can_operation.c:141:19:CAN_Send	24	static
../Core/Src/can_operation.c:160:19:CAN2_Send	24	static
../Core/Src/can_operation.c:180:19:CAN_SendAll	40	static
../Core/Src/can_operation.c:190:13:Parse_RX_Commands	32	static
../Core/Src/can_operation.c:265:6:HAL_FDCAN_RxFifo0Callback	120	static
../Core/Src/can_operation.c:322:6:HAL_FDCAN_ErrorStatusCallback	32	static
../Core/Src/can_operation.c:374:6:FOCdetection	8	static
../Core/Src/can_operation.c:391:6:CAN_Broadcast_HS_State	32	static
../Core/Src/can_operation.c:421:6:CAN_Broadcast_HS_Current_A	48	static
../Core/Src/can_operation.c:444:6:CAN_Broadcast_HS_Current_B	32	static
../Core/Src/can_operation.c:470:6:CAN_Broadcast_Voltage	32	static
../Core/Src/can_operation.c:502:6:CAN_Broadcast_Fan	32	static
../Core/Src/can_operation.c:529:6:CAN_Broadcast_EEPROM	24	static
../Core/Src/can_operation.c:554:6:CAN_Broadcast_UV	16	static
../Core/Src/can_operation.c:581:6:CAN_Broadcast_OC_Config	24	static
../Core/Src/can_operation.c:614:6:CAN_Broadcast_IO_Status	16	static
../Core/Src/can_operation.c:639:6:CAN_Broadcast_Battery_Cfg	32	static
