../Core/Src/io_module.c:49:6:HS_init	16	static
../Core/Src/io_module.c:63:6:HS_Enable	16	static
../Core/Src/io_module.c:69:6:HS_EnableAll	8	static
../Core/Src/io_module.c:76:6:HS_EnableWithoutCap	8	static
../Core/Src/io_module.c:82:6:HS_Disable	16	static
../Core/Src/io_module.c:88:6:HS_DisableAll	8	static
../Core/Src/io_module.c:95:6:HS_Fault	16	static
../Core/Src/io_module.c:99:6:HS_PGood	16	static
../Core/Src/io_module.c:103:6:Bat_curr_measurement	16	static
../Core/Src/io_module.c:108:6:Cap_curr_measurement	16	static
../Core/Src/io_module.c:112:6:SBC_curr_measurement	16	static
../Core/Src/io_module.c:116:6:Drive_curr_measurement	16	static
../Core/Src/io_module.c:120:6:LED_curr_measurement	16	static
../Core/Src/io_module.c:124:6:AUX_curr_measurement	16	static
../Core/Src/io_module.c:127:6:NTC_Temp_measurement	32	static
../Core/Src/io_module.c:135:6:V24_volt_measurement	16	static
../Core/Src/io_module.c:139:6:VCAP_volt_measurement	16	static
../Core/Src/io_module.c:143:6:V12_volt_measurement	16	static
