../Core/Src/io_module.c:49:6:HS_init	16	static
../Core/Src/io_module.c:71:6:HS_Enable	16	static
../Core/Src/io_module.c:77:6:HS_EnableAll	8	static
../Core/Src/io_module.c:84:6:HS_EnableWithoutCap	8	static
../Core/Src/io_module.c:90:6:HS_Disable	16	static
../Core/Src/io_module.c:96:6:HS_DisableAll	8	static
../Core/Src/io_module.c:103:6:HS_Fault	16	static
../Core/Src/io_module.c:107:6:HS_PGood	16	static
../Core/Src/io_module.c:112:6:Bat_curr_measurement	16	static
../Core/Src/io_module.c:116:6:Cap_curr_measurement	16	static
../Core/Src/io_module.c:120:6:SBC_curr_measurement	16	static
../Core/Src/io_module.c:124:6:Drive_curr_measurement	16	static
../Core/Src/io_module.c:128:6:LED_curr_measurement	16	static
../Core/Src/io_module.c:132:6:AUX_curr_measurement	16	static
../Core/Src/io_module.c:135:6:NTC_Temp_measurement	32	static
../Core/Src/io_module.c:143:6:V24_volt_measurement	16	static
../Core/Src/io_module.c:147:6:VCAP_volt_measurement	16	static
../Core/Src/io_module.c:151:6:V12_volt_measurement	16	static
