../Core/Src/main.c:46:13:VectorBase_Config	1
../Core/Src/main.c:61:6:HAL_ADC_ConvCpltCallback	1
../Core/Src/main.c:116:5:main	11
../Core/Src/main.c:273:6:SystemClock_Config	3
../Core/Src/main.c:320:13:MX_ADC1_Init	13
../Core/Src/main.c:451:13:MX_FDCAN1_Init	2
../Core/Src/main.c:494:13:MX_FDCAN2_Init	2
../Core/Src/main.c:537:13:MX_I2C1_Init	4
../Core/Src/main.c:588:13:MX_TIM1_Init	7
../Core/Src/main.c:668:13:MX_DMA_Init	1
../Core/Src/main.c:686:13:MX_GPIO_Init	1
../Core/Src/main.c:786:6:Error_Handler	1
