../Core/Src/main.c:40:13:VectorBase_Config	8	static
../Core/Src/main.c:99:5:main	8	static
../Core/Src/main.c:153:6:SystemClock_Config	96	static
../Core/Src/main.c:200:13:MX_ADC1_Init	24	static
../Core/Src/main.c:331:13:MX_FDCAN1_Init	8	static
../Core/Src/main.c:374:13:MX_FDCAN2_Init	8	static
../Core/Src/main.c:417:13:MX_I2C1_Init	8	static
../Core/Src/main.c:468:13:MX_TIM1_Init	120	static
../Core/Src/main.c:548:13:MX_DMA_Init	16	static
../Core/Src/main.c:561:13:MX_GPIO_Init	56	static
../Core/Src/main.c:661:6:Error_Handler	8	static,ignoring_inline_asm
