../Core/Src/main.c:45:13:VectorBase_Config	1
../Core/Src/main.c:60:6:HAL_ADC_ConvCpltCallback	1
../Core/Src/main.c:115:5:main	11
../Core/Src/main.c:272:6:SystemClock_Config	3
../Core/Src/main.c:319:13:MX_ADC1_Init	13
../Core/Src/main.c:450:13:MX_FDCAN1_Init	2
../Core/Src/main.c:493:13:MX_FDCAN2_Init	2
../Core/Src/main.c:536:13:MX_I2C1_Init	4
../Core/Src/main.c:587:13:MX_TIM1_Init	7
../Core/Src/main.c:667:13:MX_DMA_Init	1
../Core/Src/main.c:685:13:MX_GPIO_Init	1
../Core/Src/main.c:785:6:Error_Handler	1
