../Core/Src/main.c:39:13:VectorBase_Config	8	static
../Core/Src/main.c:98:5:main	8	static
../Core/Src/main.c:150:6:SystemClock_Config	96	static
../Core/Src/main.c:197:13:MX_ADC1_Init	24	static
../Core/Src/main.c:328:13:MX_FDCAN1_Init	8	static
../Core/Src/main.c:371:13:MX_FDCAN2_Init	8	static
../Core/Src/main.c:414:13:MX_I2C1_Init	8	static
../Core/Src/main.c:465:13:MX_TIM1_Init	120	static
../Core/Src/main.c:545:13:MX_DMA_Init	16	static
../Core/Src/main.c:558:13:MX_GPIO_Init	56	static
../Core/Src/main.c:658:6:Error_Handler	8	static,ignoring_inline_asm
