../Core/Src/powerstage_app.c:76:13:Apply_Config	16	static
../Core/Src/powerstage_app.c:119:13:Run_Measurements	24	static
../Core/Src/powerstage_app.c:145:13:Check_OC	32	static
../Core/Src/powerstage_app.c:173:13:Check_UV	8	static
../Core/Src/powerstage_app.c:186:13:Handle_CAN_Commands	16	static
../Core/Src/powerstage_app.c:298:13:Check_FactoryReset_Button	16	static
../Core/Src/powerstage_app.c:314:13:Common_Task	16	static
../Core/Src/powerstage_app.c:359:13:State_Init	8	static
../Core/Src/powerstage_app.c:414:13:State_Running	8	static
../Core/Src/powerstage_app.c:428:13:State_Fault	8	static
../Core/Src/powerstage_app.c:444:6:PS_App_Init	8	static
../Core/Src/powerstage_app.c:451:6:PS_App_Task	8	static
