../Core/Src/powerstage_app.c:76:13:Apply_Config	16	static
../Core/Src/powerstage_app.c:126:13:Run_Measurements	24	static
../Core/Src/powerstage_app.c:152:13:Check_OC	32	static
../Core/Src/powerstage_app.c:180:13:Check_UV	8	static
../Core/Src/powerstage_app.c:193:13:Handle_CAN_Commands	24	static
../Core/Src/powerstage_app.c:326:13:Check_FactoryReset_Button	16	static
../Core/Src/powerstage_app.c:342:13:Common_Task	16	static
../Core/Src/powerstage_app.c:387:13:State_Init	8	static
../Core/Src/powerstage_app.c:442:13:State_Running	8	static
../Core/Src/powerstage_app.c:456:13:State_Fault	8	static
../Core/Src/powerstage_app.c:472:6:PS_App_Init	8	static
../Core/Src/powerstage_app.c:479:6:PS_App_Task	8	static
