../Core/Src/ssd1306.c:51:9:SSD1306_Init	16	static
../Core/Src/ssd1306.c:137:6:SSD1306_UpdateScreen	16	static
../Core/Src/ssd1306.c:150:6:SSD1306_ToggleInvert	16	static
../Core/Src/ssd1306.c:162:6:SSD1306_Fill	16	static
../Core/Src/ssd1306.c:167:6:SSD1306_DrawPixel	24	static
../Core/Src/ssd1306.c:189:6:SSD1306_GotoXY	16	static
../Core/Src/ssd1306.c:195:6:SSD1306_Putc	32	static
../Core/Src/ssd1306.c:226:6:SSD1306_Puts	24	static
../Core/Src/ssd1306.c:244:6:SSD1306_DrawLine	40	static
../Core/Src/ssd1306.c:328:6:SSD1306_DrawRectangle	32	static
../Core/Src/ssd1306.c:353:6:SSD1306_DrawFilledRectangle	40	static
../Core/Src/ssd1306.c:380:6:SSD1306_DrawTriangle	40	static
../Core/Src/ssd1306.c:388:6:SSD1306_DrawFilledTriangle	72	static
../Core/Src/ssd1306.c:444:6:SSD1306_DrawCircle	40	static
../Core/Src/ssd1306.c:478:6:SSD1306_DrawFilledCircle	56	static
../Core/Src/ssd1306.c:510:6:SSD1306_ScrollRight	16	static
../Core/Src/ssd1306.c:523:6:SSD1306_ScrollLeft	16	static
../Core/Src/ssd1306.c:536:6:SSD1306_Scrolldiagright	16	static
../Core/Src/ssd1306.c:549:6:SSD1306_Scrolldiagleft	16	static
../Core/Src/ssd1306.c:565:6:SSD1306_Stopscroll	8	static
../Core/Src/ssd1306.c:572:6:SSD1306_InvertDisplay	16	static
../Core/Src/ssd1306.c:581:6:SSD1306_DrawBitmap	40	static
../Core/Src/ssd1306.c:610:6:SSD1306_DrawBitmapFast	56	static
../Core/Src/ssd1306.c:638:6:SSD1306_DrawBitmapShifted	64	static
../Core/Src/ssd1306.c:666:6:SSD1306_Clear	8	static
../Core/Src/ssd1306.c:671:6:SSD1306_ON	8	static
../Core/Src/ssd1306.c:676:6:SSD1306_OFF	8	static
../Core/Src/ssd1306.c:682:6:Demo_ScrollRight	8	static
../Core/Src/ssd1306.c:710:6:ssd1306_I2C_Init	16	static
../Core/Src/ssd1306.c:722:6:ssd1306_I2C_WriteMulti	296	static
../Core/Src/ssd1306.c:732:6:ssd1306_I2C_Write	40	static
