../Core/Src/ui_display.c:79:20:draw_row	48	static
../Core/Src/ui_display.c:88:20:draw_at	16	static
../Core/Src/ui_display.c:103:13:fmt_f1	56	static
../Core/Src/ui_display.c:171:13:Draw_Page_Overview	72	static
../Core/Src/ui_display.c:233:13:Draw_Page_RailStatus	16	static
../Core/Src/ui_display.c:275:13:Draw_Page_FaultDetail	16	static
../Core/Src/ui_display.c:324:6:DisplayContent_Update	24	static
../Core/Src/ui_display.c:372:6:UI_Display_SetPageDwell	16	static
../Core/Src/ui_display.c:385:9:UI_Display_GetPageDwell	16	static
../Core/Src/ui_display.c:394:6:UI_Display_Init	8	static
../Core/Src/ui_display.c:409:6:UI_Display_Update	8	static
../Core/Src/ui_display.c:417:6:UI_Display_SetState	16	static
../Core/Src/ui_display.c:425:6:UI_Display_SetErrorCode	16	static
../Core/Src/ui_display.c:436:6:UI_Display_UpdateFromModules	32	static
