../Core/Src/ui_display.c:77:20:draw_row	48	static
../Core/Src/ui_display.c:86:20:draw_at	16	static
../Core/Src/ui_display.c:101:13:fmt_f1	56	static
../Core/Src/ui_display.c:154:13:Draw_Page_Overview	72	static
../Core/Src/ui_display.c:206:13:Draw_Page_RailStatus	16	static
../Core/Src/ui_display.c:248:13:Draw_Page_FaultDetail	16	static
../Core/Src/ui_display.c:297:6:DisplayContent_Update	32	static
../Core/Src/ui_display.c:333:6:UI_Display_Init	8	static
../Core/Src/ui_display.c:348:6:UI_Display_Update	8	static
../Core/Src/ui_display.c:356:6:UI_Display_SetState	16	static
../Core/Src/ui_display.c:364:6:UI_Display_SetErrorCode	16	static
../Core/Src/ui_display.c:375:6:UI_Display_UpdateFromModules	32	static
