Archive member included to satisfy reference by file (symbol)

C:/ST/STM32CubeIDE_2.0.0/STM32CubeIDE/plugins/com.st.stm32cube.ide.mcu.externaltools.gnu-tools-for-stm32.14.3.rel1.win32_1.0.100.202602081740/tools/bin/../lib/gcc/arm-none-eabi/14.3.1/../../../../arm-none-eabi/lib/thumb/v6-m/nofp\libc_nano.a(libc_a-exit.o)
                              C:/ST/STM32CubeIDE_2.0.0/STM32CubeIDE/plugins/com.st.stm32cube.ide.mcu.externaltools.gnu-tools-for-stm32.14.3.rel1.win32_1.0.100.202602081740/tools/bin/../lib/gcc/arm-none-eabi/14.3.1/../../../../arm-none-eabi/lib/thumb/v6-m/nofp/crt0.o (exit)
C:/ST/STM32CubeIDE_2.0.0/STM32CubeIDE/plugins/com.st.stm32cube.ide.mcu.externaltools.gnu-tools-for-stm32.14.3.rel1.win32_1.0.100.202602081740/tools/bin/../lib/gcc/arm-none-eabi/14.3.1/../../../../arm-none-eabi/lib/thumb/v6-m/nofp\libc_nano.a(libc_a-findfp.o)
                              C:/ST/STM32CubeIDE_2.0.0/STM32CubeIDE/plugins/com.st.stm32cube.ide.mcu.externaltools.gnu-tools-for-stm32.14.3.rel1.win32_1.0.100.202602081740/tools/bin/../lib/gcc/arm-none-eabi/14.3.1/../../../../arm-none-eabi/lib/thumb/v6-m/nofp\libc_nano.a(libc_a-exit.o) (__stdio_exit_handler)
C:/ST/STM32CubeIDE_2.0.0/STM32CubeIDE/plugins/com.st.stm32cube.ide.mcu.externaltools.gnu-tools-for-stm32.14.3.rel1.win32_1.0.100.202602081740/tools/bin/../lib/gcc/arm-none-eabi/14.3.1/../../../../arm-none-eabi/lib/thumb/v6-m/nofp\libc_nano.a(libc_a-fwalk.o)
                              C:/ST/STM32CubeIDE_2.0.0/STM32CubeIDE/plugins/com.st.stm32cube.ide.mcu.externaltools.gnu-tools-for-stm32.14.3.rel1.win32_1.0.100.202602081740/tools/bin/../lib/gcc/arm-none-eabi/14.3.1/../../../../arm-none-eabi/lib/thumb/v6-m/nofp\libc_nano.a(libc_a-findfp.o) (_fwalk_sglue)
C:/ST/STM32CubeIDE_2.0.0/STM32CubeIDE/plugins/com.st.stm32cube.ide.mcu.externaltools.gnu-tools-for-stm32.14.3.rel1.win32_1.0.100.202602081740/tools/bin/../lib/gcc/arm-none-eabi/14.3.1/../../../../arm-none-eabi/lib/thumb/v6-m/nofp\libc_nano.a(libc_a-stdio.o)
                              C:/ST/STM32CubeIDE_2.0.0/STM32CubeIDE/plugins/com.st.stm32cube.ide.mcu.externaltools.gnu-tools-for-stm32.14.3.rel1.win32_1.0.100.202602081740/tools/bin/../lib/gcc/arm-none-eabi/14.3.1/../../../../arm-none-eabi/lib/thumb/v6-m/nofp\libc_nano.a(libc_a-findfp.o) (__sread)
C:/ST/STM32CubeIDE_2.0.0/STM32CubeIDE/plugins/com.st.stm32cube.ide.mcu.externaltools.gnu-tools-for-stm32.14.3.rel1.win32_1.0.100.202602081740/tools/bin/../lib/gcc/arm-none-eabi/14.3.1/../../../../arm-none-eabi/lib/thumb/v6-m/nofp\libc_nano.a(libc_a-memset.o)
                              C:/ST/STM32CubeIDE_2.0.0/STM32CubeIDE/plugins/com.st.stm32cube.ide.mcu.externaltools.gnu-tools-for-stm32.14.3.rel1.win32_1.0.100.202602081740/tools/bin/../lib/gcc/arm-none-eabi/14.3.1/../../../../arm-none-eabi/lib/thumb/v6-m/nofp/crt0.o (memset)
C:/ST/STM32CubeIDE_2.0.0/STM32CubeIDE/plugins/com.st.stm32cube.ide.mcu.externaltools.gnu-tools-for-stm32.14.3.rel1.win32_1.0.100.202602081740/tools/bin/../lib/gcc/arm-none-eabi/14.3.1/../../../../arm-none-eabi/lib/thumb/v6-m/nofp\libc_nano.a(libc_a-closer.o)
                              C:/ST/STM32CubeIDE_2.0.0/STM32CubeIDE/plugins/com.st.stm32cube.ide.mcu.externaltools.gnu-tools-for-stm32.14.3.rel1.win32_1.0.100.202602081740/tools/bin/../lib/gcc/arm-none-eabi/14.3.1/../../../../arm-none-eabi/lib/thumb/v6-m/nofp\libc_nano.a(libc_a-stdio.o) (_close_r)
C:/ST/STM32CubeIDE_2.0.0/STM32CubeIDE/plugins/com.st.stm32cube.ide.mcu.externaltools.gnu-tools-for-stm32.14.3.rel1.win32_1.0.100.202602081740/tools/bin/../lib/gcc/arm-none-eabi/14.3.1/../../../../arm-none-eabi/lib/thumb/v6-m/nofp\libc_nano.a(libc_a-reent.o)
                              C:/ST/STM32CubeIDE_2.0.0/STM32CubeIDE/plugins/com.st.stm32cube.ide.mcu.externaltools.gnu-tools-for-stm32.14.3.rel1.win32_1.0.100.202602081740/tools/bin/../lib/gcc/arm-none-eabi/14.3.1/../../../../arm-none-eabi/lib/thumb/v6-m/nofp\libc_nano.a(libc_a-closer.o) (errno)
C:/ST/STM32CubeIDE_2.0.0/STM32CubeIDE/plugins/com.st.stm32cube.ide.mcu.externaltools.gnu-tools-for-stm32.14.3.rel1.win32_1.0.100.202602081740/tools/bin/../lib/gcc/arm-none-eabi/14.3.1/../../../../arm-none-eabi/lib/thumb/v6-m/nofp\libc_nano.a(libc_a-impure.o)
                              C:/ST/STM32CubeIDE_2.0.0/STM32CubeIDE/plugins/com.st.stm32cube.ide.mcu.externaltools.gnu-tools-for-stm32.14.3.rel1.win32_1.0.100.202602081740/tools/bin/../lib/gcc/arm-none-eabi/14.3.1/../../../../arm-none-eabi/lib/thumb/v6-m/nofp\libc_nano.a(libc_a-reent.o) (_impure_ptr)
C:/ST/STM32CubeIDE_2.0.0/STM32CubeIDE/plugins/com.st.stm32cube.ide.mcu.externaltools.gnu-tools-for-stm32.14.3.rel1.win32_1.0.100.202602081740/tools/bin/../lib/gcc/arm-none-eabi/14.3.1/../../../../arm-none-eabi/lib/thumb/v6-m/nofp\libc_nano.a(libc_a-lseekr.o)
[...]
Memory Configuration

Name             Origin             Length             Attributes
RAM              0x20000000         0x00024000         xrw
FLASH            0x08003000         0x0007d000         xr
*default*        0x00000000         0xffffffff

Linker script and memory map

LOAD C:/ST/STM32CubeIDE_2.0.0/STM32CubeIDE/plugins/com.st.stm32cube.ide.mcu.externaltools.gnu-tools-for-stm32.14.3.rel1.win32_1.0.100.202602081740/tools/bin/../lib/gcc/arm-none-eabi/14.3.1/thumb/v6-m/nofp/crti.o
LOAD C:/ST/STM32CubeIDE_2.0.0/STM32CubeIDE/plugins/com.st.stm32cube.ide.mcu.externaltools.gnu-tools-for-stm32.14.3.rel1.win32_1.0.100.202602081740/tools/bin/../lib/gcc/arm-none-eabi/14.3.1/thumb/v6-m/nofp/crtbegin.o
LOAD C:/ST/STM32CubeIDE_2.0.0/STM32CubeIDE/plugins/com.st.stm32cube.ide.mcu.externaltools.gnu-tools-for-stm32.14.3.rel1.win32_1.0.100.202602081740/tools/bin/../lib/gcc/arm-none-eabi/14.3.1/../../../../arm-none-eabi/lib/thumb/v6-m/nofp/crt0.o
LOAD ./Core/Src/applogic.o
LOAD ./Core/Src/can_operation.o
LOAD ./Core/Src/eeprom_driver.o
LOAD ./Core/Src/main.o
LOAD ./Core/Src/peripheral.o
LOAD ./Core/Src/stm32g0xx_hal_msp.o
LOAD ./Core/Src/stm32g0xx_it.o
LOAD ./Core/Src/syscalls.o
LOAD ./Core/Src/sysmem.o
LOAD ./Core/Src/system_stm32g0xx.o
LOAD ./Core/Startup/startup_stm32g0b1retx.o
LOAD ./Drivers/STM32G0xx_HAL_Driver/Src/stm32g0xx_hal.o
LOAD ./Drivers/STM32G0xx_HAL_Driver/Src/stm32g0xx_hal_adc.o
LOAD ./Drivers/STM32G0xx_HAL_Driver/Src/stm32g0xx_hal_adc_ex.o
LOAD ./Drivers/STM32G0xx_HAL_Driver/Src/stm32g0xx_hal_cortex.o
LOAD ./Drivers/STM32G0xx_HAL_Driver/Src/stm32g0xx_hal_dma.o
LOAD ./Drivers/STM32G0xx_HAL_Driver/Src/stm32g0xx_hal_dma_ex.o
LOAD ./Drivers/STM32G0xx_HAL_Driver/Src/stm32g0xx_hal_exti.o
LOAD ./Drivers/STM32G0xx_HAL_Driver/Src/stm32g0xx_hal_fdcan.o
LOAD ./Drivers/STM32G0xx_HAL_Driver/Src/stm32g0xx_hal_flash.o
LOAD ./Drivers/STM32G0xx_HAL_Driver/Src/stm32g0xx_hal_flash_ex.o
LOAD ./Drivers/STM32G0xx_HAL_Driver/Src/stm32g0xx_hal_gpio.o
LOAD ./Drivers/STM32G0xx_HAL_Driver/Src/stm32g0xx_hal_i2c.o
LOAD ./Drivers/STM32G0xx_HAL_Driver/Src/stm32g0xx_hal_i2c_ex.o
LOAD ./Drivers/STM32G0xx_HAL_Driver/Src/stm32g0xx_hal_pwr.o
LOAD ./Drivers/STM32G0xx_HAL_Driver/Src/stm32g0xx_hal_pwr_ex.o
LOAD ./Drivers/STM32G0xx_HAL_Driver/Src/stm32g0xx_hal_rcc.o
LOAD ./Drivers/STM32G0xx_HAL_Driver/Src/stm32g0xx_hal_rcc_ex.o
LOAD ./Drivers/STM32G0xx_HAL_Driver/Src/stm32g0xx_hal_tim.o
LOAD ./Drivers/STM32G0xx_HAL_Driver/Src/stm32g0xx_hal_tim_ex.o
LOAD ./Drivers/STM32G0xx_HAL_Driver/Src/stm32g0xx_ll_adc.o
LOAD ./Drivers/STM32G0xx_HAL_Driver/Src/stm32g0xx_ll_rcc.o
START GROUP
LOAD C:/ST/STM32CubeIDE_2.0.0/STM32CubeIDE/plugins/com.st.stm32cube.ide.mcu.externaltools.gnu-tools-for-stm32.14.3.rel1.win32_1.0.100.202602081740/tools/bin/../lib/gcc/arm-none-eabi/14.3.1/../../../../arm-none-eabi/lib/thumb/v6-m/nofp\libc_nano.a
LOAD C:/ST/STM32CubeIDE_2.0.0/STM32CubeIDE/plugins/com.st.stm32cube.ide.mcu.externaltools.gnu-tools-for-stm32.14.3.rel1.win32_1.0.100.202602081740/tools/bin/../lib/gcc/arm-none-eabi/14.3.1/../../../../arm-none-eabi/lib/thumb/v6-m/nofp\libm.a
END GROUP
START GROUP
LOAD C:/ST/STM32CubeIDE_2.0.0/STM32CubeIDE/plugins/com.st.stm32cube.ide.mcu.externaltools.gnu-tools-for-stm32.14.3.rel1.win32_1.0.100.202602081740/tools/bin/../lib/gcc/arm-none-eabi/14.3.1/thumb/v6-m/nofp\libgcc.a
LOAD C:/ST/STM32CubeIDE_2.0.0/STM32CubeIDE/plugins/com.st.stm32cube.ide.mcu.externaltools.gnu-tools-for-stm32.14.3.rel1.win32_1.0.100.202602081740/tools/bin/../lib/gcc/arm-none-eabi/14.3.1/../../../../arm-none-eabi/lib/thumb/v6-m/nofp\libc_nano.a
END GROUP
START GROUP
LOAD C:/ST/STM32CubeIDE_2.0.0/STM32CubeIDE/plugins/com.st.stm32cube.ide.mcu.externaltools.gnu-tools-for-stm32.14.3.rel1.win32_1.0.100.202602081740/tools/bin/../lib/gcc/arm-none-eabi/14.3.1/thumb/v6-m/nofp\libgcc.a
LOAD C:/ST/STM32CubeIDE_2.0.0/STM32CubeIDE/plugins/com.st.stm32cube.ide.mcu.externaltools.gnu-tools-for-stm32.14.3.rel1.win32_1.0.100.202602081740/tools/bin/../lib/gcc/arm-none-eabi/14.3.1/../../../../arm-none-eabi/lib/thumb/v6-m/nofp\libc_nano.a
LOAD C:/ST/STM32CubeIDE_2.0.0/STM32CubeIDE/plugins/com.st.stm32cube.ide.mcu.externaltools.gnu-tools-for-stm32.14.3.rel1.win32_1.0.100.202602081740/tools/bin/../lib/gcc/arm-none-eabi/14.3.1/../../../../arm-none-eabi/lib/thumb/v6-m/nofp\libnosys.a
END GROUP
START GROUP
LOAD C:/ST/STM32CubeIDE_2.0.0/STM32CubeIDE/plugins/com.st.stm32cube.ide.mcu.externaltools.gnu-tools-for-stm32.14.3.rel1.win32_1.0.100.202602081740/tools/bin/../lib/gcc/arm-none-eabi/14.3.1/thumb/v6-m/nofp\libgcc.a
LOAD C:/ST/STM32CubeIDE_2.0.0/STM32CubeIDE/plugins/com.st.stm32cube.ide.mcu.externaltools.gnu-tools-for-stm32.14.3.rel1.win32_1.0.100.202602081740/tools/bin/../lib/gcc/arm-none-eabi/14.3.1/../../../../arm-none-eabi/lib/thumb/v6-m/nofp\libc_nano.a
LOAD C:/ST/STM32CubeIDE_2.0.0/STM32CubeIDE/plugins/com.st.stm32cube.ide.mcu.externaltools.gnu-tools-for-stm32.14.3.rel1.win32_1.0.100.202602081740/tools/bin/../lib/gcc/arm-none-eabi/14.3.1/../../../../arm-none-eabi/lib/thumb/v6-m/nofp\libnosys.a
END GROUP
LOAD C:/ST/STM32CubeIDE_2.0.0/STM32CubeIDE/plugins/com.st.stm32cube.ide.mcu.externaltools.gnu-tools-for-stm32.14.3.rel1.win32_1.0.100.202602081740/tools/bin/../lib/gcc/arm-none-eabi/14.3.1/thumb/v6-m/nofp/crtend.o
LOAD C:/ST/STM32CubeIDE_2.0.0/STM32CubeIDE/plugins/com.st.stm32cube.ide.mcu.externaltools.gnu-tools-for-stm32.14.3.rel1.win32_1.0.100.202602081740/tools/bin/../lib/gcc/arm-none-eabi/14.3.1/thumb/v6-m/nofp/crtn.o
                0x20024000                        _estack = (ORIGIN (RAM) + LENGTH (RAM))
                0x00000200                        _Min_Heap_Size = 0x200
                0x00000400                        _Min_Stack_Size = 0x400

.isr_vector     0x08003000       0xc0
                0x08003000                        . = ALIGN (0x4)
 *(.isr_vector)
 .isr_vector    0x08003000       0xc0 ./Core/Startup/startup_stm32g0b1retx.o
                0x08003000                g_pfnVectors
                0x080030c0                        . = ALIGN (0x4)

.text           0x080030c0     0x7938
                0x080030c0                        . = ALIGN (0x4)
 *(.text)
 .text          0x080030c0       0x48 C:/ST/STM32CubeIDE_2.0.0/STM32CubeIDE/plugins/com.st.stm32cube.ide.mcu.externaltools.gnu-tools-for-stm32.14.3.rel1.win32_1.0.100.202602081740/tools/bin/../lib/gcc/arm-none-eabi/14.3.1/thumb/v6-m/nofp/crtbegin.o
 .text          0x08003108      0x114 C:/ST/STM32CubeIDE_2.0.0/STM32CubeIDE/plugins/com.st.stm32cube.ide.mcu.externaltools.gnu-tools-for-stm32.14.3.rel1.win32_1.0.100.202602081740/tools/bin/../lib/gcc/arm-none-eabi/14.3.1/thumb/v6-m/nofp\libgcc.a(_udivsi3.o)
                0x08003108                __aeabi_uidiv
                0x08003108                __udivsi3
                0x08003214                __aeabi_uidivmod
 .text          0x0800321c      0x1d4 C:/ST/STM32CubeIDE_2.0.0/STM32CubeIDE/plugins/com.st.stm32cube.ide.mcu.externaltools.gnu-tools-for-stm32.14.3.rel1.win32_1.0.100.202602081740/tools/bin/../lib/gcc/arm-none-eabi/14.3.1/thumb/v6-m/nofp\libgcc.a(_divsi3.o)
                0x0800321c                __divsi3
                0x0800321c                __aeabi_idiv
                0x080033e8                __aeabi_idivmod
 .text          0x080033f0        0x4 C:/ST/STM32CubeIDE_2.0.0/STM32CubeIDE/plugins/com.st.stm32cube.ide.mcu.externaltools.gnu-tools-for-stm32.14.3.rel1.win32_1.0.100.202602081740/tools/bin/../lib/gcc/arm-none-eabi/14.3.1/thumb/v6-m/nofp\libgcc.a(_dvmd_tls.o)
                0x080033f0                __aeabi_idiv0
                0x080033f0                __aeabi_ldiv0
 *(.text*)
 .text.AppLogic_Init
                0x080033f4       0x28 ./Core/Src/applogic.o
                0x080033f4                AppLogic_Init
 .text.AppLogic_Run
                0x0800341c       0x68 ./Core/Src/applogic.o
                0x0800341c                AppLogic_Run
 .text.State_Init
                0x08003484       0x34 ./Core/Src/applogic.o
 .text.State_LoadConfig
                0x080034b8       0xcc ./Core/Src/applogic.o
 .text.State_Running
                0x08003584       0xc8 ./Core/Src/applogic.o
 .text.State_Error
                0x0800364c       0xcc ./Core/Src/applogic.o
 .text.State_Recovery
                0x08003718       0xf0 ./Core/Src/applogic.o
 .text.ProcessCANCommands
                0x08003808       0x4c ./Core/Src/applogic.o
 .text.ProcessEEPROMCommands
                0x08003854       0xe0 ./Core/Src/applogic.o
 .text.CheckUndervoltage
                0x08003934       0x64 ./Core/Src/applogic.o
 .text.BroadcastDeviceStatusEx
                0x08003998       0x2a ./Core/Src/applogic.o
 *fill*         0x080039c2        0x2 
 .text.ApplyBuckMode
                0x080039c4       0x58 ./Core/Src/applogic.o
 .text.BroadcastTick
                0x08003a1c       0xb8 ./Core/Src/applogic.o
 .text.__NVIC_SystemReset
                0x08003ad4       0x24 ./Core/Src/can_operation.o
 .text.CAN_Init
                0x08003af8       0x78 ./Core/Src/can_operation.o
                0x08003af8                CAN_Init
 .text.CAN_Send
                0x08003b70       0x70 ./Core/Src/can_operation.o
                0x08003b70                CAN_Send
 .text.HAL_FDCAN_RxFifo0Callback
                0x08003be0      0x1a4 ./Core/Src/can_operation.o
                0x08003be0                HAL_FDCAN_RxFifo0Callback
 .text.broadcastEEPROMData
                0x08003d84       0xae ./Core/Src/can_operation.o
                0x08003d84                broadcastEEPROMData
 *fill*         0x08003e32        0x2 
 .text.braodcastLEDStatus
                0x08003e34       0xb0 ./Core/Src/can_operation.o
                0x08003e34                braodcastLEDStatus
 .text.broadcastDeviceStatus
                0x08003ee4       0x3a ./Core/Src/can_operation.o
                0x08003ee4                broadcastDeviceStatus
 *fill*         0x08003f1e        0x2 
 .text.FOCdetection
                0x08003f20       0x2c ./Core/Src/can_operation.o
                0x08003f20                FOCdetection
 .text.LoadDefault
                0x08003f4c       0xc2 ./Core/Src/eeprom_driver.o
                0x08003f4c                LoadDefault
 *fill*         0x0800400e        0x2 
 .text.checkcfg
                0x08004010       0x2c ./Core/Src/eeprom_driver.o
                0x08004010                checkcfg
 .text.bytes_to_write
                0x0800403c       0x38 ./Core/Src/eeprom_driver.o
                0x0800403c                bytes_to_write
 .text.EEPROM_Write
                0x08004074      0x150 ./Core/Src/eeprom_driver.o
                0x08004074                EEPROM_Write
 .text.EEPROM_Read
                0x080041c4      0x128 ./Core/Src/eeprom_driver.o
                0x080041c4                EEPROM_Read
 .text.EEPROM_Write_Config
                0x080042ec       0x2c ./Core/Src/eeprom_driver.o
                0x080042ec                EEPROM_Write_Config
 .text.EEPROM_Read_Config
                0x08004318       0x2c ./Core/Src/eeprom_driver.o
                0x08004318                EEPROM_Read_Config
 .text.VectorBase_Config
                0x08004344       0x18 ./Core/Src/main.o
 .text.main     0x0800435c       0x94 ./Core/Src/main.o
                0x0800435c                main
 .text.SystemClock_Config
                0x080043f0       0xb4 ./Core/Src/main.o
                0x080043f0                SystemClock_Config
 .text.MX_ADC1_Init
                0x080044a4       0xf4 ./Core/Src/main.o
 .text.MX_FDCAN1_Init
                0x08004598       0x90 ./Core/Src/main.o
                0x08004598                MX_FDCAN1_Init
 .text.MX_I2C1_Init
                0x08004628       0x80 ./Core/Src/main.o
 .text.MX_TIM1_Init
                0x080046a8      0x1d4 ./Core/Src/main.o
 .text.MX_DMA_Init
                0x0800487c       0x2c ./Core/Src/main.o
 .text.MX_GPIO_Init
                0x080048a8      0x104 ./Core/Src/main.o
 .text.Error_Handler
                0x080049ac        0xc ./Core/Src/main.o
                0x080049ac                Error_Handler
 .text.apply_pwm
                0x080049b8      0x104 ./Core/Src/peripheral.o
                0x080049b8                apply_pwm
 .text.SET_BUCK
                0x08004abc       0x42 ./Core/Src/peripheral.o
                0x08004abc                SET_BUCK
 *fill*         0x08004afe        0x2 
 .text.READADC  0x08004b00       0x64 ./Core/Src/peripheral.o
                0x08004b00                READADC
 .text.processADC
                0x08004b64       0x6c ./Core/Src/peripheral.o
                0x08004b64                processADC
 .text.TrigerADCMEasurement
                0x08004bd0       0x20 ./Core/Src/peripheral.o
                0x08004bd0                TrigerADCMEasurement
 .text.HAL_ADC_ConvCpltCallback
                0x08004bf0       0x38 ./Core/Src/peripheral.o
                0x08004bf0                HAL_ADC_ConvCpltCallback
 .text.HAL_MspInit
                0x08004c28       0x50 ./Core/Src/stm32g0xx_hal_msp.o
                0x08004c28                HAL_MspInit
 .text.HAL_ADC_MspInit
                0x08004c78       0xe4 ./Core/Src/stm32g0xx_hal_msp.o
                0x08004c78                HAL_ADC_MspInit
 .text.HAL_FDCAN_MspInit
                0x08004d5c      0x108 ./Core/Src/stm32g0xx_hal_msp.o
                0x08004d5c                HAL_FDCAN_MspInit
 .text.HAL_I2C_MspInit
                0x08004e64       0xc4 ./Core/Src/stm32g0xx_hal_msp.o
                0x08004e64                HAL_I2C_MspInit
 .text.HAL_TIM_Base_MspInit
                0x08004f28       0x6c ./Core/Src/stm32g0xx_hal_msp.o
                0x08004f28                HAL_TIM_Base_MspInit
 .text.HAL_TIM_MspPostInit
                0x08004f94       0x7c ./Core/Src/stm32g0xx_hal_msp.o
                0x08004f94                HAL_TIM_MspPostInit
 .text.NMI_Handler
                0x08005010        0xc ./Core/Src/stm32g0xx_it.o
                0x08005010                NMI_Handler
 .text.HardFault_Handler
                0x0800501c        0x8 ./Core/Src/stm32g0xx_it.o
                0x0800501c                HardFault_Handler
 .text.SVC_Handler
                0x08005024        0xa ./Core/Src/stm32g0xx_it.o
                0x08005024                SVC_Handler
 .text.PendSV_Handler
                0x0800502e        0xa ./Core/Src/stm32g0xx_it.o
                0x0800502e                PendSV_Handler
 .text.SysTick_Handler
                0x08005038        0xe ./Core/Src/stm32g0xx_it.o
                0x08005038                SysTick_Handler
 *fill*         0x08005046        0x2 
 .text.TIM16_FDCAN_IT0_IRQHandler
                0x08005048       0x18 ./Core/Src/stm32g0xx_it.o
                0x08005048                TIM16_FDCAN_IT0_IRQHandler
 .text.SystemInit
                0x08005060        0xa ./Core/Src/system_stm32g0xx.o
                0x08005060                SystemInit
 *fill*         0x0800506a        0x2 
 .text.Reset_Handler
                0x0800506c       0x50 ./Core/Startup/startup_stm32g0b1retx.o
                0x0800506c                Reset_Handler
 .text.Default_Handler
                0x080050bc        0x2 ./Core/Startup/startup_stm32g0b1retx.o
                0x080050bc                I2C2_3_IRQHandler
                0x080050bc                USART3_4_5_6_LPUART1_IRQHandler
                0x080050bc                TIM1_CC_IRQHandler
                0x080050bc                ADC1_COMP_IRQHandler
                0x080050bc                I2C1_IRQHandler
                0x080050bc                TIM7_LPTIM2_IRQHandler
                0x080050bc                TIM17_FDCAN_IT1_IRQHandler
                0x080050bc                DMA1_Ch4_7_DMA2_Ch1_5_DMAMUX1_OVR_IRQHandler
                0x080050bc                RCC_CRS_IRQHandler
                0x080050bc                RTC_TAMP_IRQHandler
                0x080050bc                SPI1_IRQHandler
                0x080050bc                USB_UCPD1_2_IRQHandler
                0x080050bc                EXTI2_3_IRQHandler
                0x080050bc                USART2_LPUART2_IRQHandler
                0x080050bc                PVD_VDDIO2_IRQHandler
                0x080050bc                EXTI4_15_IRQHandler
                0x080050bc                DMA1_Channel1_IRQHandler
                0x080050bc                Default_Handler
                0x080050bc                CEC_IRQHandler
                0x080050bc                TIM14_IRQHandler
                0x080050bc                TIM15_IRQHandler
                0x080050bc                TIM3_TIM4_IRQHandler
                0x080050bc                EXTI0_1_IRQHandler
                0x080050bc                SPI2_3_IRQHandler
                0x080050bc                TIM6_DAC_LPTIM1_IRQHandler
                0x080050bc                WWDG_IRQHandler
                0x080050bc                TIM2_IRQHandler
                0x080050bc                DMA1_Channel2_3_IRQHandler
                0x080050bc                FLASH_IRQHandler
                0x080050bc                USART1_IRQHandler
                0x080050bc                TIM1_BRK_UP_TRG_COM_IRQHandler
 *fill*         0x080050be        0x2 
 .text.HAL_Init
                0x080050c0       0x40 ./Drivers/STM32G0xx_HAL_Driver/Src/stm32g0xx_hal.o
                0x080050c0                HAL_Init
 .text.HAL_InitTick
                0x08005100       0x94 ./Drivers/STM32G0xx_HAL_Driver/Src/stm32g0xx_hal.o
                0x08005100                HAL_InitTick
 .text.HAL_IncTick
                0x08005194       0x24 ./Drivers/STM32G0xx_HAL_Driver/Src/stm32g0xx_hal.o
                0x08005194                HAL_IncTick
 .text.HAL_GetTick
                0x080051b8       0x14 ./Drivers/STM32G0xx_HAL_Driver/Src/stm32g0xx_hal.o
                0x080051b8                HAL_GetTick
 .text.HAL_Delay
                0x080051cc       0x48 ./Drivers/STM32G0xx_HAL_Driver/Src/stm32g0xx_hal.o
                0x080051cc                HAL_Delay
 .text.HAL_SYSCFG_StrobeDBattpinsConfig
                0x08005214       0x2c ./Drivers/STM32G0xx_HAL_Driver/Src/stm32g0xx_hal.o
                0x08005214                HAL_SYSCFG_StrobeDBattpinsConfig
 .text.LL_ADC_SetCommonPathInternalCh
                0x08005240       0x28 ./Drivers/STM32G0xx_HAL_Driver/Src/stm32g0xx_hal_adc.o
 .text.LL_ADC_GetCommonPathInternalCh
                0x08005268       0x1a ./Drivers/STM32G0xx_HAL_Driver/Src/stm32g0xx_hal_adc.o
 .text.LL_ADC_SetSamplingTimeCommonChannels
                0x08005282       0x3a ./Drivers/STM32G0xx_HAL_Driver/Src/stm32g0xx_hal_adc.o
 .text.LL_ADC_GetSamplingTimeCommonChannels
                0x080052bc       0x2e ./Drivers/STM32G0xx_HAL_Driver/Src/stm32g0xx_hal_adc.o
 .text.LL_ADC_REG_IsTriggerSourceSWStart
                0x080052ea       0x22 ./Drivers/STM32G0xx_HAL_Driver/Src/stm32g0xx_hal_adc.o
 .text.LL_ADC_REG_SetSequencerRanks
                0x0800530c       0x40 ./Drivers/STM32G0xx_HAL_Driver/Src/stm32g0xx_hal_adc.o
 .text.LL_ADC_REG_SetSequencerChAdd
                0x0800534c       0x22 ./Drivers/STM32G0xx_HAL_Driver/Src/stm32g0xx_hal_adc.o
 .text.LL_ADC_REG_SetSequencerChRem
                0x0800536e       0x24 ./Drivers/STM32G0xx_HAL_Driver/Src/stm32g0xx_hal_adc.o
 *fill*         0x08005392        0x2 
 .text.LL_ADC_SetChannelSamplingTime
                0x08005394       0x38 ./Drivers/STM32G0xx_HAL_Driver/Src/stm32g0xx_hal_adc.o
 .text.LL_ADC_EnableInternalRegulator
                0x080053cc       0x28 ./Drivers/STM32G0xx_HAL_Driver/Src/stm32g0xx_hal_adc.o
 .text.LL_ADC_IsInternalRegulatorEnabled
                0x080053f4       0x28 ./Drivers/STM32G0xx_HAL_Driver/Src/stm32g0xx_hal_adc.o
 .text.LL_ADC_Enable
                0x0800541c       0x24 ./Drivers/STM32G0xx_HAL_Driver/Src/stm32g0xx_hal_adc.o
 .text.LL_ADC_Disable
                0x08005440       0x24 ./Drivers/STM32G0xx_HAL_Driver/Src/stm32g0xx_hal_adc.o
 .text.LL_ADC_IsEnabled
                0x08005464       0x22 ./Drivers/STM32G0xx_HAL_Driver/Src/stm32g0xx_hal_adc.o
 .text.LL_ADC_IsDisableOngoing
                0x08005486       0x22 ./Drivers/STM32G0xx_HAL_Driver/Src/stm32g0xx_hal_adc.o
 .text.LL_ADC_REG_StartConversion
                0x080054a8       0x24 ./Drivers/STM32G0xx_HAL_Driver/Src/stm32g0xx_hal_adc.o
 .text.LL_ADC_REG_IsConversionOngoing
                0x080054cc       0x22 ./Drivers/STM32G0xx_HAL_Driver/Src/stm32g0xx_hal_adc.o
 *fill*         0x080054ee        0x2 
 .text.HAL_ADC_Init
                0x080054f0      0x350 ./Drivers/STM32G0xx_HAL_Driver/Src/stm32g0xx_hal_adc.o
                0x080054f0                HAL_ADC_Init
 .text.HAL_ADC_Start_DMA
                0x08005840      0x11c ./Drivers/STM32G0xx_HAL_Driver/Src/stm32g0xx_hal_adc.o
                0x08005840                HAL_ADC_Start_DMA
 .text.HAL_ADC_ConvHalfCpltCallback
                0x0800595c       0x10 ./Drivers/STM32G0xx_HAL_Driver/Src/stm32g0xx_hal_adc.o
                0x0800595c                HAL_ADC_ConvHalfCpltCallback
 .text.HAL_ADC_ErrorCallback
                0x0800596c       0x10 ./Drivers/STM32G0xx_HAL_Driver/Src/stm32g0xx_hal_adc.o
                0x0800596c                HAL_ADC_ErrorCallback
 .text.HAL_ADC_ConfigChannel
                0x0800597c      0x3b0 ./Drivers/STM32G0xx_HAL_Driver/Src/stm32g0xx_hal_adc.o
                0x0800597c                HAL_ADC_ConfigChannel
 .text.ADC_Enable
                0x08005d2c      0x10c ./Drivers/STM32G0xx_HAL_Driver/Src/stm32g0xx_hal_adc.o
                0x08005d2c                ADC_Enable
 .text.ADC_Disable
                0x08005e38       0xbc ./Drivers/STM32G0xx_HAL_Driver/Src/stm32g0xx_hal_adc.o
                0x08005e38                ADC_Disable
 .text.ADC_DMAConvCplt
                0x08005ef4       0xc8 ./Drivers/STM32G0xx_HAL_Driver/Src/stm32g0xx_hal_adc.o
 .text.ADC_DMAHalfConvCplt
                0x08005fbc       0x1e ./Drivers/STM32G0xx_HAL_Driver/Src/stm32g0xx_hal_adc.o
 .text.ADC_DMAError
                0x08005fda       0x36 ./Drivers/STM32G0xx_HAL_Driver/Src/stm32g0xx_hal_adc.o
 .text.LL_ADC_GetCommonClock
                0x08006010       0x1a ./Drivers/STM32G0xx_HAL_Driver/Src/stm32g0xx_hal_adc_ex.o
 .text.LL_ADC_GetClock
                0x0800602a       0x18 ./Drivers/STM32G0xx_HAL_Driver/Src/stm32g0xx_hal_adc_ex.o
 .text.LL_ADC_SetCalibrationFactor
                0x08006042       0x28 ./Drivers/STM32G0xx_HAL_Driver/Src/stm32g0xx_hal_adc_ex.o
 .text.LL_ADC_GetCalibrationFactor
                0x0800606a       0x1a ./Drivers/STM32G0xx_HAL_Driver/Src/stm32g0xx_hal_adc_ex.o
 .text.LL_ADC_Enable
                0x08006084       0x24 ./Drivers/STM32G0xx_HAL_Driver/Src/stm32g0xx_hal_adc_ex.o
 .text.LL_ADC_Disable
                0x080060a8       0x24 ./Drivers/STM32G0xx_HAL_Driver/Src/stm32g0xx_hal_adc_ex.o
 .text.LL_ADC_IsEnabled
                0x080060cc       0x22 ./Drivers/STM32G0xx_HAL_Driver/Src/stm32g0xx_hal_adc_ex.o
 *fill*         0x080060ee        0x2 
 .text.LL_ADC_StartCalibration
                0x080060f0       0x28 ./Drivers/STM32G0xx_HAL_Driver/Src/stm32g0xx_hal_adc_ex.o
 .text.LL_ADC_IsCalibrationOnGoing
                0x08006118       0x26 ./Drivers/STM32G0xx_HAL_Driver/Src/stm32g0xx_hal_adc_ex.o
 *fill*         0x0800613e        0x2 
 .text.HAL_ADCEx_Calibration_Start
                0x08006140      0x1f8 ./Drivers/STM32G0xx_HAL_Driver/Src/stm32g0xx_hal_adc_ex.o
                0x08006140                HAL_ADCEx_Calibration_Start
 .text.__NVIC_EnableIRQ
                0x08006338       0x34 ./Drivers/STM32G0xx_HAL_Driver/Src/stm32g0xx_hal_cortex.o
 .text.__NVIC_SetPriority
                0x0800636c       0xdc ./Drivers/STM32G0xx_HAL_Driver/Src/stm32g0xx_hal_cortex.o
 .text.SysTick_Config
                0x08006448       0x48 ./Drivers/STM32G0xx_HAL_Driver/Src/stm32g0xx_hal_cortex.o
 .text.HAL_NVIC_SetPriority
                0x08006490       0x2a ./Drivers/STM32G0xx_HAL_Driver/Src/stm32g0xx_hal_cortex.o
                0x08006490                HAL_NVIC_SetPriority
 .text.HAL_NVIC_EnableIRQ
                0x080064ba       0x20 ./Drivers/STM32G0xx_HAL_Driver/Src/stm32g0xx_hal_cortex.o
                0x080064ba                HAL_NVIC_EnableIRQ
 .text.HAL_SYSTICK_Config
                0x080064da       0x1a ./Drivers/STM32G0xx_HAL_Driver/Src/stm32g0xx_hal_cortex.o
                0x080064da                HAL_SYSTICK_Config
 .text.HAL_DMA_Init
                0x080064f4      0x158 ./Drivers/STM32G0xx_HAL_Driver/Src/stm32g0xx_hal_dma.o
                0x080064f4                HAL_DMA_Init
 .text.HAL_DMA_Start_IT
                0x0800664c      0x10c ./Drivers/STM32G0xx_HAL_Driver/Src/stm32g0xx_hal_dma.o
                0x0800664c                HAL_DMA_Start_IT
 .text.DMA_SetConfig
                0x08006758       0x78 ./Drivers/STM32G0xx_HAL_Driver/Src/stm32g0xx_hal_dma.o
 .text.DMA_CalcDMAMUXChannelBaseAndMask
                0x080067d0       0x94 ./Drivers/STM32G0xx_HAL_Driver/Src/stm32g0xx_hal_dma.o
 .text.DMA_CalcDMAMUXRequestGenBaseAndMask
                0x08006864       0x48 ./Drivers/STM32G0xx_HAL_Driver/Src/stm32g0xx_hal_dma.o
 .text.HAL_FDCAN_Init
                0x080068ac      0x2cc ./Drivers/STM32G0xx_HAL_Driver/Src/stm32g0xx_hal_fdcan.o
                0x080068ac                HAL_FDCAN_Init
 .text.HAL_FDCAN_ConfigFilter
                0x08006b78       0xba ./Drivers/STM32G0xx_HAL_Driver/Src/stm32g0xx_hal_fdcan.o
                0x08006b78                HAL_FDCAN_ConfigFilter
 .text.HAL_FDCAN_ConfigGlobalFilter
                0x08006c32       0x60 ./Drivers/STM32G0xx_HAL_Driver/Src/stm32g0xx_hal_fdcan.o
                0x08006c32                HAL_FDCAN_ConfigGlobalFilter
 .text.HAL_FDCAN_Start
                0x08006c92       0x4c ./Drivers/STM32G0xx_HAL_Driver/Src/stm32g0xx_hal_fdcan.o
                0x08006c92                HAL_FDCAN_Start
 .text.HAL_FDCAN_AddMessageToTxFifoQ
                0x08006cde       0x8a ./Drivers/STM32G0xx_HAL_Driver/Src/stm32g0xx_hal_fdcan.o
                0x08006cde                HAL_FDCAN_AddMessageToTxFifoQ
 .text.HAL_FDCAN_GetRxMessage
                0x08006d68      0x22c ./Drivers/STM32G0xx_HAL_Driver/Src/stm32g0xx_hal_fdcan.o
                0x08006d68                HAL_FDCAN_GetRxMessage
 .text.HAL_FDCAN_GetTxFifoFreeLevel
                0x08006f94       0x20 ./Drivers/STM32G0xx_HAL_Driver/Src/stm32g0xx_hal_fdcan.o
                0x08006f94                HAL_FDCAN_GetTxFifoFreeLevel
 .text.HAL_FDCAN_ActivateNotification
                0x08006fb4      0x1ac ./Drivers/STM32G0xx_HAL_Driver/Src/stm32g0xx_hal_fdcan.o
                0x08006fb4                HAL_FDCAN_ActivateNotification
 .text.HAL_FDCAN_IRQHandler
                0x08007160      0x28e ./Drivers/STM32G0xx_HAL_Driver/Src/stm32g0xx_hal_fdcan.o
                0x08007160                HAL_FDCAN_IRQHandler
 .text.HAL_FDCAN_TxEventFifoCallback
                0x080073ee       0x12 ./Drivers/STM32G0xx_HAL_Driver/Src/stm32g0xx_hal_fdcan.o
                0x080073ee                HAL_FDCAN_TxEventFifoCallback
 .text.HAL_FDCAN_RxFifo1Callback
                0x08007400       0x12 ./Drivers/STM32G0xx_HAL_Driver/Src/stm32g0xx_hal_fdcan.o
                0x08007400                HAL_FDCAN_RxFifo1Callback
 .text.HAL_FDCAN_TxFifoEmptyCallback
                0x08007412       0x10 ./Drivers/STM32G0xx_HAL_Driver/Src/stm32g0xx_hal_fdcan.o
                0x08007412                HAL_FDCAN_TxFifoEmptyCallback
 .text.HAL_FDCAN_TxBufferCompleteCallback
                0x08007422       0x12 ./Drivers/STM32G0xx_HAL_Driver/Src/stm32g0xx_hal_fdcan.o
                0x08007422                HAL_FDCAN_TxBufferCompleteCallback
 .text.HAL_FDCAN_TxBufferAbortCallback
                0x08007434       0x12 ./Drivers/STM32G0xx_HAL_Driver/Src/stm32g0xx_hal_fdcan.o
                0x08007434                HAL_FDCAN_TxBufferAbortCallback
 .text.HAL_FDCAN_TimestampWraparoundCallback
                0x08007446       0x10 ./Drivers/STM32G0xx_HAL_Driver/Src/stm32g0xx_hal_fdcan.o
                0x08007446                HAL_FDCAN_TimestampWraparoundCallback
 .text.HAL_FDCAN_TimeoutOccurredCallback
                0x08007456       0x10 ./Drivers/STM32G0xx_HAL_Driver/Src/stm32g0xx_hal_fdcan.o
                0x08007456                HAL_FDCAN_TimeoutOccurredCallback
 .text.HAL_FDCAN_HighPriorityMessageCallback
                0x08007466       0x10 ./Drivers/STM32G0xx_HAL_Driver/Src/stm32g0xx_hal_fdcan.o
                0x08007466                HAL_FDCAN_HighPriorityMessageCallback
 .text.HAL_FDCAN_ErrorCallback
                0x08007476       0x10 ./Drivers/STM32G0xx_HAL_Driver/Src/stm32g0xx_hal_fdcan.o
                0x08007476                HAL_FDCAN_ErrorCallback
 .text.HAL_FDCAN_ErrorStatusCallback
                0x08007486       0x12 ./Drivers/STM32G0xx_HAL_Driver/Src/stm32g0xx_hal_fdcan.o
                0x08007486                HAL_FDCAN_ErrorStatusCallback
 .text.FDCAN_CalcultateRamBlockAddresses
                0x08007498       0xd8 ./Drivers/STM32G0xx_HAL_Driver/Src/stm32g0xx_hal_fdcan.o
 .text.FDCAN_CopyMessageToRAM
                0x08007570       0xf8 ./Drivers/STM32G0xx_HAL_Driver/Src/stm32g0xx_hal_fdcan.o
 .text.HAL_GPIO_Init
                0x08007668      0x2d8 ./Drivers/STM32G0xx_HAL_Driver/Src/stm32g0xx_hal_gpio.o
                0x08007668                HAL_GPIO_Init
 .text.HAL_GPIO_WritePin
                0x08007940       0x3a ./Drivers/STM32G0xx_HAL_Driver/Src/stm32g0xx_hal_gpio.o
                0x08007940                HAL_GPIO_WritePin
 .text.HAL_GPIO_TogglePin
                0x0800797a       0x36 ./Drivers/STM32G0xx_HAL_Driver/Src/stm32g0xx_hal_gpio.o
                0x0800797a                HAL_GPIO_TogglePin
 .text.HAL_I2C_Init
                0x080079b0      0x14c ./Drivers/STM32G0xx_HAL_Driver/Src/stm32g0xx_hal_i2c.o
                0x080079b0                HAL_I2C_Init
 .text.HAL_I2C_Mem_Write
                0x08007afc      0x25c ./Drivers/STM32G0xx_HAL_Driver/Src/stm32g0xx_hal_i2c.o
                0x08007afc                HAL_I2C_Mem_Write
 .text.HAL_I2C_Mem_Read
                0x08007d58      0x268 ./Drivers/STM32G0xx_HAL_Driver/Src/stm32g0xx_hal_i2c.o
                0x08007d58                HAL_I2C_Mem_Read
 .text.HAL_I2C_IsDeviceReady
                0x08007fc0      0x1f8 ./Drivers/STM32G0xx_HAL_Driver/Src/stm32g0xx_hal_i2c.o
                0x08007fc0                HAL_I2C_IsDeviceReady
 .text.I2C_RequestMemoryWrite
                0x080081b8       0xc8 ./Drivers/STM32G0xx_HAL_Driver/Src/stm32g0xx_hal_i2c.o
 .text.I2C_RequestMemoryRead
                0x08008280       0xc4 ./Drivers/STM32G0xx_HAL_Driver/Src/stm32g0xx_hal_i2c.o
 .text.I2C_Flush_TXDR
                0x08008344       0x44 ./Drivers/STM32G0xx_HAL_Driver/Src/stm32g0xx_hal_i2c.o
 .text.I2C_WaitOnFlagUntilTimeout
                0x08008388       0xb0 ./Drivers/STM32G0xx_HAL_Driver/Src/stm32g0xx_hal_i2c.o
 .text.I2C_WaitOnTXISFlagUntilTimeout
                0x08008438       0x8c ./Drivers/STM32G0xx_HAL_Driver/Src/stm32g0xx_hal_i2c.o
 .text.I2C_WaitOnSTOPFlagUntilTimeout
                0x080084c4       0x86 ./Drivers/STM32G0xx_HAL_Driver/Src/stm32g0xx_hal_i2c.o
 *fill*         0x0800854a        0x2 
 .text.I2C_IsErrorOccurred
                0x0800854c      0x1f0 ./Drivers/STM32G0xx_HAL_Driver/Src/stm32g0xx_hal_i2c.o
 .text.I2C_TransferConfig
                0x0800873c       0x74 ./Drivers/STM32G0xx_HAL_Driver/Src/stm32g0xx_hal_i2c.o
 .text.HAL_I2CEx_ConfigAnalogFilter
                0x080087b0       0x98 ./Drivers/STM32G0xx_HAL_Driver/Src/stm32g0xx_hal_i2c_ex.o
                0x080087b0                HAL_I2CEx_ConfigAnalogFilter
 .text.HAL_I2CEx_ConfigDigitalFilter
                0x08008848       0x98 ./Drivers/STM32G0xx_HAL_Driver/Src/stm32g0xx_hal_i2c_ex.o
                0x08008848                HAL_I2CEx_ConfigDigitalFilter
 .text.HAL_PWREx_ControlVoltageScaling
                0x080088e0       0x80 ./Drivers/STM32G0xx_HAL_Driver/Src/stm32g0xx_hal_pwr_ex.o
                0x080088e0                HAL_PWREx_ControlVoltageScaling
 .text.HAL_RCC_OscConfig
                0x08008960      0x6c0 ./Drivers/STM32G0xx_HAL_Driver/Src/stm32g0xx_hal_rcc.o
                0x08008960                HAL_RCC_OscConfig
 .text.HAL_RCC_ClockConfig
                0x08009020      0x210 ./Drivers/STM32G0xx_HAL_Driver/Src/stm32g0xx_hal_rcc.o
                0x08009020                HAL_RCC_ClockConfig
 .text.HAL_RCC_GetSysClockFreq
                0x08009230      0x104 ./Drivers/STM32G0xx_HAL_Driver/Src/stm32g0xx_hal_rcc.o
                0x08009230                HAL_RCC_GetSysClockFreq
 .text.HAL_RCC_EnableCSS
                0x08009334       0x1c ./Drivers/STM32G0xx_HAL_Driver/Src/stm32g0xx_hal_rcc.o
                0x08009334                HAL_RCC_EnableCSS
 .text.HAL_RCC_NMI_IRQHandler
                0x08009350       0x40 ./Drivers/STM32G0xx_HAL_Driver/Src/stm32g0xx_hal_rcc.o
                0x08009350                HAL_RCC_NMI_IRQHandler
 .text.HAL_RCC_CSSCallback
                0x08009390        0xa ./Drivers/STM32G0xx_HAL_Driver/Src/stm32g0xx_hal_rcc.o
                0x08009390                HAL_RCC_CSSCallback
 .text.HAL_RCC_LSECSSCallback
                0x0800939a        0xa ./Drivers/STM32G0xx_HAL_Driver/Src/stm32g0xx_hal_rcc.o
                0x0800939a                HAL_RCC_LSECSSCallback
 .text.HAL_RCCEx_PeriphCLKConfig
                0x080093a4      0x478 ./Drivers/STM32G0xx_HAL_Driver/Src/stm32g0xx_hal_rcc_ex.o
                0x080093a4                HAL_RCCEx_PeriphCLKConfig
 .text.HAL_TIM_Base_Init
                0x0800981c       0xb0 ./Drivers/STM32G0xx_HAL_Driver/Src/stm32g0xx_hal_tim.o
                0x0800981c                HAL_TIM_Base_Init
 .text.HAL_TIM_PWM_Init
                0x080098cc       0xb0 ./Drivers/STM32G0xx_HAL_Driver/Src/stm32g0xx_hal_tim.o
                0x080098cc                HAL_TIM_PWM_Init
 .text.HAL_TIM_PWM_MspInit
                0x0800997c       0x10 ./Drivers/STM32G0xx_HAL_Driver/Src/stm32g0xx_hal_tim.o
                0x0800997c                HAL_TIM_PWM_MspInit
 .text.HAL_TIM_PWM_Start
                0x0800998c      0x1e0 ./Drivers/STM32G0xx_HAL_Driver/Src/stm32g0xx_hal_tim.o
                0x0800998c                HAL_TIM_PWM_Start
 .text.HAL_TIM_PWM_ConfigChannel
                0x08009b6c      0x200 ./Drivers/STM32G0xx_HAL_Driver/Src/stm32g0xx_hal_tim.o
                0x08009b6c                HAL_TIM_PWM_ConfigChannel
 .text.HAL_TIM_ConfigClockSource
                0x08009d6c      0x1ac ./Drivers/STM32G0xx_HAL_Driver/Src/stm32g0xx_hal_tim.o
                0x08009d6c                HAL_TIM_ConfigClockSource
 .text.TIM_Base_SetConfig
                0x08009f18      0x130 ./Drivers/STM32G0xx_HAL_Driver/Src/stm32g0xx_hal_tim.o
                0x08009f18                TIM_Base_SetConfig
 .text.TIM_OC1_SetConfig
                0x0800a048      0x114 ./Drivers/STM32G0xx_HAL_Driver/Src/stm32g0xx_hal_tim.o
 .text.TIM_OC2_SetConfig
                0x0800a15c      0x108 ./Drivers/STM32G0xx_HAL_Driver/Src/stm32g0xx_hal_tim.o
                0x0800a15c                TIM_OC2_SetConfig
 .text.TIM_OC3_SetConfig
                0x0800a264      0x110 ./Drivers/STM32G0xx_HAL_Driver/Src/stm32g0xx_hal_tim.o
 .text.TIM_OC4_SetConfig
                0x0800a374       0xd4 ./Drivers/STM32G0xx_HAL_Driver/Src/stm32g0xx_hal_tim.o
 .text.TIM_OC5_SetConfig
                0x0800a448       0xc0 ./Drivers/STM32G0xx_HAL_Driver/Src/stm32g0xx_hal_tim.o
 .text.TIM_OC6_SetConfig
                0x0800a508       0xc8 ./Drivers/STM32G0xx_HAL_Driver/Src/stm32g0xx_hal_tim.o
 .text.TIM_TI1_ConfigInputStage
                0x0800a5d0       0x5c ./Drivers/STM32G0xx_HAL_Driver/Src/stm32g0xx_hal_tim.o
 .text.TIM_TI2_ConfigInputStage
                0x0800a62c       0x64 ./Drivers/STM32G0xx_HAL_Driver/Src/stm32g0xx_hal_tim.o
 .text.TIM_ITRx_SetConfig
                0x0800a690       0x38 ./Drivers/STM32G0xx_HAL_Driver/Src/stm32g0xx_hal_tim.o
 .text.TIM_ETR_SetConfig
                0x0800a6c8       0x40 ./Drivers/STM32G0xx_HAL_Driver/Src/stm32g0xx_hal_tim.o
                0x0800a6c8                TIM_ETR_SetConfig
 .text.TIM_CCxChannelCmd
                0x0800a708       0x46 ./Drivers/STM32G0xx_HAL_Driver/Src/stm32g0xx_hal_tim.o
                0x0800a708                TIM_CCxChannelCmd
 *fill*         0x0800a74e        0x2 
 .text.HAL_TIMEx_MasterConfigSynchronization
                0x0800a750       0xec ./Drivers/STM32G0xx_HAL_Driver/Src/stm32g0xx_hal_tim_ex.o
                0x0800a750                HAL_TIMEx_MasterConfigSynchronization
 .text.HAL_TIMEx_ConfigBreakDeadTime
                0x0800a83c      0x138 ./Drivers/STM32G0xx_HAL_Driver/Src/stm32g0xx_hal_tim_ex.o
                0x0800a83c                HAL_TIMEx_ConfigBreakDeadTime
 .text.memset   0x0800a974       0x10 C:/ST/STM32CubeIDE_2.0.0/STM32CubeIDE/plugins/com.st.stm32cube.ide.mcu.externaltools.gnu-tools-for-stm32.14.3.rel1.win32_1.0.100.202602081740/tools/bin/../lib/gcc/arm-none-eabi/14.3.1/../../../../arm-none-eabi/lib/thumb/v6-m/nofp\libc_nano.a(libc_a-memset.o)
                0x0800a974                memset
 .text.__libc_init_array
                0x0800a984       0x48 C:/ST/STM32CubeIDE_2.0.0/STM32CubeIDE/plugins/com.st.stm32cube.ide.mcu.externaltools.gnu-tools-for-stm32.14.3.rel1.win32_1.0.100.202602081740/tools/bin/../lib/gcc/arm-none-eabi/14.3.1/../../../../arm-none-eabi/lib/thumb/v6-m/nofp\libc_nano.a(libc_a-init.o)
                0x0800a984                __libc_init_array
 .text.memcpy   0x0800a9cc       0x12 C:/ST/STM32CubeIDE_2.0.0/STM32CubeIDE/plugins/com.st.stm32cube.ide.mcu.externaltools.gnu-tools-for-stm32.14.3.rel1.win32_1.0.100.202602081740/tools/bin/../lib/gcc/arm-none-eabi/14.3.1/../../../../arm-none-eabi/lib/thumb/v6-m/nofp\libc_nano.a(libc_a-memcpy-stub.o)
                0x0800a9cc                memcpy
 *(.glue_7)
 .glue_7        0x0800a9de        0x0 linker stubs
 *(.glue_7t)
 .glue_7t       0x0800a9de        0x0 linker stubs
 *(.eh_frame)
 *fill*         0x0800a9de        0x2 
 .eh_frame      0x0800a9e0        0x0 C:/ST/STM32CubeIDE_2.0.0/STM32CubeIDE/plugins/com.st.stm32cube.ide.mcu.externaltools.gnu-tools-for-stm32.14.3.rel1.win32_1.0.100.202602081740/tools/bin/../lib/gcc/arm-none-eabi/14.3.1/thumb/v6-m/nofp/crtbegin.o
 *(.init)
 .init          0x0800a9e0        0x4 C:/ST/STM32CubeIDE_2.0.0/STM32CubeIDE/plugins/com.st.stm32cube.ide.mcu.externaltools.gnu-tools-for-stm32.14.3.rel1.win32_1.0.100.202602081740/tools/bin/../lib/gcc/arm-none-eabi/14.3.1/thumb/v6-m/nofp/crti.o
                0x0800a9e0                _init
 .init          0x0800a9e4        0x8 C:/ST/STM32CubeIDE_2.0.0/STM32CubeIDE/plugins/com.st.stm32cube.ide.mcu.externaltools.gnu-tools-for-stm32.14.3.rel1.win32_1.0.100.202602081740/tools/bin/../lib/gcc/arm-none-eabi/14.3.1/thumb/v6-m/nofp/crtn.o
 *(.fini)
 .fini          0x0800a9ec        0x4 C:/ST/STM32CubeIDE_2.0.0/STM32CubeIDE/plugins/com.st.stm32cube.ide.mcu.externaltools.gnu-tools-for-stm32.14.3.rel1.win32_1.0.100.202602081740/tools/bin/../lib/gcc/arm-none-eabi/14.3.1/thumb/v6-m/nofp/crti.o
                0x0800a9ec                _fini
 .fini          0x0800a9f0        0x8 C:/ST/STM32CubeIDE_2.0.0/STM32CubeIDE/plugins/com.st.stm32cube.ide.mcu.externaltools.gnu-tools-for-stm32.14.3.rel1.win32_1.0.100.202602081740/tools/bin/../lib/gcc/arm-none-eabi/14.3.1/thumb/v6-m/nofp/crtn.o
                0x0800a9f8                        . = ALIGN (0x4)
                0x0800a9f8                        _etext = .

.vfp11_veneer   0x0800a9f8        0x0
 .vfp11_veneer  0x0800a9f8        0x0 linker stubs

.v4_bx          0x0800a9f8        0x0
 .v4_bx         0x0800a9f8        0x0 linker stubs

.iplt           0x0800a9f8        0x0
 .iplt          0x0800a9f8        0x0 C:/ST/STM32CubeIDE_2.0.0/STM32CubeIDE/plugins/com.st.stm32cube.ide.mcu.externaltools.gnu-tools-for-stm32.14.3.rel1.win32_1.0.100.202602081740/tools/bin/../lib/gcc/arm-none-eabi/14.3.1/thumb/v6-m/nofp/crtbegin.o

.rodata         0x0800a9f8       0xe8
                0x0800a9f8                        . = ALIGN (0x4)
 *(.rodata)
 .rodata        0x0800a9f8        0xc ./Core/Src/peripheral.o
 *(.rodata*)
 .rodata.AppLogic_Run
                0x0800aa04       0x14 ./Core/Src/applogic.o
 .rodata.dlc_lut
                0x0800aa18       0x24 ./Core/Src/can_operation.o
 .rodata.AHBPrescTable
                0x0800aa3c       0x40 ./Core/Src/system_stm32g0xx.o
                0x0800aa3c                AHBPrescTable
 .rodata.DLCtoBytes
                0x0800aa7c       0x10 ./Drivers/STM32G0xx_HAL_Driver/Src/stm32g0xx_hal_fdcan.o
 .rodata.HAL_TIM_PWM_ConfigChannel
                0x0800aa8c       0x54 ./Drivers/STM32G0xx_HAL_Driver/Src/stm32g0xx_hal_tim.o
                0x0800aae0                        . = ALIGN (0x4)

.ARM.extab      0x0800aae0        0x0
                0x0800aae0                        . = ALIGN (0x4)
 *(.ARM.extab* .gnu.linkonce.armextab.*)
                0x0800aae0                        . = ALIGN (0x4)

.ARM            0x0800aae0        0x0
                0x0800aae0                        . = ALIGN (0x4)
                0x0800aae0                        __exidx_start = .
 *(.ARM.exidx*)
                0x0800aae0                        __exidx_end = .
                0x0800aae0                        . = ALIGN (0x4)

.preinit_array  0x0800aae0        0x0
                0x0800aae0                        . = ALIGN (0x4)
                0x0800aae0                        PROVIDE (__preinit_array_start = .)
 *(.preinit_array*)
                0x0800aae0                        PROVIDE (__preinit_array_end = .)
                0x0800aae0                        . = ALIGN (0x4)

.init_array     0x0800aae0        0x4
                0x0800aae0                        . = ALIGN (0x4)
                0x0800aae0                        PROVIDE (__init_array_start = .)
 *(SORT_BY_NAME(.init_array.*))
 *(.init_array*)
 .init_array    0x0800aae0        0x4 C:/ST/STM32CubeIDE_2.0.0/STM32CubeIDE/plugins/com.st.stm32cube.ide.mcu.externaltools.gnu-tools-for-stm32.14.3.rel1.win32_1.0.100.202602081740/tools/bin/../lib/gcc/arm-none-eabi/14.3.1/thumb/v6-m/nofp/crtbegin.o
                0x0800aae4                        PROVIDE (__init_array_end = .)
                0x0800aae4                        . = ALIGN (0x4)

.fini_array     0x0800aae4        0x4
                0x0800aae4                        . = ALIGN (0x4)
                [!provide]                        PROVIDE (__fini_array_start = .)
 *(SORT_BY_NAME(.fini_array.*))
 *(.fini_array*)
 .fini_array    0x0800aae4        0x4 C:/ST/STM32CubeIDE_2.0.0/STM32CubeIDE/plugins/com.st.stm32cube.ide.mcu.externaltools.gnu-tools-for-stm32.14.3.rel1.win32_1.0.100.202602081740/tools/bin/../lib/gcc/arm-none-eabi/14.3.1/thumb/v6-m/nofp/crtbegin.o
                [!provide]                        PROVIDE (__fini_array_end = .)
                0x0800aae8                        . = ALIGN (0x4)
                0x0800aae8                        _sidata = LOADADDR (.data)

.rel.dyn        0x0800aae8        0x0
 .rel.iplt      0x0800aae8        0x0 C:/ST/STM32CubeIDE_2.0.0/STM32CubeIDE/plugins/com.st.stm32cube.ide.mcu.externaltools.gnu-tools-for-stm32.14.3.rel1.win32_1.0.100.202602081740/tools/bin/../lib/gcc/arm-none-eabi/14.3.1/thumb/v6-m/nofp/crtbegin.o

.data           0x20000000       0x30 load address 0x0800aae8
                0x20000000                        . = ALIGN (0x4)
                0x20000000                        _sdata = .
 *(.data)
 *(.data*)
 .data.txMsgHeader
                0x20000000       0x24 ./Core/Src/can_operation.o
 .data.SystemCoreClock
                0x20000024        0x4 ./Core/Src/system_stm32g0xx.o
                0x20000024                SystemCoreClock
 .data.uwTickPrio
                0x20000028        0x4 ./Drivers/STM32G0xx_HAL_Driver/Src/stm32g0xx_hal.o
                0x20000028                uwTickPrio
 .data.uwTickFreq
                0x2000002c        0x1 ./Drivers/STM32G0xx_HAL_Driver/Src/stm32g0xx_hal.o
                0x2000002c                uwTickFreq
 *(.RamFunc)
 *(.RamFunc*)
                0x20000030                        . = ALIGN (0x4)
 *fill*         0x2000002d        0x3 
                0x20000030                        _edata = .

.igot.plt       0x20000030        0x0 load address 0x0800ab18
 .igot.plt      0x20000030        0x0 C:/ST/STM32CubeIDE_2.0.0/STM32CubeIDE/plugins/com.st.stm32cube.ide.mcu.externaltools.gnu-tools-for-stm32.14.3.rel1.win32_1.0.100.202602081740/tools/bin/../lib/gcc/arm-none-eabi/14.3.1/thumb/v6-m/nofp/crtbegin.o
                0x20000030                        . = ALIGN (0x4)

.bss            0x20000030      0x290 load address 0x0800ab18
                0x20000030                        _sbss = .
                0x20000030                        __bss_start__ = _sbss
 *(.bss)
 .bss           0x20000030       0x1c C:/ST/STM32CubeIDE_2.0.0/STM32CubeIDE/plugins/com.st.stm32cube.ide.mcu.externaltools.gnu-tools-for-stm32.14.3.rel1.win32_1.0.100.202602081740/tools/bin/../lib/gcc/arm-none-eabi/14.3.1/thumb/v6-m/nofp/crtbegin.o
 *(.bss*)
 .bss.enteredError.3
                0x2000004c        0x1 ./Core/Src/applogic.o
 .bss.buckReenabled.2
                0x2000004d        0x1 ./Core/Src/applogic.o
 *fill*         0x2000004e        0x2 
 .bss.last_tick.1
                0x20000050        0x4 ./Core/Src/applogic.o
 .bss.phase.0   0x20000054        0x1 ./Core/Src/applogic.o
 *fill*         0x20000055        0x3 
 .bss.rxMsgHeader
                0x20000058       0x28 ./Core/Src/can_operation.o
 .bss.txMsgData
                0x20000080        0x8 ./Core/Src/can_operation.o
 .bss.rxMsgData
                0x20000088        0x8 ./Core/Src/can_operation.o
 .bss.can_rxMessage
                0x20000090        0xe ./Core/Src/can_operation.o
                0x20000090                can_rxMessage
 *fill*         0x2000009e        0x2 
 .bss.eeprom_cmd
                0x200000a0        0x2 ./Core/Src/can_operation.o
                0x200000a0                eeprom_cmd
 *fill*         0x200000a2        0x2 
 .bss.lastFlashMsgTick
                0x200000a4        0x4 ./Core/Src/can_operation.o
 .bss.count.0   0x200000a8        0x4 ./Core/Src/can_operation.o
 .bss.sm        0x200000ac       0x38 ./Core/Src/main.o
 .bss.hadc1     0x200000e4       0x64 ./Core/Src/main.o
                0x200000e4                hadc1
 .bss.hdma_adc1
                0x20000148       0x60 ./Core/Src/main.o
                0x20000148                hdma_adc1
 .bss.hfdcan1   0x200001a8       0x64 ./Core/Src/main.o
                0x200001a8                hfdcan1
 .bss.hi2c1     0x2000020c       0x54 ./Core/Src/main.o
                0x2000020c                hi2c1
 .bss.htim1     0x20000260       0x4c ./Core/Src/main.o
                0x20000260                htim1
 .bss.led_last_tick.0
                0x200002ac        0x4 ./Core/Src/main.o
 .bss.ADC_VALUE
                0x200002b0        0x4 ./Core/Src/peripheral.o
                0x200002b0                ADC_VALUE
 .bss.app       0x200002b4        0x8 ./Core/Src/peripheral.o
                0x200002b4                app
 .bss.uwTick    0x200002bc        0x4 ./Drivers/STM32G0xx_HAL_Driver/Src/stm32g0xx_hal.o
                0x200002bc                uwTick
 *(COMMON)
                0x200002c0                        . = ALIGN (0x4)
                0x200002c0                        _ebss = .
                0x200002c0                        __bss_end__ = _ebss

._user_heap_stack
                0x200002c0      0x600 load address 0x0800ab18
                0x200002c0                        . = ALIGN (0x8)
                [!provide]                        PROVIDE (end = .)
                0x200002c0                        PROVIDE (_end = .)
                0x200004c0                        . = (. + _Min_Heap_Size)
 *fill*         0x200002c0      0x200 
                0x200008c0                        . = (. + _Min_Stack_Size)
 *fill*         0x200004c0      0x400 
                0x200008c0                        . = ALIGN (0x8)

/DISCARD/
 libc.a(*)
 libm.a(*)
 libgcc.a(*)

.ARM.attributes
                0x00000000       0x28
 *(.ARM.attributes)
 .ARM.attributes
                0x00000000       0x1e C:/ST/STM32CubeIDE_2.0.0/STM32CubeIDE/plugins/com.st.stm32cube.ide.mcu.externaltools.gnu-tools-for-stm32.14.3.rel1.win32_1.0.100.202602081740/tools/bin/../lib/gcc/arm-none-eabi/14.3.1/thumb/v6-m/nofp/crti.o
 .ARM.attributes
                0x0000001e       0x2c C:/ST/STM32CubeIDE_2.0.0/STM32CubeIDE/plugins/com.st.stm32cube.ide.mcu.externaltools.gnu-tools-for-stm32.14.3.rel1.win32_1.0.100.202602081740/tools/bin/../lib/gcc/arm-none-eabi/14.3.1/thumb/v6-m/nofp/crtbegin.o
 .ARM.attributes
                0x0000004a       0x2c ./Core/Src/applogic.o
 .ARM.attributes
                0x00000076       0x2c ./Core/Src/can_operation.o
 .ARM.attributes
                0x000000a2       0x2c ./Core/Src/eeprom_driver.o
 .ARM.attributes
                0x000000ce       0x2c ./Core/Src/main.o
 .ARM.attributes
                0x000000fa       0x2c ./Core/Src/peripheral.o
 .ARM.attributes
                0x00000126       0x2c ./Core/Src/stm32g0xx_hal_msp.o
 .ARM.attributes
                0x00000152       0x2c ./Core/Src/stm32g0xx_it.o
 .ARM.attributes
                0x0000017e       0x2c ./Core/Src/system_stm32g0xx.o
 .ARM.attributes
                0x000001aa       0x22 ./Core/Startup/startup_stm32g0b1retx.o
 .ARM.attributes
                0x000001cc       0x2c ./Drivers/STM32G0xx_HAL_Driver/Src/stm32g0xx_hal.o
 .ARM.attributes
                0x000001f8       0x2c ./Drivers/STM32G0xx_HAL_Driver/Src/stm32g0xx_hal_adc.o
 .ARM.attributes
                0x00000224       0x2c ./Drivers/STM32G0xx_HAL_Driver/Src/stm32g0xx_hal_adc_ex.o
 .ARM.attributes
                0x00000250       0x2c ./Drivers/STM32G0xx_HAL_Driver/Src/stm32g0xx_hal_cortex.o
 .ARM.attributes
                0x0000027c       0x2c ./Drivers/STM32G0xx_HAL_Driver/Src/stm32g0xx_hal_dma.o
 .ARM.attributes
                0x000002a8       0x2c ./Drivers/STM32G0xx_HAL_Driver/Src/stm32g0xx_hal_fdcan.o
 .ARM.attributes
                0x000002d4       0x2c ./Drivers/STM32G0xx_HAL_Driver/Src/stm32g0xx_hal_gpio.o
 .ARM.attributes
                0x00000300       0x2c ./Drivers/STM32G0xx_HAL_Driver/Src/stm32g0xx_hal_i2c.o
 .ARM.attributes
                0x0000032c       0x2c ./Drivers/STM32G0xx_HAL_Driver/Src/stm32g0xx_hal_i2c_ex.o
 .ARM.attributes
                0x00000358       0x2c ./Drivers/STM32G0xx_HAL_Driver/Src/stm32g0xx_hal_pwr_ex.o
 .ARM.attributes
                0x00000384       0x2c ./Drivers/STM32G0xx_HAL_Driver/Src/stm32g0xx_hal_rcc.o
 .ARM.attributes
                0x000003b0       0x2c ./Drivers/STM32G0xx_HAL_Driver/Src/stm32g0xx_hal_rcc_ex.o
 .ARM.attributes
                0x000003dc       0x2c ./Drivers/STM32G0xx_HAL_Driver/Src/stm32g0xx_hal_tim.o
 .ARM.attributes
                0x00000408       0x2c ./Drivers/STM32G0xx_HAL_Driver/Src/stm32g0xx_hal_tim_ex.o
 .ARM.attributes
                0x00000434       0x2c C:/ST/STM32CubeIDE_2.0.0/STM32CubeIDE/plugins/com.st.stm32cube.ide.mcu.externaltools.gnu-tools-for-stm32.14.3.rel1.win32_1.0.100.202602081740/tools/bin/../lib/gcc/arm-none-eabi/14.3.1/../../../../arm-none-eabi/lib/thumb/v6-m/nofp\libc_nano.a(libc_a-memset.o)
 .ARM.attributes
                0x00000460       0x2c C:/ST/STM32CubeIDE_2.0.0/STM32CubeIDE/plugins/com.st.stm32cube.ide.mcu.externaltools.gnu-tools-for-stm32.14.3.rel1.win32_1.0.100.202602081740/tools/bin/../lib/gcc/arm-none-eabi/14.3.1/../../../../arm-none-eabi/lib/thumb/v6-m/nofp\libc_nano.a(libc_a-init.o)
 .ARM.attributes
                0x0000048c       0x2c C:/ST/STM32CubeIDE_2.0.0/STM32CubeIDE/plugins/com.st.stm32cube.ide.mcu.externaltools.gnu-tools-for-stm32.14.3.rel1.win32_1.0.100.202602081740/tools/bin/../lib/gcc/arm-none-eabi/14.3.1/../../../../arm-none-eabi/lib/thumb/v6-m/nofp\libc_nano.a(libc_a-memcpy-stub.o)
 .ARM.attributes
                0x000004b8       0x1e C:/ST/STM32CubeIDE_2.0.0/STM32CubeIDE/plugins/com.st.stm32cube.ide.mcu.externaltools.gnu-tools-for-stm32.14.3.rel1.win32_1.0.100.202602081740/tools/bin/../lib/gcc/arm-none-eabi/14.3.1/thumb/v6-m/nofp\libgcc.a(_udivsi3.o)
 .ARM.attributes
                0x000004d6       0x1e C:/ST/STM32CubeIDE_2.0.0/STM32CubeIDE/plugins/com.st.stm32cube.ide.mcu.externaltools.gnu-tools-for-stm32.14.3.rel1.win32_1.0.100.202602081740/tools/bin/../lib/gcc/arm-none-eabi/14.3.1/thumb/v6-m/nofp\libgcc.a(_divsi3.o)
 .ARM.attributes
                0x000004f4       0x1e C:/ST/STM32CubeIDE_2.0.0/STM32CubeIDE/plugins/com.st.stm32cube.ide.mcu.externaltools.gnu-tools-for-stm32.14.3.rel1.win32_1.0.100.202602081740/tools/bin/../lib/gcc/arm-none-eabi/14.3.1/thumb/v6-m/nofp\libgcc.a(_dvmd_tls.o)
 .ARM.attributes
                0x00000512       0x1e C:/ST/STM32CubeIDE_2.0.0/STM32CubeIDE/plugins/com.st.stm32cube.ide.mcu.externaltools.gnu-tools-for-stm32.14.3.rel1.win32_1.0.100.202602081740/tools/bin/../lib/gcc/arm-none-eabi/14.3.1/thumb/v6-m/nofp/crtn.o
OUTPUT(STM32G0_LEDDRIVER_PROG.elf elf32-littlearm)
LOAD linker stubs
LOAD C:/ST/STM32CubeIDE_2.0.0/STM32CubeIDE/plugins/com.st.stm32cube.ide.mcu.externaltools.gnu-tools-for-stm32.14.3.rel1.win32_1.0.100.202602081740/tools/bin/../lib/gcc/arm-none-eabi/14.3.1/../../../../arm-none-eabi/lib/thumb/v6-m/nofp\libc.a
LOAD C:/ST/STM32CubeIDE_2.0.0/STM32CubeIDE/plugins/com.st.stm32cube.ide.mcu.externaltools.gnu-tools-for-stm32.14.3.rel1.win32_1.0.100.202602081740/tools/bin/../lib/gcc/arm-none-eabi/14.3.1/../../../../arm-none-eabi/lib/thumb/v6-m/nofp\libm.a
LOAD C:/ST/STM32CubeIDE_2.0.0/STM32CubeIDE/plugins/com.st.stm32cube.ide.mcu.externaltools.gnu-tools-for-stm32.14.3.rel1.win32_1.0.100.202602081740/tools/bin/../lib/gcc/arm-none-eabi/14.3.1/thumb/v6-m/nofp\libgcc.a

.debug_info     0x00000000    0x1618c
 .debug_info    0x00000000      0x806 ./Core/Src/applogic.o
 .debug_info    0x00000806      0xd99 ./Core/Src/can_operation.o
 .debug_info    0x0000159f      0xce7 ./Core/Src/eeprom_driver.o
 .debug_info    0x00002286     0x20ad ./Core/Src/main.o
 .debug_info    0x00004333      0xe72 ./Core/Src/peripheral.o
 .debug_info    0x000051a5     0x1aa0 ./Core/Src/stm32g0xx_hal_msp.o
 .debug_info    0x00006c45      0x5fb ./Core/Src/stm32g0xx_it.o
 .debug_info    0x00007240      0x316 ./Core/Src/system_stm32g0xx.o
 .debug_info    0x00007556       0x30 ./Core/Startup/startup_stm32g0b1retx.o
 .debug_info    0x00007586      0xafa ./Drivers/STM32G0xx_HAL_Driver/Src/stm32g0xx_hal.o
 .debug_info    0x00008080     0x15cf ./Drivers/STM32G0xx_HAL_Driver/Src/stm32g0xx_hal_adc.o
 .debug_info    0x0000964f      0xb8e ./Drivers/STM32G0xx_HAL_Driver/Src/stm32g0xx_hal_adc_ex.o
 .debug_info    0x0000a1dd      0x8d9 ./Drivers/STM32G0xx_HAL_Driver/Src/stm32g0xx_hal_cortex.o
 .debug_info    0x0000aab6      0x869 ./Drivers/STM32G0xx_HAL_Driver/Src/stm32g0xx_hal_dma.o
 .debug_info    0x0000b31f     0x1883 ./Drivers/STM32G0xx_HAL_Driver/Src/stm32g0xx_hal_fdcan.o
 .debug_info    0x0000cba2      0x5d9 ./Drivers/STM32G0xx_HAL_Driver/Src/stm32g0xx_hal_gpio.o
 .debug_info    0x0000d17b     0x2205 ./Drivers/STM32G0xx_HAL_Driver/Src/stm32g0xx_hal_i2c.o
 .debug_info    0x0000f380      0xa46 ./Drivers/STM32G0xx_HAL_Driver/Src/stm32g0xx_hal_i2c_ex.o
 .debug_info    0x0000fdc6      0x8b5 ./Drivers/STM32G0xx_HAL_Driver/Src/stm32g0xx_hal_pwr_ex.o
 .debug_info    0x0001067b      0xb9b ./Drivers/STM32G0xx_HAL_Driver/Src/stm32g0xx_hal_rcc.o
 .debug_info    0x00011216      0xa41 ./Drivers/STM32G0xx_HAL_Driver/Src/stm32g0xx_hal_rcc_ex.o
 .debug_info    0x00011c57     0x2c12 ./Drivers/STM32G0xx_HAL_Driver/Src/stm32g0xx_hal_tim.o
 .debug_info    0x00014869     0x1923 ./Drivers/STM32G0xx_HAL_Driver/Src/stm32g0xx_hal_tim_ex.o

.debug_abbrev   0x00000000     0x3209
 .debug_abbrev  0x00000000      0x252 ./Core/Src/applogic.o
 .debug_abbrev  0x00000252      0x249 ./Core/Src/can_operation.o
 .debug_abbrev  0x0000049b      0x23e ./Core/Src/eeprom_driver.o
 .debug_abbrev  0x000006d9      0x366 ./Core/Src/main.o
 .debug_abbrev  0x00000a3f      0x250 ./Core/Src/peripheral.o
 .debug_abbrev  0x00000c8f      0x27e ./Core/Src/stm32g0xx_hal_msp.o
 .debug_abbrev  0x00000f0d      0x175 ./Core/Src/stm32g0xx_it.o
 .debug_abbrev  0x00001082      0x119 ./Core/Src/system_stm32g0xx.o
 .debug_abbrev  0x0000119b       0x24 ./Core/Startup/startup_stm32g0b1retx.o
 .debug_abbrev  0x000011bf      0x27f ./Drivers/STM32G0xx_HAL_Driver/Src/stm32g0xx_hal.o
 .debug_abbrev  0x0000143e      0x276 ./Drivers/STM32G0xx_HAL_Driver/Src/stm32g0xx_hal_adc.o
 .debug_abbrev  0x000016b4      0x242 ./Drivers/STM32G0xx_HAL_Driver/Src/stm32g0xx_hal_adc_ex.o
 .debug_abbrev  0x000018f6      0x2ab ./Drivers/STM32G0xx_HAL_Driver/Src/stm32g0xx_hal_cortex.o
 .debug_abbrev  0x00001ba1      0x214 ./Drivers/STM32G0xx_HAL_Driver/Src/stm32g0xx_hal_dma.o
 .debug_abbrev  0x00001db5      0x1eb ./Drivers/STM32G0xx_HAL_Driver/Src/stm32g0xx_hal_fdcan.o
 .debug_abbrev  0x00001fa0      0x1c8 ./Drivers/STM32G0xx_HAL_Driver/Src/stm32g0xx_hal_gpio.o
 .debug_abbrev  0x00002168      0x282 ./Drivers/STM32G0xx_HAL_Driver/Src/stm32g0xx_hal_i2c.o
 .debug_abbrev  0x000023ea      0x1d7 ./Drivers/STM32G0xx_HAL_Driver/Src/stm32g0xx_hal_i2c_ex.o
 .debug_abbrev  0x000025c1      0x23c ./Drivers/STM32G0xx_HAL_Driver/Src/stm32g0xx_hal_pwr_ex.o
 .debug_abbrev  0x000027fd      0x2aa ./Drivers/STM32G0xx_HAL_Driver/Src/stm32g0xx_hal_rcc.o
 .debug_abbrev  0x00002aa7      0x244 ./Drivers/STM32G0xx_HAL_Driver/Src/stm32g0xx_hal_rcc_ex.o
 .debug_abbrev  0x00002ceb      0x287 ./Drivers/STM32G0xx_HAL_Driver/Src/stm32g0xx_hal_tim.o
 .debug_abbrev  0x00002f72      0x297 ./Drivers/STM32G0xx_HAL_Driver/Src/stm32g0xx_hal_tim_ex.o

.debug_aranges  0x00000000     0x1560
 .debug_aranges
                0x00000000       0x80 ./Core/Src/applogic.o
 .debug_aranges
                0x00000080       0x58 ./Core/Src/can_operation.o
 .debug_aranges
                0x000000d8       0x78 ./Core/Src/eeprom_driver.o
 .debug_aranges
                0x00000150       0x68 ./Core/Src/main.o
 .debug_aranges
                0x000001b8       0x48 ./Core/Src/peripheral.o
 .debug_aranges
                0x00000200       0x68 ./Core/Src/stm32g0xx_hal_msp.o
 .debug_aranges
                0x00000268       0x48 ./Core/Src/stm32g0xx_it.o
 .debug_aranges
                0x000002b0       0x28 ./Core/Src/system_stm32g0xx.o
 .debug_aranges
                0x000002d8       0x28 ./Core/Startup/startup_stm32g0b1retx.o
 .debug_aranges
                0x00000300      0x130 ./Drivers/STM32G0xx_HAL_Driver/Src/stm32g0xx_hal.o
 .debug_aranges
                0x00000430      0x1f0 ./Drivers/STM32G0xx_HAL_Driver/Src/stm32g0xx_hal_adc.o
 .debug_aranges
                0x00000620       0xb0 ./Drivers/STM32G0xx_HAL_Driver/Src/stm32g0xx_hal_adc_ex.o
 .debug_aranges
                0x000006d0       0xe8 ./Drivers/STM32G0xx_HAL_Driver/Src/stm32g0xx_hal_cortex.o
 .debug_aranges
                0x000007b8       0x90 ./Drivers/STM32G0xx_HAL_Driver/Src/stm32g0xx_hal_dma.o
 .debug_aranges
                0x00000848      0x208 ./Drivers/STM32G0xx_HAL_Driver/Src/stm32g0xx_hal_fdcan.o
 .debug_aranges
                0x00000a50       0x60 ./Drivers/STM32G0xx_HAL_Driver/Src/stm32g0xx_hal_gpio.o
 .debug_aranges
                0x00000ab0      0x2a0 ./Drivers/STM32G0xx_HAL_Driver/Src/stm32g0xx_hal_i2c.o
 .debug_aranges
                0x00000d50       0x48 ./Drivers/STM32G0xx_HAL_Driver/Src/stm32g0xx_hal_i2c_ex.o
 .debug_aranges
                0x00000d98      0x128 ./Drivers/STM32G0xx_HAL_Driver/Src/stm32g0xx_hal_pwr_ex.o
 .debug_aranges
                0x00000ec0       0xa0 ./Drivers/STM32G0xx_HAL_Driver/Src/stm32g0xx_hal_rcc.o
 .debug_aranges
                0x00000f60       0x88 ./Drivers/STM32G0xx_HAL_Driver/Src/stm32g0xx_hal_rcc_ex.o
 .debug_aranges
                0x00000fe8      0x3e0 ./Drivers/STM32G0xx_HAL_Driver/Src/stm32g0xx_hal_tim.o
 .debug_aranges
                0x000013c8      0x198 ./Drivers/STM32G0xx_HAL_Driver/Src/stm32g0xx_hal_tim_ex.o

.debug_rnglists
                0x00000000     0x109e
 .debug_rnglists
                0x00000000       0x61 ./Core/Src/applogic.o
 .debug_rnglists
                0x00000061       0x40 ./Core/Src/can_operation.o
 .debug_rnglists
                0x000000a1       0x65 ./Core/Src/eeprom_driver.o
 .debug_rnglists
                0x00000106       0x50 ./Core/Src/main.o
 .debug_rnglists
                0x00000156       0x32 ./Core/Src/peripheral.o
 .debug_rnglists
                0x00000188       0x4c ./Core/Src/stm32g0xx_hal_msp.o
 .debug_rnglists
                0x000001d4       0x31 ./Core/Src/stm32g0xx_it.o
 .debug_rnglists
                0x00000205       0x1a ./Core/Src/system_stm32g0xx.o
 .debug_rnglists
                0x0000021f       0x19 ./Core/Startup/startup_stm32g0b1retx.o
 .debug_rnglists
                0x00000238       0xe0 ./Drivers/STM32G0xx_HAL_Driver/Src/stm32g0xx_hal.o
 .debug_rnglists
                0x00000318      0x17f ./Drivers/STM32G0xx_HAL_Driver/Src/stm32g0xx_hal_adc.o
 .debug_rnglists
                0x00000497       0x81 ./Drivers/STM32G0xx_HAL_Driver/Src/stm32g0xx_hal_adc_ex.o
 .debug_rnglists
                0x00000518       0xaa ./Drivers/STM32G0xx_HAL_Driver/Src/stm32g0xx_hal_cortex.o
 .debug_rnglists
                0x000005c2       0x72 ./Drivers/STM32G0xx_HAL_Driver/Src/stm32g0xx_hal_dma.o
 .debug_rnglists
                0x00000634      0x18d ./Drivers/STM32G0xx_HAL_Driver/Src/stm32g0xx_hal_fdcan.o
 .debug_rnglists
                0x000007c1       0x45 ./Drivers/STM32G0xx_HAL_Driver/Src/stm32g0xx_hal_gpio.o
 .debug_rnglists
                0x00000806      0x229 ./Drivers/STM32G0xx_HAL_Driver/Src/stm32g0xx_hal_i2c.o
 .debug_rnglists
                0x00000a2f       0x35 ./Drivers/STM32G0xx_HAL_Driver/Src/stm32g0xx_hal_i2c_ex.o
 .debug_rnglists
                0x00000a64       0xe0 ./Drivers/STM32G0xx_HAL_Driver/Src/stm32g0xx_hal_pwr_ex.o
 .debug_rnglists
                0x00000b44       0x79 ./Drivers/STM32G0xx_HAL_Driver/Src/stm32g0xx_hal_rcc.o
 .debug_rnglists
                0x00000bbd       0x69 ./Drivers/STM32G0xx_HAL_Driver/Src/stm32g0xx_hal_rcc_ex.o
 .debug_rnglists
                0x00000c26      0x32a ./Drivers/STM32G0xx_HAL_Driver/Src/stm32g0xx_hal_tim.o
 .debug_rnglists
                0x00000f50      0x14e ./Drivers/STM32G0xx_HAL_Driver/Src/stm32g0xx_hal_tim_ex.o

.debug_macro    0x00000000    0x1f063
 .debug_macro   0x00000000      0x334 ./Core/Src/applogic.o
 .debug_macro   0x00000334      0xaae ./Core/Src/applogic.o
 .debug_macro   0x00000de2      0x136 ./Core/Src/applogic.o
 .debug_macro   0x00000f18       0x2e ./Core/Src/applogic.o
 .debug_macro   0x00000f46       0x28 ./Core/Src/applogic.o
 .debug_macro   0x00000f6e       0x22 ./Core/Src/applogic.o
 .debug_macro   0x00000f90       0x8e ./Core/Src/applogic.o
 .debug_macro   0x0000101e       0x51 ./Core/Src/applogic.o
 .debug_macro   0x0000106f      0x103 ./Core/Src/applogic.o
 .debug_macro   0x00001172       0x6a ./Core/Src/applogic.o
 .debug_macro   0x000011dc      0x1df ./Core/Src/applogic.o
 .debug_macro   0x000013bb       0x1c ./Core/Src/applogic.o
 .debug_macro   0x000013d7       0x22 ./Core/Src/applogic.o
 .debug_macro   0x000013f9       0xd1 ./Core/Src/applogic.o
 .debug_macro   0x000014ca      0x4da ./Core/Src/applogic.o
 .debug_macro   0x000019a4      0x11f ./Core/Src/applogic.o
 .debug_macro   0x00001ac3     0xf3de ./Core/Src/applogic.o
 .debug_macro   0x00010ea1       0x66 ./Core/Src/applogic.o
 .debug_macro   0x00010f07     0x350e ./Core/Src/applogic.o
 .debug_macro   0x00014415      0x190 ./Core/Src/applogic.o
 .debug_macro   0x000145a5       0x5c ./Core/Src/applogic.o
 .debug_macro   0x00014601      0x72c ./Core/Src/applogic.o
 .debug_macro   0x00014d2d     0x1579 ./Core/Src/applogic.o
 .debug_macro   0x000162a6      0x535 ./Core/Src/applogic.o
 .debug_macro   0x000167db      0x1cf ./Core/Src/applogic.o
 .debug_macro   0x000169aa      0x25b ./Core/Src/applogic.o
 .debug_macro   0x00016c05      0x4f5 ./Core/Src/applogic.o
 .debug_macro   0x000170fa      0x280 ./Core/Src/applogic.o
 .debug_macro   0x0001737a      0x417 ./Core/Src/applogic.o
 .debug_macro   0x00017791      0x1b2 ./Core/Src/applogic.o
 .debug_macro   0x00017943       0x43 ./Core/Src/applogic.o
 .debug_macro   0x00017986      0x1f1 ./Core/Src/applogic.o
 .debug_macro   0x00017b77      0x8bd ./Core/Src/applogic.o
 .debug_macro   0x00018434      0x5c9 ./Core/Src/applogic.o
 .debug_macro   0x000189fd       0x2e ./Core/Src/applogic.o
 .debug_macro   0x00018a2b      0x1e4 ./Core/Src/applogic.o
 .debug_macro   0x00018c0f      0x3fa ./Core/Src/applogic.o
 .debug_macro   0x00019009       0x28 ./Core/Src/applogic.o
 .debug_macro   0x00019031      0x123 ./Core/Src/applogic.o
 .debug_macro   0x00019154      0x6bd ./Core/Src/applogic.o
 .debug_macro   0x00019811      0x22c ./Core/Src/applogic.o
 .debug_macro   0x00019a3d       0x67 ./Core/Src/applogic.o
 .debug_macro   0x00019aa4       0xa5 ./Core/Src/applogic.o
 .debug_macro   0x00019b49      0x145 ./Core/Src/applogic.o
 .debug_macro   0x00019c8e      0x30b ./Core/Src/applogic.o
 .debug_macro   0x00019f99      0xae5 ./Core/Src/applogic.o
 .debug_macro   0x0001aa7e      0x239 ./Core/Src/applogic.o
 .debug_macro   0x0001acb7      0x5df ./Core/Src/applogic.o
 .debug_macro   0x0001b296       0x40 ./Core/Src/applogic.o
 .debug_macro   0x0001b2d6       0x22 ./Core/Src/applogic.o
 .debug_macro   0x0001b2f8       0x34 ./Core/Src/applogic.o
 .debug_macro   0x0001b32c       0x2e ./Core/Src/applogic.o
 .debug_macro   0x0001b35a       0x61 ./Core/Src/applogic.o
 .debug_macro   0x0001b3bb       0x24 ./Core/Src/applogic.o
 .debug_macro   0x0001b3df       0x43 ./Core/Src/applogic.o
 .debug_macro   0x0001b422       0x34 ./Core/Src/applogic.o
 .debug_macro   0x0001b456      0x364 ./Core/Src/applogic.o
 .debug_macro   0x0001b7ba       0x16 ./Core/Src/applogic.o
 .debug_macro   0x0001b7d0       0x4a ./Core/Src/applogic.o
 .debug_macro   0x0001b81a       0x34 ./Core/Src/applogic.o
 .debug_macro   0x0001b84e       0x10 ./Core/Src/applogic.o
 .debug_macro   0x0001b85e       0x58 ./Core/Src/applogic.o
 .debug_macro   0x0001b8b6       0x8e ./Core/Src/applogic.o
 .debug_macro   0x0001b944       0x1c ./Core/Src/applogic.o
 .debug_macro   0x0001b960      0x17e ./Core/Src/applogic.o
 .debug_macro   0x0001bade       0x10 ./Core/Src/applogic.o
 .debug_macro   0x0001baee       0x3c ./Core/Src/applogic.o
 .debug_macro   0x0001bb2a       0x20 ./Core/Src/applogic.o
 .debug_macro   0x0001bb4a      0x321 ./Core/Src/can_operation.o
 .debug_macro   0x0001be6b       0x46 ./Core/Src/can_operation.o
 .debug_macro   0x0001beb1       0x2e ./Core/Src/can_operation.o
 .debug_macro   0x0001bedf      0x31f ./Core/Src/eeprom_driver.o
 .debug_macro   0x0001c1fe       0x5b ./Core/Src/eeprom_driver.o
 .debug_macro   0x0001c259       0x94 ./Core/Src/eeprom_driver.o
 .debug_macro   0x0001c2ed       0x57 ./Core/Src/eeprom_driver.o
 .debug_macro   0x0001c344      0x19b ./Core/Src/eeprom_driver.o
 .debug_macro   0x0001c4df       0x56 ./Core/Src/eeprom_driver.o
 .debug_macro   0x0001c535       0x16 ./Core/Src/eeprom_driver.o
 .debug_macro   0x0001c54b      0x276 ./Core/Src/main.o
 .debug_macro   0x0001c7c1      0x233 ./Core/Src/peripheral.o
 .debug_macro   0x0001c9f4      0x225 ./Core/Src/stm32g0xx_hal_msp.o
 .debug_macro   0x0001cc19      0x22f ./Core/Src/stm32g0xx_it.o
 .debug_macro   0x0001ce48      0x216 ./Core/Src/system_stm32g0xx.o
 .debug_macro   0x0001d05e      0x23a ./Drivers/STM32G0xx_HAL_Driver/Src/stm32g0xx_hal.o
 .debug_macro   0x0001d298      0x23a ./Drivers/STM32G0xx_HAL_Driver/Src/stm32g0xx_hal_adc.o
 .debug_macro   0x0001d4d2      0x222 ./Drivers/STM32G0xx_HAL_Driver/Src/stm32g0xx_hal_adc_ex.o
 .debug_macro   0x0001d6f4      0x216 ./Drivers/STM32G0xx_HAL_Driver/Src/stm32g0xx_hal_cortex.o
 .debug_macro   0x0001d90a      0x216 ./Drivers/STM32G0xx_HAL_Driver/Src/stm32g0xx_hal_dma.o
 .debug_macro   0x0001db20      0x328 ./Drivers/STM32G0xx_HAL_Driver/Src/stm32g0xx_hal_fdcan.o
 .debug_macro   0x0001de48      0x21d ./Drivers/STM32G0xx_HAL_Driver/Src/stm32g0xx_hal_gpio.o
 .debug_macro   0x0001e065      0x2e2 ./Drivers/STM32G0xx_HAL_Driver/Src/stm32g0xx_hal_i2c.o
 .debug_macro   0x0001e347      0x216 ./Drivers/STM32G0xx_HAL_Driver/Src/stm32g0xx_hal_i2c_ex.o
 .debug_macro   0x0001e55d      0x240 ./Drivers/STM32G0xx_HAL_Driver/Src/stm32g0xx_hal_pwr_ex.o
 .debug_macro   0x0001e79d      0x25e ./Drivers/STM32G0xx_HAL_Driver/Src/stm32g0xx_hal_rcc.o
 .debug_macro   0x0001e9fb      0x22e ./Drivers/STM32G0xx_HAL_Driver/Src/stm32g0xx_hal_rcc_ex.o
 .debug_macro   0x0001ec29      0x21e ./Drivers/STM32G0xx_HAL_Driver/Src/stm32g0xx_hal_tim.o
 .debug_macro   0x0001ee47      0x21c ./Drivers/STM32G0xx_HAL_Driver/Src/stm32g0xx_hal_tim_ex.o

.debug_line     0x00000000    0x191b0
 .debug_line    0x00000000      0xd78 ./Core/Src/applogic.o
 .debug_line    0x00000d78      0xbc8 ./Core/Src/can_operation.o
 .debug_line    0x00001940      0xbcb ./Core/Src/eeprom_driver.o
 .debug_line    0x0000250b      0xb57 ./Core/Src/main.o
 .debug_line    0x00003062      0x92d ./Core/Src/peripheral.o
 .debug_line    0x0000398f      0x9bb ./Core/Src/stm32g0xx_hal_msp.o
 .debug_line    0x0000434a      0x863 ./Core/Src/stm32g0xx_it.o
 .debug_line    0x00004bad      0x85e ./Core/Src/system_stm32g0xx.o
 .debug_line    0x0000540b       0x7b ./Core/Startup/startup_stm32g0b1retx.o
 .debug_line    0x00005486      0xbd7 ./Drivers/STM32G0xx_HAL_Driver/Src/stm32g0xx_hal.o
 .debug_line    0x0000605d     0x19d3 ./Drivers/STM32G0xx_HAL_Driver/Src/stm32g0xx_hal_adc.o
 .debug_line    0x00007a30      0xb43 ./Drivers/STM32G0xx_HAL_Driver/Src/stm32g0xx_hal_adc_ex.o
 .debug_line    0x00008573      0xc39 ./Drivers/STM32G0xx_HAL_Driver/Src/stm32g0xx_hal_cortex.o
 .debug_line    0x000091ac      0xf16 ./Drivers/STM32G0xx_HAL_Driver/Src/stm32g0xx_hal_dma.o
 .debug_line    0x0000a0c2     0x196c ./Drivers/STM32G0xx_HAL_Driver/Src/stm32g0xx_hal_fdcan.o
 .debug_line    0x0000ba2e      0xc09 ./Drivers/STM32G0xx_HAL_Driver/Src/stm32g0xx_hal_gpio.o
 .debug_line    0x0000c637     0x37c6 ./Drivers/STM32G0xx_HAL_Driver/Src/stm32g0xx_hal_i2c.o
 .debug_line    0x0000fdfd      0x951 ./Drivers/STM32G0xx_HAL_Driver/Src/stm32g0xx_hal_i2c_ex.o
 .debug_line    0x0001074e      0xc85 ./Drivers/STM32G0xx_HAL_Driver/Src/stm32g0xx_hal_pwr_ex.o
 .debug_line    0x000113d3     0x10de ./Drivers/STM32G0xx_HAL_Driver/Src/stm32g0xx_hal_rcc.o
 .debug_line    0x000124b1     0x1281 ./Drivers/STM32G0xx_HAL_Driver/Src/stm32g0xx_hal_rcc_ex.o
 .debug_line    0x00013732     0x3dd3 ./Drivers/STM32G0xx_HAL_Driver/Src/stm32g0xx_hal_tim.o
 .debug_line    0x00017505     0x1cab ./Drivers/STM32G0xx_HAL_Driver/Src/stm32g0xx_hal_tim_ex.o

.debug_str      0x00000000    0xc872c
 .debug_str     0x00000000    0xc872c ./Core/Src/applogic.o
                              0xc1538 (size before relaxing)
 .debug_str     0x000c872c    0xc17c2 ./Core/Src/can_operation.o
 .debug_str     0x000c872c    0xc1f16 ./Core/Src/eeprom_driver.o
 .debug_str     0x000c872c    0xbf675 ./Core/Src/main.o
 .debug_str     0x000c872c    0xbe7a5 ./Core/Src/peripheral.o
 .debug_str     0x000c872c    0xbf209 ./Core/Src/stm32g0xx_hal_msp.o
 .debug_str     0x000c872c    0xbe187 ./Core/Src/stm32g0xx_it.o
 .debug_str     0x000c872c    0xbdda5 ./Core/Src/system_stm32g0xx.o
 .debug_str     0x000c872c       0xb6 ./Core/Startup/startup_stm32g0b1retx.o
 .debug_str     0x000c872c    0xbe67e ./Drivers/STM32G0xx_HAL_Driver/Src/stm32g0xx_hal.o
 .debug_str     0x000c872c    0xbeb87 ./Drivers/STM32G0xx_HAL_Driver/Src/stm32g0xx_hal_adc.o
 .debug_str     0x000c872c    0xbe563 ./Drivers/STM32G0xx_HAL_Driver/Src/stm32g0xx_hal_adc_ex.o
 .debug_str     0x000c872c    0xbe2b6 ./Drivers/STM32G0xx_HAL_Driver/Src/stm32g0xx_hal_cortex.o
 .debug_str     0x000c872c    0xbe255 ./Drivers/STM32G0xx_HAL_Driver/Src/stm32g0xx_hal_dma.o
 .debug_str     0x000c872c    0xbf43d ./Drivers/STM32G0xx_HAL_Driver/Src/stm32g0xx_hal_fdcan.o
 .debug_str     0x000c872c    0xbdf08 ./Drivers/STM32G0xx_HAL_Driver/Src/stm32g0xx_hal_gpio.o
 .debug_str     0x000c872c    0xbf18f ./Drivers/STM32G0xx_HAL_Driver/Src/stm32g0xx_hal_i2c.o
 .debug_str     0x000c872c    0xbe40e ./Drivers/STM32G0xx_HAL_Driver/Src/stm32g0xx_hal_i2c_ex.o
 .debug_str     0x000c872c    0xbe327 ./Drivers/STM32G0xx_HAL_Driver/Src/stm32g0xx_hal_pwr_ex.o
 .debug_str     0x000c872c    0xbe571 ./Drivers/STM32G0xx_HAL_Driver/Src/stm32g0xx_hal_rcc.o
 .debug_str     0x000c872c    0xbe401 ./Drivers/STM32G0xx_HAL_Driver/Src/stm32g0xx_hal_rcc_ex.o
 .debug_str     0x000c872c    0xbf30e ./Drivers/STM32G0xx_HAL_Driver/Src/stm32g0xx_hal_tim.o
 .debug_str     0x000c872c    0xbec9c ./Drivers/STM32G0xx_HAL_Driver/Src/stm32g0xx_hal_tim_ex.o

.comment        0x00000000       0x43
 .comment       0x00000000       0x43 ./Core/Src/applogic.o
                                 0x44 (size before relaxing)
 .comment       0x00000043       0x44 ./Core/Src/can_operation.o
 .comment       0x00000043       0x44 ./Core/Src/eeprom_driver.o
 .comment       0x00000043       0x44 ./Core/Src/main.o
 .comment       0x00000043       0x44 ./Core/Src/peripheral.o
 .comment       0x00000043       0x44 ./Core/Src/stm32g0xx_hal_msp.o
 .comment       0x00000043       0x44 ./Core/Src/stm32g0xx_it.o
 .comment       0x00000043       0x44 ./Core/Src/system_stm32g0xx.o
 .comment       0x00000043       0x44 ./Drivers/STM32G0xx_HAL_Driver/Src/stm32g0xx_hal.o
 .comment       0x00000043       0x44 ./Drivers/STM32G0xx_HAL_Driver/Src/stm32g0xx_hal_adc.o
 .comment       0x00000043       0x44 ./Drivers/STM32G0xx_HAL_Driver/Src/stm32g0xx_hal_adc_ex.o
 .comment       0x00000043       0x44 ./Drivers/STM32G0xx_HAL_Driver/Src/stm32g0xx_hal_cortex.o
 .comment       0x00000043       0x44 ./Drivers/STM32G0xx_HAL_Driver/Src/stm32g0xx_hal_dma.o
 .comment       0x00000043       0x44 ./Drivers/STM32G0xx_HAL_Driver/Src/stm32g0xx_hal_fdcan.o
 .comment       0x00000043       0x44 ./Drivers/STM32G0xx_HAL_Driver/Src/stm32g0xx_hal_gpio.o
 .comment       0x00000043       0x44 ./Drivers/STM32G0xx_HAL_Driver/Src/stm32g0xx_hal_i2c.o
 .comment       0x00000043       0x44 ./Drivers/STM32G0xx_HAL_Driver/Src/stm32g0xx_hal_i2c_ex.o
 .comment       0x00000043       0x44 ./Drivers/STM32G0xx_HAL_Driver/Src/stm32g0xx_hal_pwr_ex.o
 .comment       0x00000043       0x44 ./Drivers/STM32G0xx_HAL_Driver/Src/stm32g0xx_hal_rcc.o
 .comment       0x00000043       0x44 ./Drivers/STM32G0xx_HAL_Driver/Src/stm32g0xx_hal_rcc_ex.o
 .comment       0x00000043       0x44 ./Drivers/STM32G0xx_HAL_Driver/Src/stm32g0xx_hal_tim.o
 .comment       0x00000043       0x44 ./Drivers/STM32G0xx_HAL_Driver/Src/stm32g0xx_hal_tim_ex.o

.debug_frame    0x00000000     0x4e18
 .debug_frame   0x00000000      0x1bc ./Core/Src/applogic.o
 .debug_frame   0x000001bc      0x108 ./Core/Src/can_operation.o
 .debug_frame   0x000002c4      0x19c ./Core/Src/eeprom_driver.o
 .debug_frame   0x00000460      0x140 ./Core/Src/main.o
 .debug_frame   0x000005a0       0xcc ./Core/Src/peripheral.o
 .debug_frame   0x0000066c      0x150 ./Core/Src/stm32g0xx_hal_msp.o
 .debug_frame   0x000007bc       0xb8 ./Core/Src/stm32g0xx_it.o
 .debug_frame   0x00000874       0x4c ./Core/Src/system_stm32g0xx.o
 .debug_frame   0x000008c0      0x41c ./Drivers/STM32G0xx_HAL_Driver/Src/stm32g0xx_hal.o
 .debug_frame   0x00000cdc      0x78c ./Drivers/STM32G0xx_HAL_Driver/Src/stm32g0xx_hal_adc.o
 .debug_frame   0x00001468      0x270 ./Drivers/STM32G0xx_HAL_Driver/Src/stm32g0xx_hal_adc_ex.o
 .debug_frame   0x000016d8      0x33c ./Drivers/STM32G0xx_HAL_Driver/Src/stm32g0xx_hal_cortex.o
 .debug_frame   0x00001a14      0x1f0 ./Drivers/STM32G0xx_HAL_Driver/Src/stm32g0xx_hal_dma.o
 .debug_frame   0x00001c04      0x7d0 ./Drivers/STM32G0xx_HAL_Driver/Src/stm32g0xx_hal_fdcan.o
 .debug_frame   0x000023d4      0x130 ./Drivers/STM32G0xx_HAL_Driver/Src/stm32g0xx_hal_gpio.o
 .debug_frame   0x00002504      0xa68 ./Drivers/STM32G0xx_HAL_Driver/Src/stm32g0xx_hal_i2c.o
 .debug_frame   0x00002f6c       0xd0 ./Drivers/STM32G0xx_HAL_Driver/Src/stm32g0xx_hal_i2c_ex.o
 .debug_frame   0x0000303c      0x3f4 ./Drivers/STM32G0xx_HAL_Driver/Src/stm32g0xx_hal_pwr_ex.o
 .debug_frame   0x00003430      0x214 ./Drivers/STM32G0xx_HAL_Driver/Src/stm32g0xx_hal_rcc.o
 .debug_frame   0x00003644      0x1c0 ./Drivers/STM32G0xx_HAL_Driver/Src/stm32g0xx_hal_rcc_ex.o
 .debug_frame   0x00003804      0xf40 ./Drivers/STM32G0xx_HAL_Driver/Src/stm32g0xx_hal_tim.o
 .debug_frame   0x00004744      0x620 ./Drivers/STM32G0xx_HAL_Driver/Src/stm32g0xx_hal_tim_ex.o
 .debug_frame   0x00004d64       0x20 C:/ST/STM32CubeIDE_2.0.0/STM32CubeIDE/plugins/com.st.stm32cube.ide.mcu.externaltools.gnu-tools-for-stm32.14.3.rel1.win32_1.0.100.202602081740/tools/bin/../lib/gcc/arm-none-eabi/14.3.1/../../../../arm-none-eabi/lib/thumb/v6-m/nofp\libc_nano.a(libc_a-memset.o)
 .debug_frame   0x00004d84       0x2c C:/ST/STM32CubeIDE_2.0.0/STM32CubeIDE/plugins/com.st.stm32cube.ide.mcu.externaltools.gnu-tools-for-stm32.14.3.rel1.win32_1.0.100.202602081740/tools/bin/../lib/gcc/arm-none-eabi/14.3.1/../../../../arm-none-eabi/lib/thumb/v6-m/nofp\libc_nano.a(libc_a-init.o)
 .debug_frame   0x00004db0       0x28 C:/ST/STM32CubeIDE_2.0.0/STM32CubeIDE/plugins/com.st.stm32cube.ide.mcu.externaltools.gnu-tools-for-stm32.14.3.rel1.win32_1.0.100.202602081740/tools/bin/../lib/gcc/arm-none-eabi/14.3.1/../../../../arm-none-eabi/lib/thumb/v6-m/nofp\libc_nano.a(libc_a-memcpy-stub.o)
 .debug_frame   0x00004dd8       0x20 C:/ST/STM32CubeIDE_2.0.0/STM32CubeIDE/plugins/com.st.stm32cube.ide.mcu.externaltools.gnu-tools-for-stm32.14.3.rel1.win32_1.0.100.202602081740/tools/bin/../lib/gcc/arm-none-eabi/14.3.1/thumb/v6-m/nofp\libgcc.a(_udivsi3.o)
 .debug_frame   0x00004df8       0x20 C:/ST/STM32CubeIDE_2.0.0/STM32CubeIDE/plugins/com.st.stm32cube.ide.mcu.externaltools.gnu-tools-for-stm32.14.3.rel1.win32_1.0.100.202602081740/tools/bin/../lib/gcc/arm-none-eabi/14.3.1/thumb/v6-m/nofp\libgcc.a(_divsi3.o)

.debug_line_str
                0x00000000       0x9a
 .debug_line_str
                0x00000000       0x9a ./Core/Startup/startup_stm32g0b1retx.o
