Archive member included to satisfy reference by file (symbol)

C:/ST/STM32CubeIDE_2.0.0/STM32CubeIDE/plugins/com.st.stm32cube.ide.mcu.externaltools.gnu-tools-for-stm32.13.3.rel1.win32_1.0.100.202509120712/tools/bin/../lib/gcc/arm-none-eabi/13.3.1/../../../../arm-none-eabi/lib/thumb/v6-m/nofp\libc_nano.a(libc_a-exit.o)
                              C:/ST/STM32CubeIDE_2.0.0/STM32CubeIDE/plugins/com.st.stm32cube.ide.mcu.externaltools.gnu-tools-for-stm32.13.3.rel1.win32_1.0.100.202509120712/tools/bin/../lib/gcc/arm-none-eabi/13.3.1/../../../../arm-none-eabi/lib/thumb/v6-m/nofp/crt0.o (exit)
C:/ST/STM32CubeIDE_2.0.0/STM32CubeIDE/plugins/com.st.stm32cube.ide.mcu.externaltools.gnu-tools-for-stm32.13.3.rel1.win32_1.0.100.202509120712/tools/bin/../lib/gcc/arm-none-eabi/13.3.1/../../../../arm-none-eabi/lib/thumb/v6-m/nofp\libc_nano.a(libc_a-findfp.o)
                              C:/ST/STM32CubeIDE_2.0.0/STM32CubeIDE/plugins/com.st.stm32cube.ide.mcu.externaltools.gnu-tools-for-stm32.13.3.rel1.win32_1.0.100.202509120712/tools/bin/../lib/gcc/arm-none-eabi/13.3.1/../../../../arm-none-eabi/lib/thumb/v6-m/nofp\libc_nano.a(libc_a-exit.o) (__stdio_exit_handler)
C:/ST/STM32CubeIDE_2.0.0/STM32CubeIDE/plugins/com.st.stm32cube.ide.mcu.externaltools.gnu-tools-for-stm32.13.3.rel1.win32_1.0.100.202509120712/tools/bin/../lib/gcc/arm-none-eabi/13.3.1/../../../../arm-none-eabi/lib/thumb/v6-m/nofp\libc_nano.a(libc_a-fwalk.o)
                              C:/ST/STM32CubeIDE_2.0.0/STM32CubeIDE/plugins/com.st.stm32cube.ide.mcu.externaltools.gnu-tools-for-stm32.13.3.rel1.win32_1.0.100.202509120712/tools/bin/../lib/gcc/arm-none-eabi/13.3.1/../../../../arm-none-eabi/lib/thumb/v6-m/nofp\libc_nano.a(libc_a-findfp.o) (_fwalk_sglue)
C:/ST/STM32CubeIDE_2.0.0/STM32CubeIDE/plugins/com.st.stm32cube.ide.mcu.externaltools.gnu-tools-for-stm32.13.3.rel1.win32_1.0.100.202509120712/tools/bin/../lib/gcc/arm-none-eabi/13.3.1/../../../../arm-none-eabi/lib/thumb/v6-m/nofp\libc_nano.a(libc_a-stdio.o)
                              C:/ST/STM32CubeIDE_2.0.0/STM32CubeIDE/plugins/com.st.stm32cube.ide.mcu.externaltools.gnu-tools-for-stm32.13.3.rel1.win32_1.0.100.202509120712/tools/bin/../lib/gcc/arm-none-eabi/13.3.1/../../../../arm-none-eabi/lib/thumb/v6-m/nofp\libc_nano.a(libc_a-findfp.o) (__sread)
C:/ST/STM32CubeIDE_2.0.0/STM32CubeIDE/plugins/com.st.stm32cube.ide.mcu.externaltools.gnu-tools-for-stm32.13.3.rel1.win32_1.0.100.202509120712/tools/bin/../lib/gcc/arm-none-eabi/13.3.1/../../../../arm-none-eabi/lib/thumb/v6-m/nofp\libc_nano.a(libc_a-memset.o)
                              C:/ST/STM32CubeIDE_2.0.0/STM32CubeIDE/plugins/com.st.stm32cube.ide.mcu.externaltools.gnu-tools-for-stm32.13.3.rel1.win32_1.0.100.202509120712/tools/bin/../lib/gcc/arm-none-eabi/13.3.1/../../../../arm-none-eabi/lib/thumb/v6-m/nofp/crt0.o (memset)
C:/ST/STM32CubeIDE_2.0.0/STM32CubeIDE/plugins/com.st.stm32cube.ide.mcu.externaltools.gnu-tools-for-stm32.13.3.rel1.win32_1.0.100.202509120712/tools/bin/../lib/gcc/arm-none-eabi/13.3.1/../../../../arm-none-eabi/lib/thumb/v6-m/nofp\libc_nano.a(libc_a-closer.o)
                              C:/ST/STM32CubeIDE_2.0.0/STM32CubeIDE/plugins/com.st.stm32cube.ide.mcu.externaltools.gnu-tools-for-stm32.13.3.rel1.win32_1.0.100.202509120712/tools/bin/../lib/gcc/arm-none-eabi/13.3.1/../../../../arm-none-eabi/lib/thumb/v6-m/nofp\libc_nano.a(libc_a-stdio.o) (_close_r)
C:/ST/STM32CubeIDE_2.0.0/STM32CubeIDE/plugins/com.st.stm32cube.ide.mcu.externaltools.gnu-tools-for-stm32.13.3.rel1.win32_1.0.100.202509120712/tools/bin/../lib/gcc/arm-none-eabi/13.3.1/../../../../arm-none-eabi/lib/thumb/v6-m/nofp\libc_nano.a(libc_a-reent.o)
                              C:/ST/STM32CubeIDE_2.0.0/STM32CubeIDE/plugins/com.st.stm32cube.ide.mcu.externaltools.gnu-tools-for-stm32.13.3.rel1.win32_1.0.100.202509120712/tools/bin/../lib/gcc/arm-none-eabi/13.3.1/../../../../arm-none-eabi/lib/thumb/v6-m/nofp\libc_nano.a(libc_a-closer.o) (errno)
C:/ST/STM32CubeIDE_2.0.0/STM32CubeIDE/plugins/com.st.stm32cube.ide.mcu.externaltools.gnu-tools-for-stm32.13.3.rel1.win32_1.0.100.202509120712/tools/bin/../lib/gcc/arm-none-eabi/13.3.1/../../../../arm-none-eabi/lib/thumb/v6-m/nofp\libc_nano.a(libc_a-impure.o)
                              C:/ST/STM32CubeIDE_2.0.0/STM32CubeIDE/plugins/com.st.stm32cube.ide.mcu.externaltools.gnu-tools-for-stm32.13.3.rel1.win32_1.0.100.202509120712/tools/bin/../lib/gcc/arm-none-eabi/13.3.1/../../../../arm-none-eabi/lib/thumb/v6-m/nofp\libc_nano.a(libc_a-reent.o) (_impure_ptr)
C:/ST/STM32CubeIDE_2.0.0/STM32CubeIDE/plugins/com.st.stm32cube.ide.mcu.externaltools.gnu-tools-for-stm32.13.3.rel1.win32_1.0.100.202509120712/tools/bin/../lib/gcc/arm-none-eabi/13.3.1/../../../../arm-none-eabi/lib/thumb/v6-m/nofp\libc_nano.a(libc_a-lseekr.o)
[...]
Memory Configuration

Name             Origin             Length             Attributes
RAM              0x20000000         0x00024000         xrw
FLASH            0x08003000         0x0007d000         xr
*default*        0x00000000         0xffffffff

Linker script and memory map

LOAD C:/ST/STM32CubeIDE_2.0.0/STM32CubeIDE/plugins/com.st.stm32cube.ide.mcu.externaltools.gnu-tools-for-stm32.13.3.rel1.win32_1.0.100.202509120712/tools/bin/../lib/gcc/arm-none-eabi/13.3.1/thumb/v6-m/nofp/crti.o
LOAD C:/ST/STM32CubeIDE_2.0.0/STM32CubeIDE/plugins/com.st.stm32cube.ide.mcu.externaltools.gnu-tools-for-stm32.13.3.rel1.win32_1.0.100.202509120712/tools/bin/../lib/gcc/arm-none-eabi/13.3.1/thumb/v6-m/nofp/crtbegin.o
LOAD C:/ST/STM32CubeIDE_2.0.0/STM32CubeIDE/plugins/com.st.stm32cube.ide.mcu.externaltools.gnu-tools-for-stm32.13.3.rel1.win32_1.0.100.202509120712/tools/bin/../lib/gcc/arm-none-eabi/13.3.1/../../../../arm-none-eabi/lib/thumb/v6-m/nofp/crt0.o
LOAD ./App/app.o
LOAD ./App/boot.o
LOAD ./App/led.o
LOAD ./App/timer.o
LOAD ./Core/Src/eeprom.o
LOAD ./Core/Src/main.o
LOAD ./Core/Src/stm32g0xx_hal_msp.o
LOAD ./Core/Src/stm32g0xx_it.o
LOAD ./Core/Src/syscalls.o
LOAD ./Core/Src/sysmem.o
LOAD ./Core/Src/system_stm32g0xx.o
LOAD ./Core/Startup/startup_stm32g0b1retx.o
LOAD ./Drivers/STM32G0xx_HAL_Driver/Src/stm32g0xx_hal.o
LOAD ./Drivers/STM32G0xx_HAL_Driver/Src/stm32g0xx_hal_adc.o
LOAD ./Drivers/STM32G0xx_HAL_Driver/Src/stm32g0xx_hal_adc_ex.o
LOAD ./Drivers/STM32G0xx_HAL_Driver/Src/stm32g0xx_hal_cortex.o
LOAD ./Drivers/STM32G0xx_HAL_Driver/Src/stm32g0xx_hal_dma.o
LOAD ./Drivers/STM32G0xx_HAL_Driver/Src/stm32g0xx_hal_dma_ex.o
LOAD ./Drivers/STM32G0xx_HAL_Driver/Src/stm32g0xx_hal_exti.o
LOAD ./Drivers/STM32G0xx_HAL_Driver/Src/stm32g0xx_hal_fdcan.o
LOAD ./Drivers/STM32G0xx_HAL_Driver/Src/stm32g0xx_hal_flash.o
LOAD ./Drivers/STM32G0xx_HAL_Driver/Src/stm32g0xx_hal_flash_ex.o
LOAD ./Drivers/STM32G0xx_HAL_Driver/Src/stm32g0xx_hal_gpio.o
LOAD ./Drivers/STM32G0xx_HAL_Driver/Src/stm32g0xx_hal_i2c.o
LOAD ./Drivers/STM32G0xx_HAL_Driver/Src/stm32g0xx_hal_i2c_ex.o
LOAD ./Drivers/STM32G0xx_HAL_Driver/Src/stm32g0xx_hal_pwr.o
LOAD ./Drivers/STM32G0xx_HAL_Driver/Src/stm32g0xx_hal_pwr_ex.o
LOAD ./Drivers/STM32G0xx_HAL_Driver/Src/stm32g0xx_hal_rcc.o
LOAD ./Drivers/STM32G0xx_HAL_Driver/Src/stm32g0xx_hal_rcc_ex.o
LOAD ./Drivers/STM32G0xx_HAL_Driver/Src/stm32g0xx_hal_tim.o
LOAD ./Drivers/STM32G0xx_HAL_Driver/Src/stm32g0xx_hal_tim_ex.o
LOAD ./Drivers/STM32G0xx_HAL_Driver/Src/stm32g0xx_ll_adc.o
LOAD ./Drivers/STM32G0xx_HAL_Driver/Src/stm32g0xx_ll_rcc.o
START GROUP
LOAD C:/ST/STM32CubeIDE_2.0.0/STM32CubeIDE/plugins/com.st.stm32cube.ide.mcu.externaltools.gnu-tools-for-stm32.13.3.rel1.win32_1.0.100.202509120712/tools/bin/../lib/gcc/arm-none-eabi/13.3.1/../../../../arm-none-eabi/lib/thumb/v6-m/nofp\libc_nano.a
LOAD C:/ST/STM32CubeIDE_2.0.0/STM32CubeIDE/plugins/com.st.stm32cube.ide.mcu.externaltools.gnu-tools-for-stm32.13.3.rel1.win32_1.0.100.202509120712/tools/bin/../lib/gcc/arm-none-eabi/13.3.1/../../../../arm-none-eabi/lib/thumb/v6-m/nofp\libm.a
END GROUP
START GROUP
LOAD C:/ST/STM32CubeIDE_2.0.0/STM32CubeIDE/plugins/com.st.stm32cube.ide.mcu.externaltools.gnu-tools-for-stm32.13.3.rel1.win32_1.0.100.202509120712/tools/bin/../lib/gcc/arm-none-eabi/13.3.1/thumb/v6-m/nofp\libgcc.a
LOAD C:/ST/STM32CubeIDE_2.0.0/STM32CubeIDE/plugins/com.st.stm32cube.ide.mcu.externaltools.gnu-tools-for-stm32.13.3.rel1.win32_1.0.100.202509120712/tools/bin/../lib/gcc/arm-none-eabi/13.3.1/../../../../arm-none-eabi/lib/thumb/v6-m/nofp\libc_nano.a
END GROUP
START GROUP
LOAD C:/ST/STM32CubeIDE_2.0.0/STM32CubeIDE/plugins/com.st.stm32cube.ide.mcu.externaltools.gnu-tools-for-stm32.13.3.rel1.win32_1.0.100.202509120712/tools/bin/../lib/gcc/arm-none-eabi/13.3.1/thumb/v6-m/nofp\libgcc.a
LOAD C:/ST/STM32CubeIDE_2.0.0/STM32CubeIDE/plugins/com.st.stm32cube.ide.mcu.externaltools.gnu-tools-for-stm32.13.3.rel1.win32_1.0.100.202509120712/tools/bin/../lib/gcc/arm-none-eabi/13.3.1/../../../../arm-none-eabi/lib/thumb/v6-m/nofp\libc_nano.a
LOAD C:/ST/STM32CubeIDE_2.0.0/STM32CubeIDE/plugins/com.st.stm32cube.ide.mcu.externaltools.gnu-tools-for-stm32.13.3.rel1.win32_1.0.100.202509120712/tools/bin/../lib/gcc/arm-none-eabi/13.3.1/../../../../arm-none-eabi/lib/thumb/v6-m/nofp\libnosys.a
END GROUP
START GROUP
LOAD C:/ST/STM32CubeIDE_2.0.0/STM32CubeIDE/plugins/com.st.stm32cube.ide.mcu.externaltools.gnu-tools-for-stm32.13.3.rel1.win32_1.0.100.202509120712/tools/bin/../lib/gcc/arm-none-eabi/13.3.1/thumb/v6-m/nofp\libgcc.a
LOAD C:/ST/STM32CubeIDE_2.0.0/STM32CubeIDE/plugins/com.st.stm32cube.ide.mcu.externaltools.gnu-tools-for-stm32.13.3.rel1.win32_1.0.100.202509120712/tools/bin/../lib/gcc/arm-none-eabi/13.3.1/../../../../arm-none-eabi/lib/thumb/v6-m/nofp\libc_nano.a
LOAD C:/ST/STM32CubeIDE_2.0.0/STM32CubeIDE/plugins/com.st.stm32cube.ide.mcu.externaltools.gnu-tools-for-stm32.13.3.rel1.win32_1.0.100.202509120712/tools/bin/../lib/gcc/arm-none-eabi/13.3.1/../../../../arm-none-eabi/lib/thumb/v6-m/nofp\libnosys.a
END GROUP
LOAD C:/ST/STM32CubeIDE_2.0.0/STM32CubeIDE/plugins/com.st.stm32cube.ide.mcu.externaltools.gnu-tools-for-stm32.13.3.rel1.win32_1.0.100.202509120712/tools/bin/../lib/gcc/arm-none-eabi/13.3.1/thumb/v6-m/nofp/crtend.o
LOAD C:/ST/STM32CubeIDE_2.0.0/STM32CubeIDE/plugins/com.st.stm32cube.ide.mcu.externaltools.gnu-tools-for-stm32.13.3.rel1.win32_1.0.100.202509120712/tools/bin/../lib/gcc/arm-none-eabi/13.3.1/thumb/v6-m/nofp/crtn.o
                0x20024000                        _estack = (ORIGIN (RAM) + LENGTH (RAM))
                0x00000200                        _Min_Heap_Size = 0x200
                0x00000400                        _Min_Stack_Size = 0x400

.isr_vector     0x08003000       0xc0
                0x08003000                        . = ALIGN (0x4)
 *(.isr_vector)
 .isr_vector    0x08003000       0xc0 ./Core/Startup/startup_stm32g0b1retx.o
                0x08003000                g_pfnVectors
                0x080030c0                        . = ALIGN (0x4)

.text           0x080030c0     0x700c
                0x080030c0                        . = ALIGN (0x4)
 *(.text)
 .text          0x080030c0       0x48 C:/ST/STM32CubeIDE_2.0.0/STM32CubeIDE/plugins/com.st.stm32cube.ide.mcu.externaltools.gnu-tools-for-stm32.13.3.rel1.win32_1.0.100.202509120712/tools/bin/../lib/gcc/arm-none-eabi/13.3.1/thumb/v6-m/nofp/crtbegin.o
 .text          0x08003108      0x114 C:/ST/STM32CubeIDE_2.0.0/STM32CubeIDE/plugins/com.st.stm32cube.ide.mcu.externaltools.gnu-tools-for-stm32.13.3.rel1.win32_1.0.100.202509120712/tools/bin/../lib/gcc/arm-none-eabi/13.3.1/thumb/v6-m/nofp\libgcc.a(_udivsi3.o)
                0x08003108                __aeabi_uidiv
                0x08003108                __udivsi3
                0x08003214                __aeabi_uidivmod
 .text          0x0800321c        0x4 C:/ST/STM32CubeIDE_2.0.0/STM32CubeIDE/plugins/com.st.stm32cube.ide.mcu.externaltools.gnu-tools-for-stm32.13.3.rel1.win32_1.0.100.202509120712/tools/bin/../lib/gcc/arm-none-eabi/13.3.1/thumb/v6-m/nofp\libgcc.a(_dvmd_tls.o)
                0x0800321c                __aeabi_idiv0
                0x0800321c                __aeabi_ldiv0
 *(.text*)
 .text.AppInit  0x08003220       0x16 ./App/app.o
                0x08003220                AppInit
 .text.AppTask  0x08003236       0x12 ./App/app.o
                0x08003236                AppTask
 .text.__NVIC_SystemReset
                0x08003248       0x24 ./App/boot.o
 .text.BootComInit
                0x0800326c        0xe ./App/boot.o
                0x0800326c                BootComInit
 .text.BootComCheckActivationRequest
                0x0800327a        0xe ./App/boot.o
                0x0800327a                BootComCheckActivationRequest
 .text.BootActivate
                0x08003288        0x8 ./App/boot.o
                0x08003288                BootActivate
 .text.CanCalculateBitTimingConfig
                0x08003290      0x200 ./App/boot.o
 .text.BootComCanInit
                0x08003490      0x17c ./App/boot.o
 .text.BootComCanCheckActivationRequest
                0x0800360c       0xcc ./App/boot.o
 .text.LedInit  0x080036d8       0x18 ./App/led.o
                0x080036d8                LedInit
 .text.LedToggle
                0x080036f0       0x68 ./App/led.o
                0x080036f0                LedToggle
 .text.TimerInit
                0x08003758        0xa ./App/timer.o
                0x08003758                TimerInit
 .text.TimerGet
                0x08003762       0x10 ./App/timer.o
                0x08003762                TimerGet
 .text.bytes_to_write
                0x08003772       0x38 ./Core/Src/eeprom.o
                0x08003772                bytes_to_write
 *fill*         0x080037aa        0x2 
 .text.EEPROM_Write
                0x080037ac      0x13c ./Core/Src/eeprom.o
                0x080037ac                EEPROM_Write
 .text.EEPROM_Read
                0x080038e8      0x128 ./Core/Src/eeprom.o
                0x080038e8                EEPROM_Read
 .text.EEPROM_pageErase
                0x08003a10       0x68 ./Core/Src/eeprom.o
                0x08003a10                EEPROM_pageErase
 .text.EEPROM_Write_Config
                0x08003a78       0x2c ./Core/Src/eeprom.o
                0x08003a78                EEPROM_Write_Config
 .text.EEPROM_Read_Config
                0x08003aa4       0x2c ./Core/Src/eeprom.o
                0x08003aa4                EEPROM_Read_Config
 .text.VectorBase_Config
                0x08003ad0       0x18 ./Core/Src/main.o
 .text.HAL_ADC_ConvCpltCallback
                0x08003ae8       0x30 ./Core/Src/main.o
                0x08003ae8                HAL_ADC_ConvCpltCallback
 .text.main     0x08003b18      0x1c8 ./Core/Src/main.o
                0x08003b18                main
 .text.SystemClock_Config
                0x08003ce0       0xbc ./Core/Src/main.o
                0x08003ce0                SystemClock_Config
 .text.MX_ADC1_Init
                0x08003d9c       0xfc ./Core/Src/main.o
 .text.MX_I2C1_Init
                0x08003e98       0x80 ./Core/Src/main.o
 .text.MX_TIM1_Init
                0x08003f18      0x1d8 ./Core/Src/main.o
 .text.MX_DMA_Init
                0x080040f0       0x3c ./Core/Src/main.o
 .text.MX_GPIO_Init
                0x0800412c      0x104 ./Core/Src/main.o
 .text.Error_Handler
                0x08004230        0xc ./Core/Src/main.o
                0x08004230                Error_Handler
 .text.HAL_MspInit
                0x0800423c       0x50 ./Core/Src/stm32g0xx_hal_msp.o
                0x0800423c                HAL_MspInit
 .text.HAL_ADC_MspInit
                0x0800428c       0xe4 ./Core/Src/stm32g0xx_hal_msp.o
                0x0800428c                HAL_ADC_MspInit
 .text.HAL_FDCAN_MspInit
                0x08004370       0xf8 ./Core/Src/stm32g0xx_hal_msp.o
                0x08004370                HAL_FDCAN_MspInit
 .text.HAL_I2C_MspInit
                0x08004468       0xc4 ./Core/Src/stm32g0xx_hal_msp.o
                0x08004468                HAL_I2C_MspInit
 .text.HAL_TIM_Base_MspInit
                0x0800452c       0x6c ./Core/Src/stm32g0xx_hal_msp.o
                0x0800452c                HAL_TIM_Base_MspInit
 .text.HAL_TIM_MspPostInit
                0x08004598       0x7c ./Core/Src/stm32g0xx_hal_msp.o
                0x08004598                HAL_TIM_MspPostInit
 .text.NMI_Handler
                0x08004614        0x8 ./Core/Src/stm32g0xx_it.o
                0x08004614                NMI_Handler
 .text.HardFault_Handler
                0x0800461c        0x8 ./Core/Src/stm32g0xx_it.o
                0x0800461c                HardFault_Handler
 .text.SVC_Handler
                0x08004624        0xa ./Core/Src/stm32g0xx_it.o
                0x08004624                SVC_Handler
 .text.PendSV_Handler
                0x0800462e        0xa ./Core/Src/stm32g0xx_it.o
                0x0800462e                PendSV_Handler
 .text.SysTick_Handler
                0x08004638        0xe ./Core/Src/stm32g0xx_it.o
                0x08004638                SysTick_Handler
 *fill*         0x08004646        0x2 
 .text.DMA1_Channel1_IRQHandler
                0x08004648       0x18 ./Core/Src/stm32g0xx_it.o
                0x08004648                DMA1_Channel1_IRQHandler
 .text.SystemInit
                0x08004660        0xa ./Core/Src/system_stm32g0xx.o
                0x08004660                SystemInit
 *fill*         0x0800466a        0x2 
 .text.Reset_Handler
                0x0800466c       0x50 ./Core/Startup/startup_stm32g0b1retx.o
                0x0800466c                Reset_Handler
 .text.Default_Handler
                0x080046bc        0x2 ./Core/Startup/startup_stm32g0b1retx.o
                0x080046bc                I2C2_3_IRQHandler
                0x080046bc                USART3_4_5_6_LPUART1_IRQHandler
                0x080046bc                TIM1_CC_IRQHandler
                0x080046bc                ADC1_COMP_IRQHandler
                0x080046bc                I2C1_IRQHandler
                0x080046bc                TIM7_LPTIM2_IRQHandler
                0x080046bc                TIM17_FDCAN_IT1_IRQHandler
                0x080046bc                DMA1_Ch4_7_DMA2_Ch1_5_DMAMUX1_OVR_IRQHandler
                0x080046bc                RCC_CRS_IRQHandler
                0x080046bc                RTC_TAMP_IRQHandler
                0x080046bc                SPI1_IRQHandler
                0x080046bc                USB_UCPD1_2_IRQHandler
                0x080046bc                EXTI2_3_IRQHandler
                0x080046bc                USART2_LPUART2_IRQHandler
                0x080046bc                PVD_VDDIO2_IRQHandler
                0x080046bc                EXTI4_15_IRQHandler
                0x080046bc                Default_Handler
                0x080046bc                CEC_IRQHandler
                0x080046bc                TIM14_IRQHandler
                0x080046bc                TIM15_IRQHandler
                0x080046bc                TIM3_TIM4_IRQHandler
                0x080046bc                EXTI0_1_IRQHandler
                0x080046bc                SPI2_3_IRQHandler
                0x080046bc                TIM6_DAC_LPTIM1_IRQHandler
                0x080046bc                WWDG_IRQHandler
                0x080046bc                TIM2_IRQHandler
                0x080046bc                DMA1_Channel2_3_IRQHandler
                0x080046bc                FLASH_IRQHandler
                0x080046bc                USART1_IRQHandler
                0x080046bc                TIM16_FDCAN_IT0_IRQHandler
                0x080046bc                TIM1_BRK_UP_TRG_COM_IRQHandler
 *fill*         0x080046be        0x2 
 .text.HAL_Init
                0x080046c0       0x40 ./Drivers/STM32G0xx_HAL_Driver/Src/stm32g0xx_hal.o
                0x080046c0                HAL_Init
 .text.HAL_InitTick
                0x08004700       0x94 ./Drivers/STM32G0xx_HAL_Driver/Src/stm32g0xx_hal.o
                0x08004700                HAL_InitTick
 .text.HAL_IncTick
                0x08004794       0x24 ./Drivers/STM32G0xx_HAL_Driver/Src/stm32g0xx_hal.o
                0x08004794                HAL_IncTick
 .text.HAL_GetTick
                0x080047b8       0x14 ./Drivers/STM32G0xx_HAL_Driver/Src/stm32g0xx_hal.o
                0x080047b8                HAL_GetTick
 .text.HAL_SYSCFG_StrobeDBattpinsConfig
                0x080047cc       0x2c ./Drivers/STM32G0xx_HAL_Driver/Src/stm32g0xx_hal.o
                0x080047cc                HAL_SYSCFG_StrobeDBattpinsConfig
 .text.LL_ADC_SetCommonPathInternalCh
                0x080047f8       0x28 ./Drivers/STM32G0xx_HAL_Driver/Src/stm32g0xx_hal_adc.o
 .text.LL_ADC_GetCommonPathInternalCh
                0x08004820       0x1a ./Drivers/STM32G0xx_HAL_Driver/Src/stm32g0xx_hal_adc.o
 .text.LL_ADC_SetSamplingTimeCommonChannels
                0x0800483a       0x3a ./Drivers/STM32G0xx_HAL_Driver/Src/stm32g0xx_hal_adc.o
 .text.LL_ADC_GetSamplingTimeCommonChannels
                0x08004874       0x2e ./Drivers/STM32G0xx_HAL_Driver/Src/stm32g0xx_hal_adc.o
 .text.LL_ADC_REG_IsTriggerSourceSWStart
                0x080048a2       0x22 ./Drivers/STM32G0xx_HAL_Driver/Src/stm32g0xx_hal_adc.o
 .text.LL_ADC_REG_SetSequencerRanks
                0x080048c4       0x40 ./Drivers/STM32G0xx_HAL_Driver/Src/stm32g0xx_hal_adc.o
 .text.LL_ADC_REG_SetSequencerChAdd
                0x08004904       0x22 ./Drivers/STM32G0xx_HAL_Driver/Src/stm32g0xx_hal_adc.o
 .text.LL_ADC_REG_SetSequencerChRem
                0x08004926       0x24 ./Drivers/STM32G0xx_HAL_Driver/Src/stm32g0xx_hal_adc.o
 *fill*         0x0800494a        0x2 
 .text.LL_ADC_SetChannelSamplingTime
                0x0800494c       0x38 ./Drivers/STM32G0xx_HAL_Driver/Src/stm32g0xx_hal_adc.o
 .text.LL_ADC_EnableInternalRegulator
                0x08004984       0x28 ./Drivers/STM32G0xx_HAL_Driver/Src/stm32g0xx_hal_adc.o
 .text.LL_ADC_IsInternalRegulatorEnabled
                0x080049ac       0x28 ./Drivers/STM32G0xx_HAL_Driver/Src/stm32g0xx_hal_adc.o
 .text.LL_ADC_Enable
                0x080049d4       0x24 ./Drivers/STM32G0xx_HAL_Driver/Src/stm32g0xx_hal_adc.o
 .text.LL_ADC_Disable
                0x080049f8       0x24 ./Drivers/STM32G0xx_HAL_Driver/Src/stm32g0xx_hal_adc.o
 .text.LL_ADC_IsEnabled
                0x08004a1c       0x22 ./Drivers/STM32G0xx_HAL_Driver/Src/stm32g0xx_hal_adc.o
 *fill*         0x08004a3e        0x2 
 .text.LL_ADC_REG_StartConversion
                0x08004a40       0x24 ./Drivers/STM32G0xx_HAL_Driver/Src/stm32g0xx_hal_adc.o
 .text.LL_ADC_REG_IsConversionOngoing
                0x08004a64       0x22 ./Drivers/STM32G0xx_HAL_Driver/Src/stm32g0xx_hal_adc.o
 *fill*         0x08004a86        0x2 
 .text.HAL_ADC_Init
                0x08004a88      0x350 ./Drivers/STM32G0xx_HAL_Driver/Src/stm32g0xx_hal_adc.o
                0x08004a88                HAL_ADC_Init
 .text.HAL_ADC_Start_DMA
                0x08004dd8      0x11c ./Drivers/STM32G0xx_HAL_Driver/Src/stm32g0xx_hal_adc.o
                0x08004dd8                HAL_ADC_Start_DMA
 .text.HAL_ADC_ConvHalfCpltCallback
                0x08004ef4       0x10 ./Drivers/STM32G0xx_HAL_Driver/Src/stm32g0xx_hal_adc.o
                0x08004ef4                HAL_ADC_ConvHalfCpltCallback
 .text.HAL_ADC_ErrorCallback
                0x08004f04       0x10 ./Drivers/STM32G0xx_HAL_Driver/Src/stm32g0xx_hal_adc.o
                0x08004f04                HAL_ADC_ErrorCallback
 .text.HAL_ADC_ConfigChannel
                0x08004f14      0x3b0 ./Drivers/STM32G0xx_HAL_Driver/Src/stm32g0xx_hal_adc.o
                0x08004f14                HAL_ADC_ConfigChannel
 .text.ADC_Enable
                0x080052c4      0x10c ./Drivers/STM32G0xx_HAL_Driver/Src/stm32g0xx_hal_adc.o
                0x080052c4                ADC_Enable
 .text.ADC_DMAConvCplt
                0x080053d0       0xc8 ./Drivers/STM32G0xx_HAL_Driver/Src/stm32g0xx_hal_adc.o
 .text.ADC_DMAHalfConvCplt
                0x08005498       0x1e ./Drivers/STM32G0xx_HAL_Driver/Src/stm32g0xx_hal_adc.o
 .text.ADC_DMAError
                0x080054b6       0x36 ./Drivers/STM32G0xx_HAL_Driver/Src/stm32g0xx_hal_adc.o
 .text.__NVIC_EnableIRQ
                0x080054ec       0x34 ./Drivers/STM32G0xx_HAL_Driver/Src/stm32g0xx_hal_cortex.o
 .text.__NVIC_SetPriority
                0x08005520       0xdc ./Drivers/STM32G0xx_HAL_Driver/Src/stm32g0xx_hal_cortex.o
 .text.SysTick_Config
                0x080055fc       0x48 ./Drivers/STM32G0xx_HAL_Driver/Src/stm32g0xx_hal_cortex.o
 .text.HAL_NVIC_SetPriority
                0x08005644       0x2a ./Drivers/STM32G0xx_HAL_Driver/Src/stm32g0xx_hal_cortex.o
                0x08005644                HAL_NVIC_SetPriority
 .text.HAL_NVIC_EnableIRQ
                0x0800566e       0x20 ./Drivers/STM32G0xx_HAL_Driver/Src/stm32g0xx_hal_cortex.o
                0x0800566e                HAL_NVIC_EnableIRQ
 .text.HAL_SYSTICK_Config
                0x0800568e       0x1a ./Drivers/STM32G0xx_HAL_Driver/Src/stm32g0xx_hal_cortex.o
                0x0800568e                HAL_SYSTICK_Config
 .text.HAL_DMA_Init
                0x080056a8      0x158 ./Drivers/STM32G0xx_HAL_Driver/Src/stm32g0xx_hal_dma.o
                0x080056a8                HAL_DMA_Init
 .text.HAL_DMA_Start_IT
                0x08005800      0x10c ./Drivers/STM32G0xx_HAL_Driver/Src/stm32g0xx_hal_dma.o
                0x08005800                HAL_DMA_Start_IT
 .text.HAL_DMA_IRQHandler
                0x0800590c      0x188 ./Drivers/STM32G0xx_HAL_Driver/Src/stm32g0xx_hal_dma.o
                0x0800590c                HAL_DMA_IRQHandler
 .text.DMA_SetConfig
                0x08005a94       0x78 ./Drivers/STM32G0xx_HAL_Driver/Src/stm32g0xx_hal_dma.o
 .text.DMA_CalcDMAMUXChannelBaseAndMask
                0x08005b0c       0x94 ./Drivers/STM32G0xx_HAL_Driver/Src/stm32g0xx_hal_dma.o
 .text.DMA_CalcDMAMUXRequestGenBaseAndMask
                0x08005ba0       0x48 ./Drivers/STM32G0xx_HAL_Driver/Src/stm32g0xx_hal_dma.o
 .text.HAL_FDCAN_Init
                0x08005be8      0x2cc ./Drivers/STM32G0xx_HAL_Driver/Src/stm32g0xx_hal_fdcan.o
                0x08005be8                HAL_FDCAN_Init
 .text.HAL_FDCAN_ConfigFilter
                0x08005eb4       0xba ./Drivers/STM32G0xx_HAL_Driver/Src/stm32g0xx_hal_fdcan.o
                0x08005eb4                HAL_FDCAN_ConfigFilter
 .text.HAL_FDCAN_ConfigGlobalFilter
                0x08005f6e       0x60 ./Drivers/STM32G0xx_HAL_Driver/Src/stm32g0xx_hal_fdcan.o
                0x08005f6e                HAL_FDCAN_ConfigGlobalFilter
 .text.HAL_FDCAN_Start
                0x08005fce       0x4c ./Drivers/STM32G0xx_HAL_Driver/Src/stm32g0xx_hal_fdcan.o
                0x08005fce                HAL_FDCAN_Start
 *fill*         0x0800601a        0x2 
 .text.HAL_FDCAN_GetRxMessage
                0x0800601c      0x22c ./Drivers/STM32G0xx_HAL_Driver/Src/stm32g0xx_hal_fdcan.o
                0x0800601c                HAL_FDCAN_GetRxMessage
 .text.HAL_FDCAN_GetRxFifoFillLevel
                0x08006248       0x38 ./Drivers/STM32G0xx_HAL_Driver/Src/stm32g0xx_hal_fdcan.o
                0x08006248                HAL_FDCAN_GetRxFifoFillLevel
 .text.FDCAN_CalcultateRamBlockAddresses
                0x08006280       0xd8 ./Drivers/STM32G0xx_HAL_Driver/Src/stm32g0xx_hal_fdcan.o
 .text.HAL_GPIO_Init
                0x08006358      0x2d8 ./Drivers/STM32G0xx_HAL_Driver/Src/stm32g0xx_hal_gpio.o
                0x08006358                HAL_GPIO_Init
 .text.HAL_GPIO_WritePin
                0x08006630       0x3a ./Drivers/STM32G0xx_HAL_Driver/Src/stm32g0xx_hal_gpio.o
                0x08006630                HAL_GPIO_WritePin
 *fill*         0x0800666a        0x2 
 .text.HAL_I2C_Init
                0x0800666c      0x14c ./Drivers/STM32G0xx_HAL_Driver/Src/stm32g0xx_hal_i2c.o
                0x0800666c                HAL_I2C_Init
 .text.HAL_I2C_Mem_Write
                0x080067b8      0x25c ./Drivers/STM32G0xx_HAL_Driver/Src/stm32g0xx_hal_i2c.o
                0x080067b8                HAL_I2C_Mem_Write
 .text.HAL_I2C_Mem_Read
                0x08006a14      0x268 ./Drivers/STM32G0xx_HAL_Driver/Src/stm32g0xx_hal_i2c.o
                0x08006a14                HAL_I2C_Mem_Read
 .text.HAL_I2C_IsDeviceReady
                0x08006c7c      0x1f8 ./Drivers/STM32G0xx_HAL_Driver/Src/stm32g0xx_hal_i2c.o
                0x08006c7c                HAL_I2C_IsDeviceReady
 .text.I2C_RequestMemoryWrite
                0x08006e74       0xc8 ./Drivers/STM32G0xx_HAL_Driver/Src/stm32g0xx_hal_i2c.o
 .text.I2C_RequestMemoryRead
                0x08006f3c       0xc4 ./Drivers/STM32G0xx_HAL_Driver/Src/stm32g0xx_hal_i2c.o
 .text.I2C_Flush_TXDR
                0x08007000       0x44 ./Drivers/STM32G0xx_HAL_Driver/Src/stm32g0xx_hal_i2c.o
 .text.I2C_WaitOnFlagUntilTimeout
                0x08007044       0xb0 ./Drivers/STM32G0xx_HAL_Driver/Src/stm32g0xx_hal_i2c.o
 .text.I2C_WaitOnTXISFlagUntilTimeout
                0x080070f4       0x8c ./Drivers/STM32G0xx_HAL_Driver/Src/stm32g0xx_hal_i2c.o
 .text.I2C_WaitOnSTOPFlagUntilTimeout
                0x08007180       0x86 ./Drivers/STM32G0xx_HAL_Driver/Src/stm32g0xx_hal_i2c.o
 *fill*         0x08007206        0x2 
 .text.I2C_IsErrorOccurred
                0x08007208      0x1f0 ./Drivers/STM32G0xx_HAL_Driver/Src/stm32g0xx_hal_i2c.o
 .text.I2C_TransferConfig
                0x080073f8       0x74 ./Drivers/STM32G0xx_HAL_Driver/Src/stm32g0xx_hal_i2c.o
 .text.HAL_I2CEx_ConfigAnalogFilter
                0x0800746c       0x98 ./Drivers/STM32G0xx_HAL_Driver/Src/stm32g0xx_hal_i2c_ex.o
                0x0800746c                HAL_I2CEx_ConfigAnalogFilter
 .text.HAL_I2CEx_ConfigDigitalFilter
                0x08007504       0x98 ./Drivers/STM32G0xx_HAL_Driver/Src/stm32g0xx_hal_i2c_ex.o
                0x08007504                HAL_I2CEx_ConfigDigitalFilter
 .text.HAL_PWREx_ControlVoltageScaling
                0x0800759c       0x80 ./Drivers/STM32G0xx_HAL_Driver/Src/stm32g0xx_hal_pwr_ex.o
                0x0800759c                HAL_PWREx_ControlVoltageScaling
 .text.LL_RCC_GetAPB1Prescaler
                0x0800761c       0x18 ./Drivers/STM32G0xx_HAL_Driver/Src/stm32g0xx_hal_rcc.o
 .text.HAL_RCC_OscConfig
                0x08007634      0x6c0 ./Drivers/STM32G0xx_HAL_Driver/Src/stm32g0xx_hal_rcc.o
                0x08007634                HAL_RCC_OscConfig
 .text.HAL_RCC_ClockConfig
                0x08007cf4      0x210 ./Drivers/STM32G0xx_HAL_Driver/Src/stm32g0xx_hal_rcc.o
                0x08007cf4                HAL_RCC_ClockConfig
 .text.HAL_RCC_GetSysClockFreq
                0x08007f04      0x104 ./Drivers/STM32G0xx_HAL_Driver/Src/stm32g0xx_hal_rcc.o
                0x08007f04                HAL_RCC_GetSysClockFreq
 .text.HAL_RCC_GetHCLKFreq
                0x08008008       0x14 ./Drivers/STM32G0xx_HAL_Driver/Src/stm32g0xx_hal_rcc.o
                0x08008008                HAL_RCC_GetHCLKFreq
 .text.HAL_RCC_GetPCLK1Freq
                0x0800801c       0x2c ./Drivers/STM32G0xx_HAL_Driver/Src/stm32g0xx_hal_rcc.o
                0x0800801c                HAL_RCC_GetPCLK1Freq
 .text.HAL_RCCEx_PeriphCLKConfig
                0x08008048      0x478 ./Drivers/STM32G0xx_HAL_Driver/Src/stm32g0xx_hal_rcc_ex.o
                0x08008048                HAL_RCCEx_PeriphCLKConfig
 .text.HAL_RCCEx_GetPeriphCLKFreq
                0x080084c0      0xa44 ./Drivers/STM32G0xx_HAL_Driver/Src/stm32g0xx_hal_rcc_ex.o
                0x080084c0                HAL_RCCEx_GetPeriphCLKFreq
 .text.HAL_TIM_Base_Init
                0x08008f04       0xb0 ./Drivers/STM32G0xx_HAL_Driver/Src/stm32g0xx_hal_tim.o
                0x08008f04                HAL_TIM_Base_Init
 .text.HAL_TIM_PWM_Init
                0x08008fb4       0xb0 ./Drivers/STM32G0xx_HAL_Driver/Src/stm32g0xx_hal_tim.o
                0x08008fb4                HAL_TIM_PWM_Init
 .text.HAL_TIM_PWM_MspInit
                0x08009064       0x10 ./Drivers/STM32G0xx_HAL_Driver/Src/stm32g0xx_hal_tim.o
                0x08009064                HAL_TIM_PWM_MspInit
 .text.HAL_TIM_PWM_Start
                0x08009074      0x1e0 ./Drivers/STM32G0xx_HAL_Driver/Src/stm32g0xx_hal_tim.o
                0x08009074                HAL_TIM_PWM_Start
 .text.HAL_TIM_PWM_ConfigChannel
                0x08009254      0x200 ./Drivers/STM32G0xx_HAL_Driver/Src/stm32g0xx_hal_tim.o
                0x08009254                HAL_TIM_PWM_ConfigChannel
 .text.HAL_TIM_ConfigClockSource
                0x08009454      0x1ac ./Drivers/STM32G0xx_HAL_Driver/Src/stm32g0xx_hal_tim.o
                0x08009454                HAL_TIM_ConfigClockSource
 .text.TIM_Base_SetConfig
                0x08009600      0x130 ./Drivers/STM32G0xx_HAL_Driver/Src/stm32g0xx_hal_tim.o
                0x08009600                TIM_Base_SetConfig
 .text.TIM_OC1_SetConfig
                0x08009730      0x114 ./Drivers/STM32G0xx_HAL_Driver/Src/stm32g0xx_hal_tim.o
 .text.TIM_OC2_SetConfig
                0x08009844      0x108 ./Drivers/STM32G0xx_HAL_Driver/Src/stm32g0xx_hal_tim.o
                0x08009844                TIM_OC2_SetConfig
 .text.TIM_OC3_SetConfig
                0x0800994c      0x110 ./Drivers/STM32G0xx_HAL_Driver/Src/stm32g0xx_hal_tim.o
 .text.TIM_OC4_SetConfig
                0x08009a5c       0xd4 ./Drivers/STM32G0xx_HAL_Driver/Src/stm32g0xx_hal_tim.o
 .text.TIM_OC5_SetConfig
                0x08009b30       0xc0 ./Drivers/STM32G0xx_HAL_Driver/Src/stm32g0xx_hal_tim.o
 .text.TIM_OC6_SetConfig
                0x08009bf0       0xc8 ./Drivers/STM32G0xx_HAL_Driver/Src/stm32g0xx_hal_tim.o
 .text.TIM_TI1_ConfigInputStage
                0x08009cb8       0x5c ./Drivers/STM32G0xx_HAL_Driver/Src/stm32g0xx_hal_tim.o
 .text.TIM_TI2_ConfigInputStage
                0x08009d14       0x64 ./Drivers/STM32G0xx_HAL_Driver/Src/stm32g0xx_hal_tim.o
 .text.TIM_ITRx_SetConfig
                0x08009d78       0x38 ./Drivers/STM32G0xx_HAL_Driver/Src/stm32g0xx_hal_tim.o
 .text.TIM_ETR_SetConfig
                0x08009db0       0x40 ./Drivers/STM32G0xx_HAL_Driver/Src/stm32g0xx_hal_tim.o
                0x08009db0                TIM_ETR_SetConfig
 .text.TIM_CCxChannelCmd
                0x08009df0       0x46 ./Drivers/STM32G0xx_HAL_Driver/Src/stm32g0xx_hal_tim.o
                0x08009df0                TIM_CCxChannelCmd
 *fill*         0x08009e36        0x2 
 .text.HAL_TIMEx_MasterConfigSynchronization
                0x08009e38       0xec ./Drivers/STM32G0xx_HAL_Driver/Src/stm32g0xx_hal_tim_ex.o
                0x08009e38                HAL_TIMEx_MasterConfigSynchronization
 .text.HAL_TIMEx_ConfigBreakDeadTime
                0x08009f24      0x138 ./Drivers/STM32G0xx_HAL_Driver/Src/stm32g0xx_hal_tim_ex.o
                0x08009f24                HAL_TIMEx_ConfigBreakDeadTime
 .text.memset   0x0800a05c       0x10 C:/ST/STM32CubeIDE_2.0.0/STM32CubeIDE/plugins/com.st.stm32cube.ide.mcu.externaltools.gnu-tools-for-stm32.13.3.rel1.win32_1.0.100.202509120712/tools/bin/../lib/gcc/arm-none-eabi/13.3.1/../../../../arm-none-eabi/lib/thumb/v6-m/nofp\libc_nano.a(libc_a-memset.o)
                0x0800a05c                memset
 .text.__libc_init_array
                0x0800a06c       0x48 C:/ST/STM32CubeIDE_2.0.0/STM32CubeIDE/plugins/com.st.stm32cube.ide.mcu.externaltools.gnu-tools-for-stm32.13.3.rel1.win32_1.0.100.202509120712/tools/bin/../lib/gcc/arm-none-eabi/13.3.1/../../../../arm-none-eabi/lib/thumb/v6-m/nofp\libc_nano.a(libc_a-init.o)
                0x0800a06c                __libc_init_array
 *(.glue_7)
 .glue_7        0x0800a0b4        0x0 linker stubs
 *(.glue_7t)
 .glue_7t       0x0800a0b4        0x0 linker stubs
 *(.eh_frame)
 .eh_frame      0x0800a0b4        0x0 C:/ST/STM32CubeIDE_2.0.0/STM32CubeIDE/plugins/com.st.stm32cube.ide.mcu.externaltools.gnu-tools-for-stm32.13.3.rel1.win32_1.0.100.202509120712/tools/bin/../lib/gcc/arm-none-eabi/13.3.1/thumb/v6-m/nofp/crtbegin.o
 *(.init)
 .init          0x0800a0b4        0x4 C:/ST/STM32CubeIDE_2.0.0/STM32CubeIDE/plugins/com.st.stm32cube.ide.mcu.externaltools.gnu-tools-for-stm32.13.3.rel1.win32_1.0.100.202509120712/tools/bin/../lib/gcc/arm-none-eabi/13.3.1/thumb/v6-m/nofp/crti.o
                0x0800a0b4                _init
 .init          0x0800a0b8        0x8 C:/ST/STM32CubeIDE_2.0.0/STM32CubeIDE/plugins/com.st.stm32cube.ide.mcu.externaltools.gnu-tools-for-stm32.13.3.rel1.win32_1.0.100.202509120712/tools/bin/../lib/gcc/arm-none-eabi/13.3.1/thumb/v6-m/nofp/crtn.o
 *(.fini)
 .fini          0x0800a0c0        0x4 C:/ST/STM32CubeIDE_2.0.0/STM32CubeIDE/plugins/com.st.stm32cube.ide.mcu.externaltools.gnu-tools-for-stm32.13.3.rel1.win32_1.0.100.202509120712/tools/bin/../lib/gcc/arm-none-eabi/13.3.1/thumb/v6-m/nofp/crti.o
                0x0800a0c0                _fini
 .fini          0x0800a0c4        0x8 C:/ST/STM32CubeIDE_2.0.0/STM32CubeIDE/plugins/com.st.stm32cube.ide.mcu.externaltools.gnu-tools-for-stm32.13.3.rel1.win32_1.0.100.202509120712/tools/bin/../lib/gcc/arm-none-eabi/13.3.1/thumb/v6-m/nofp/crtn.o
                0x0800a0cc                        . = ALIGN (0x4)
                0x0800a0cc                        _etext = .

.vfp11_veneer   0x0800a0cc        0x0
 .vfp11_veneer  0x0800a0cc        0x0 linker stubs

.v4_bx          0x0800a0cc        0x0
 .v4_bx         0x0800a0cc        0x0 linker stubs

.iplt           0x0800a0cc        0x0
 .iplt          0x0800a0cc        0x0 C:/ST/STM32CubeIDE_2.0.0/STM32CubeIDE/plugins/com.st.stm32cube.ide.mcu.externaltools.gnu-tools-for-stm32.13.3.rel1.win32_1.0.100.202509120712/tools/bin/../lib/gcc/arm-none-eabi/13.3.1/thumb/v6-m/nofp/crtbegin.o

.rodata         0x0800a0cc      0x148
                0x0800a0cc                        . = ALIGN (0x4)
 *(.rodata)
 *(.rodata*)
 .rodata.AHBPrescTable
                0x0800a0cc       0x40 ./Core/Src/system_stm32g0xx.o
                0x0800a0cc                AHBPrescTable
 .rodata.APBPrescTable
                0x0800a10c       0x20 ./Core/Src/system_stm32g0xx.o
                0x0800a10c                APBPrescTable
 .rodata.DLCtoBytes
                0x0800a12c       0x10 ./Drivers/STM32G0xx_HAL_Driver/Src/stm32g0xx_hal_fdcan.o
 .rodata.HAL_RCCEx_GetPeriphCLKFreq
                0x0800a13c       0x84 ./Drivers/STM32G0xx_HAL_Driver/Src/stm32g0xx_hal_rcc_ex.o
 .rodata.HAL_TIM_PWM_ConfigChannel
                0x0800a1c0       0x54 ./Drivers/STM32G0xx_HAL_Driver/Src/stm32g0xx_hal_tim.o
                0x0800a214                        . = ALIGN (0x4)

.ARM.extab      0x0800a214        0x0
                0x0800a214                        . = ALIGN (0x4)
 *(.ARM.extab* .gnu.linkonce.armextab.*)
                0x0800a214                        . = ALIGN (0x4)

.ARM            0x0800a214        0x0
                0x0800a214                        . = ALIGN (0x4)
                0x0800a214                        __exidx_start = .
 *(.ARM.exidx*)
                0x0800a214                        __exidx_end = .
                0x0800a214                        . = ALIGN (0x4)

.preinit_array  0x0800a214        0x0
                0x0800a214                        . = ALIGN (0x4)
                0x0800a214                        PROVIDE (__preinit_array_start = .)
 *(.preinit_array*)
                0x0800a214                        PROVIDE (__preinit_array_end = .)
                0x0800a214                        . = ALIGN (0x4)

.init_array     0x0800a214        0x4
                0x0800a214                        . = ALIGN (0x4)
                0x0800a214                        PROVIDE (__init_array_start = .)
 *(SORT_BY_NAME(.init_array.*))
 *(.init_array*)
 .init_array    0x0800a214        0x4 C:/ST/STM32CubeIDE_2.0.0/STM32CubeIDE/plugins/com.st.stm32cube.ide.mcu.externaltools.gnu-tools-for-stm32.13.3.rel1.win32_1.0.100.202509120712/tools/bin/../lib/gcc/arm-none-eabi/13.3.1/thumb/v6-m/nofp/crtbegin.o
                0x0800a218                        PROVIDE (__init_array_end = .)
                0x0800a218                        . = ALIGN (0x4)

.fini_array     0x0800a218        0x4
                0x0800a218                        . = ALIGN (0x4)
                [!provide]                        PROVIDE (__fini_array_start = .)
 *(SORT_BY_NAME(.fini_array.*))
 *(.fini_array*)
 .fini_array    0x0800a218        0x4 C:/ST/STM32CubeIDE_2.0.0/STM32CubeIDE/plugins/com.st.stm32cube.ide.mcu.externaltools.gnu-tools-for-stm32.13.3.rel1.win32_1.0.100.202509120712/tools/bin/../lib/gcc/arm-none-eabi/13.3.1/thumb/v6-m/nofp/crtbegin.o
                [!provide]                        PROVIDE (__fini_array_end = .)
                0x0800a21c                        . = ALIGN (0x4)
                0x0800a21c                        _sidata = LOADADDR (.data)

.rel.dyn        0x0800a21c        0x0
 .rel.iplt      0x0800a21c        0x0 C:/ST/STM32CubeIDE_2.0.0/STM32CubeIDE/plugins/com.st.stm32cube.ide.mcu.externaltools.gnu-tools-for-stm32.13.3.rel1.win32_1.0.100.202509120712/tools/bin/../lib/gcc/arm-none-eabi/13.3.1/thumb/v6-m/nofp/crtbegin.o

.data           0x20000000        0xc load address 0x0800a21c
                0x20000000                        . = ALIGN (0x4)
                0x20000000                        _sdata = .
 *(.data)
 *(.data*)
 .data.SystemCoreClock
                0x20000000        0x4 ./Core/Src/system_stm32g0xx.o
                0x20000000                SystemCoreClock
 .data.uwTickPrio
                0x20000004        0x4 ./Drivers/STM32G0xx_HAL_Driver/Src/stm32g0xx_hal.o
                0x20000004                uwTickPrio
 .data.uwTickFreq
                0x20000008        0x1 ./Drivers/STM32G0xx_HAL_Driver/Src/stm32g0xx_hal.o
                0x20000008                uwTickFreq
 *(.RamFunc)
 *(.RamFunc*)
                0x2000000c                        . = ALIGN (0x4)
 *fill*         0x20000009        0x3 
                0x2000000c                        _edata = .

.igot.plt       0x2000000c        0x0 load address 0x0800a228
 .igot.plt      0x2000000c        0x0 C:/ST/STM32CubeIDE_2.0.0/STM32CubeIDE/plugins/com.st.stm32cube.ide.mcu.externaltools.gnu-tools-for-stm32.13.3.rel1.win32_1.0.100.202509120712/tools/bin/../lib/gcc/arm-none-eabi/13.3.1/thumb/v6-m/nofp/crtbegin.o
                0x2000000c                        . = ALIGN (0x4)

.bss            0x2000000c      0x214 load address 0x0800a228
                0x2000000c                        _sbss = .
                0x2000000c                        __bss_start__ = _sbss
 *(.bss)
 .bss           0x2000000c       0x1c C:/ST/STM32CubeIDE_2.0.0/STM32CubeIDE/plugins/com.st.stm32cube.ide.mcu.externaltools.gnu-tools-for-stm32.13.3.rel1.win32_1.0.100.202509120712/tools/bin/../lib/gcc/arm-none-eabi/13.3.1/thumb/v6-m/nofp/crtbegin.o
 *(.bss*)
 .bss.canHandle
                0x20000028       0x64 ./App/boot.o
 .bss.timer_counter_last.1
                0x2000008c        0x4 ./App/led.o
 .bss.led_toggle_state.0
                0x20000090        0x1 ./App/led.o
 *fill*         0x20000091        0x3 
 .bss.ADC_VAL   0x20000094        0x8 ./Core/Src/main.o
                0x20000094                ADC_VAL
 .bss.adc_data1
                0x2000009c        0x4 ./Core/Src/main.o
                0x2000009c                adc_data1
 .bss.cfginput  0x200000a0        0x9 ./Core/Src/main.o
                0x200000a0                cfginput
 *fill*         0x200000a9        0x3 
 .bss.cfgread   0x200000ac        0x9 ./Core/Src/main.o
                0x200000ac                cfgread
 *fill*         0x200000b5        0x3 
 .bss.hadc1     0x200000b8       0x64 ./Core/Src/main.o
                0x200000b8                hadc1
 .bss.hdma_adc1
                0x2000011c       0x60 ./Core/Src/main.o
                0x2000011c                hdma_adc1
 .bss.hi2c1     0x2000017c       0x54 ./Core/Src/main.o
                0x2000017c                hi2c1
 .bss.htim1     0x200001d0       0x4c ./Core/Src/main.o
                0x200001d0                htim1
 .bss.uwTick    0x2000021c        0x4 ./Drivers/STM32G0xx_HAL_Driver/Src/stm32g0xx_hal.o
                0x2000021c                uwTick
 *(COMMON)
                0x20000220                        . = ALIGN (0x4)
                0x20000220                        _ebss = .
                0x20000220                        __bss_end__ = _ebss

._user_heap_stack
                0x20000220      0x600 load address 0x0800a228
                0x20000220                        . = ALIGN (0x8)
                [!provide]                        PROVIDE (end = .)
                0x20000220                        PROVIDE (_end = .)
                0x20000420                        . = (. + _Min_Heap_Size)
 *fill*         0x20000220      0x200 
                0x20000820                        . = (. + _Min_Stack_Size)
 *fill*         0x20000420      0x400 
                0x20000820                        . = ALIGN (0x8)

/DISCARD/
 libc.a(*)
 libm.a(*)
 libgcc.a(*)

.ARM.attributes
                0x00000000       0x28
 *(.ARM.attributes)
 .ARM.attributes
                0x00000000       0x1e C:/ST/STM32CubeIDE_2.0.0/STM32CubeIDE/plugins/com.st.stm32cube.ide.mcu.externaltools.gnu-tools-for-stm32.13.3.rel1.win32_1.0.100.202509120712/tools/bin/../lib/gcc/arm-none-eabi/13.3.1/thumb/v6-m/nofp/crti.o
 .ARM.attributes
                0x0000001e       0x2c C:/ST/STM32CubeIDE_2.0.0/STM32CubeIDE/plugins/com.st.stm32cube.ide.mcu.externaltools.gnu-tools-for-stm32.13.3.rel1.win32_1.0.100.202509120712/tools/bin/../lib/gcc/arm-none-eabi/13.3.1/thumb/v6-m/nofp/crtbegin.o
 .ARM.attributes
                0x0000004a       0x2c ./App/app.o
 .ARM.attributes
                0x00000076       0x2c ./App/boot.o
 .ARM.attributes
                0x000000a2       0x2c ./App/led.o
 .ARM.attributes
                0x000000ce       0x2c ./App/timer.o
 .ARM.attributes
                0x000000fa       0x2c ./Core/Src/eeprom.o
 .ARM.attributes
                0x00000126       0x2c ./Core/Src/main.o
 .ARM.attributes
                0x00000152       0x2c ./Core/Src/stm32g0xx_hal_msp.o
 .ARM.attributes
                0x0000017e       0x2c ./Core/Src/stm32g0xx_it.o
 .ARM.attributes
                0x000001aa       0x2c ./Core/Src/system_stm32g0xx.o
 .ARM.attributes
                0x000001d6       0x22 ./Core/Startup/startup_stm32g0b1retx.o
 .ARM.attributes
                0x000001f8       0x2c ./Drivers/STM32G0xx_HAL_Driver/Src/stm32g0xx_hal.o
 .ARM.attributes
                0x00000224       0x2c ./Drivers/STM32G0xx_HAL_Driver/Src/stm32g0xx_hal_adc.o
 .ARM.attributes
                0x00000250       0x2c ./Drivers/STM32G0xx_HAL_Driver/Src/stm32g0xx_hal_cortex.o
 .ARM.attributes
                0x0000027c       0x2c ./Drivers/STM32G0xx_HAL_Driver/Src/stm32g0xx_hal_dma.o
 .ARM.attributes
                0x000002a8       0x2c ./Drivers/STM32G0xx_HAL_Driver/Src/stm32g0xx_hal_fdcan.o
 .ARM.attributes
                0x000002d4       0x2c ./Drivers/STM32G0xx_HAL_Driver/Src/stm32g0xx_hal_gpio.o
 .ARM.attributes
                0x00000300       0x2c ./Drivers/STM32G0xx_HAL_Driver/Src/stm32g0xx_hal_i2c.o
 .ARM.attributes
                0x0000032c       0x2c ./Drivers/STM32G0xx_HAL_Driver/Src/stm32g0xx_hal_i2c_ex.o
 .ARM.attributes
                0x00000358       0x2c ./Drivers/STM32G0xx_HAL_Driver/Src/stm32g0xx_hal_pwr_ex.o
 .ARM.attributes
                0x00000384       0x2c ./Drivers/STM32G0xx_HAL_Driver/Src/stm32g0xx_hal_rcc.o
 .ARM.attributes
                0x000003b0       0x2c ./Drivers/STM32G0xx_HAL_Driver/Src/stm32g0xx_hal_rcc_ex.o
 .ARM.attributes
                0x000003dc       0x2c ./Drivers/STM32G0xx_HAL_Driver/Src/stm32g0xx_hal_tim.o
 .ARM.attributes
                0x00000408       0x2c ./Drivers/STM32G0xx_HAL_Driver/Src/stm32g0xx_hal_tim_ex.o
 .ARM.attributes
                0x00000434       0x2c C:/ST/STM32CubeIDE_2.0.0/STM32CubeIDE/plugins/com.st.stm32cube.ide.mcu.externaltools.gnu-tools-for-stm32.13.3.rel1.win32_1.0.100.202509120712/tools/bin/../lib/gcc/arm-none-eabi/13.3.1/../../../../arm-none-eabi/lib/thumb/v6-m/nofp\libc_nano.a(libc_a-memset.o)
 .ARM.attributes
                0x00000460       0x2c C:/ST/STM32CubeIDE_2.0.0/STM32CubeIDE/plugins/com.st.stm32cube.ide.mcu.externaltools.gnu-tools-for-stm32.13.3.rel1.win32_1.0.100.202509120712/tools/bin/../lib/gcc/arm-none-eabi/13.3.1/../../../../arm-none-eabi/lib/thumb/v6-m/nofp\libc_nano.a(libc_a-init.o)
 .ARM.attributes
                0x0000048c       0x1e C:/ST/STM32CubeIDE_2.0.0/STM32CubeIDE/plugins/com.st.stm32cube.ide.mcu.externaltools.gnu-tools-for-stm32.13.3.rel1.win32_1.0.100.202509120712/tools/bin/../lib/gcc/arm-none-eabi/13.3.1/thumb/v6-m/nofp\libgcc.a(_udivsi3.o)
 .ARM.attributes
                0x000004aa       0x1e C:/ST/STM32CubeIDE_2.0.0/STM32CubeIDE/plugins/com.st.stm32cube.ide.mcu.externaltools.gnu-tools-for-stm32.13.3.rel1.win32_1.0.100.202509120712/tools/bin/../lib/gcc/arm-none-eabi/13.3.1/thumb/v6-m/nofp\libgcc.a(_dvmd_tls.o)
 .ARM.attributes
                0x000004c8       0x1e C:/ST/STM32CubeIDE_2.0.0/STM32CubeIDE/plugins/com.st.stm32cube.ide.mcu.externaltools.gnu-tools-for-stm32.13.3.rel1.win32_1.0.100.202509120712/tools/bin/../lib/gcc/arm-none-eabi/13.3.1/thumb/v6-m/nofp/crtn.o
OUTPUT(STM32G0_LEDDRIVER_PROG.elf elf32-littlearm)
LOAD linker stubs
LOAD C:/ST/STM32CubeIDE_2.0.0/STM32CubeIDE/plugins/com.st.stm32cube.ide.mcu.externaltools.gnu-tools-for-stm32.13.3.rel1.win32_1.0.100.202509120712/tools/bin/../lib/gcc/arm-none-eabi/13.3.1/../../../../arm-none-eabi/lib/thumb/v6-m/nofp\libc.a
LOAD C:/ST/STM32CubeIDE_2.0.0/STM32CubeIDE/plugins/com.st.stm32cube.ide.mcu.externaltools.gnu-tools-for-stm32.13.3.rel1.win32_1.0.100.202509120712/tools/bin/../lib/gcc/arm-none-eabi/13.3.1/../../../../arm-none-eabi/lib/thumb/v6-m/nofp\libm.a
LOAD C:/ST/STM32CubeIDE_2.0.0/STM32CubeIDE/plugins/com.st.stm32cube.ide.mcu.externaltools.gnu-tools-for-stm32.13.3.rel1.win32_1.0.100.202509120712/tools/bin/../lib/gcc/arm-none-eabi/13.3.1/thumb/v6-m/nofp\libgcc.a

.debug_info     0x00000000    0x13dd4
 .debug_info    0x00000000      0x104 ./App/app.o
 .debug_info    0x00000104      0xb44 ./App/boot.o
 .debug_info    0x00000c48      0x248 ./App/led.o
 .debug_info    0x00000e90      0x109 ./App/timer.o
 .debug_info    0x00000f99      0xc3e ./Core/Src/eeprom.o
 .debug_info    0x00001bd7     0x205b ./Core/Src/main.o
 .debug_info    0x00003c32     0x196e ./Core/Src/stm32g0xx_hal_msp.o
 .debug_info    0x000055a0      0x476 ./Core/Src/stm32g0xx_it.o
 .debug_info    0x00005a16      0x316 ./Core/Src/system_stm32g0xx.o
 .debug_info    0x00005d2c       0x30 ./Core/Startup/startup_stm32g0b1retx.o
 .debug_info    0x00005d5c      0xafa ./Drivers/STM32G0xx_HAL_Driver/Src/stm32g0xx_hal.o
 .debug_info    0x00006856     0x15cf ./Drivers/STM32G0xx_HAL_Driver/Src/stm32g0xx_hal_adc.o
 .debug_info    0x00007e25      0x8d9 ./Drivers/STM32G0xx_HAL_Driver/Src/stm32g0xx_hal_cortex.o
 .debug_info    0x000086fe      0x869 ./Drivers/STM32G0xx_HAL_Driver/Src/stm32g0xx_hal_dma.o
 .debug_info    0x00008f67     0x1883 ./Drivers/STM32G0xx_HAL_Driver/Src/stm32g0xx_hal_fdcan.o
 .debug_info    0x0000a7ea      0x5d9 ./Drivers/STM32G0xx_HAL_Driver/Src/stm32g0xx_hal_gpio.o
 .debug_info    0x0000adc3     0x2205 ./Drivers/STM32G0xx_HAL_Driver/Src/stm32g0xx_hal_i2c.o
 .debug_info    0x0000cfc8      0xa46 ./Drivers/STM32G0xx_HAL_Driver/Src/stm32g0xx_hal_i2c_ex.o
 .debug_info    0x0000da0e      0x8b5 ./Drivers/STM32G0xx_HAL_Driver/Src/stm32g0xx_hal_pwr_ex.o
 .debug_info    0x0000e2c3      0xb9b ./Drivers/STM32G0xx_HAL_Driver/Src/stm32g0xx_hal_rcc.o
 .debug_info    0x0000ee5e      0xa41 ./Drivers/STM32G0xx_HAL_Driver/Src/stm32g0xx_hal_rcc_ex.o
 .debug_info    0x0000f89f     0x2c12 ./Drivers/STM32G0xx_HAL_Driver/Src/stm32g0xx_hal_tim.o
 .debug_info    0x000124b1     0x1923 ./Drivers/STM32G0xx_HAL_Driver/Src/stm32g0xx_hal_tim_ex.o

.debug_abbrev   0x00000000     0x2d3f
 .debug_abbrev  0x00000000       0x93 ./App/app.o
 .debug_abbrev  0x00000093      0x205 ./App/boot.o
 .debug_abbrev  0x00000298      0x13a ./App/led.o
 .debug_abbrev  0x000003d2       0xae ./App/timer.o
 .debug_abbrev  0x00000480      0x224 ./Core/Src/eeprom.o
 .debug_abbrev  0x000006a4      0x363 ./Core/Src/main.o
 .debug_abbrev  0x00000a07      0x25f ./Core/Src/stm32g0xx_hal_msp.o
 .debug_abbrev  0x00000c66      0x194 ./Core/Src/stm32g0xx_it.o
 .debug_abbrev  0x00000dfa      0x119 ./Core/Src/system_stm32g0xx.o
 .debug_abbrev  0x00000f13       0x24 ./Core/Startup/startup_stm32g0b1retx.o
 .debug_abbrev  0x00000f37      0x27f ./Drivers/STM32G0xx_HAL_Driver/Src/stm32g0xx_hal.o
 .debug_abbrev  0x000011b6      0x276 ./Drivers/STM32G0xx_HAL_Driver/Src/stm32g0xx_hal_adc.o
 .debug_abbrev  0x0000142c      0x2ab ./Drivers/STM32G0xx_HAL_Driver/Src/stm32g0xx_hal_cortex.o
 .debug_abbrev  0x000016d7      0x214 ./Drivers/STM32G0xx_HAL_Driver/Src/stm32g0xx_hal_dma.o
 .debug_abbrev  0x000018eb      0x1eb ./Drivers/STM32G0xx_HAL_Driver/Src/stm32g0xx_hal_fdcan.o
 .debug_abbrev  0x00001ad6      0x1c8 ./Drivers/STM32G0xx_HAL_Driver/Src/stm32g0xx_hal_gpio.o
 .debug_abbrev  0x00001c9e      0x282 ./Drivers/STM32G0xx_HAL_Driver/Src/stm32g0xx_hal_i2c.o
 .debug_abbrev  0x00001f20      0x1d7 ./Drivers/STM32G0xx_HAL_Driver/Src/stm32g0xx_hal_i2c_ex.o
 .debug_abbrev  0x000020f7      0x23c ./Drivers/STM32G0xx_HAL_Driver/Src/stm32g0xx_hal_pwr_ex.o
 .debug_abbrev  0x00002333      0x2aa ./Drivers/STM32G0xx_HAL_Driver/Src/stm32g0xx_hal_rcc.o
 .debug_abbrev  0x000025dd      0x244 ./Drivers/STM32G0xx_HAL_Driver/Src/stm32g0xx_hal_rcc_ex.o
 .debug_abbrev  0x00002821      0x287 ./Drivers/STM32G0xx_HAL_Driver/Src/stm32g0xx_hal_tim.o
 .debug_abbrev  0x00002aa8      0x297 ./Drivers/STM32G0xx_HAL_Driver/Src/stm32g0xx_hal_tim_ex.o

.debug_aranges  0x00000000     0x1450
 .debug_aranges
                0x00000000       0x28 ./App/app.o
 .debug_aranges
                0x00000028       0x50 ./App/boot.o
 .debug_aranges
                0x00000078       0x28 ./App/led.o
 .debug_aranges
                0x000000a0       0x28 ./App/timer.o
 .debug_aranges
                0x000000c8       0x68 ./Core/Src/eeprom.o
 .debug_aranges
                0x00000130       0x70 ./Core/Src/main.o
 .debug_aranges
                0x000001a0       0x68 ./Core/Src/stm32g0xx_hal_msp.o
 .debug_aranges
                0x00000208       0x48 ./Core/Src/stm32g0xx_it.o
 .debug_aranges
                0x00000250       0x28 ./Core/Src/system_stm32g0xx.o
 .debug_aranges
                0x00000278       0x28 ./Core/Startup/startup_stm32g0b1retx.o
 .debug_aranges
                0x000002a0      0x130 ./Drivers/STM32G0xx_HAL_Driver/Src/stm32g0xx_hal.o
 .debug_aranges
                0x000003d0      0x1f0 ./Drivers/STM32G0xx_HAL_Driver/Src/stm32g0xx_hal_adc.o
 .debug_aranges
                0x000005c0       0xe8 ./Drivers/STM32G0xx_HAL_Driver/Src/stm32g0xx_hal_cortex.o
 .debug_aranges
                0x000006a8       0x90 ./Drivers/STM32G0xx_HAL_Driver/Src/stm32g0xx_hal_dma.o
 .debug_aranges
                0x00000738      0x208 ./Drivers/STM32G0xx_HAL_Driver/Src/stm32g0xx_hal_fdcan.o
 .debug_aranges
                0x00000940       0x60 ./Drivers/STM32G0xx_HAL_Driver/Src/stm32g0xx_hal_gpio.o
 .debug_aranges
                0x000009a0      0x2a0 ./Drivers/STM32G0xx_HAL_Driver/Src/stm32g0xx_hal_i2c.o
 .debug_aranges
                0x00000c40       0x48 ./Drivers/STM32G0xx_HAL_Driver/Src/stm32g0xx_hal_i2c_ex.o
 .debug_aranges
                0x00000c88      0x128 ./Drivers/STM32G0xx_HAL_Driver/Src/stm32g0xx_hal_pwr_ex.o
 .debug_aranges
                0x00000db0       0xa0 ./Drivers/STM32G0xx_HAL_Driver/Src/stm32g0xx_hal_rcc.o
 .debug_aranges
                0x00000e50       0x88 ./Drivers/STM32G0xx_HAL_Driver/Src/stm32g0xx_hal_rcc_ex.o
 .debug_aranges
                0x00000ed8      0x3e0 ./Drivers/STM32G0xx_HAL_Driver/Src/stm32g0xx_hal_tim.o
 .debug_aranges
                0x000012b8      0x198 ./Drivers/STM32G0xx_HAL_Driver/Src/stm32g0xx_hal_tim_ex.o

.debug_rnglists
                0x00000000      0xfbb
 .debug_rnglists
                0x00000000       0x19 ./App/app.o
 .debug_rnglists
                0x00000019       0x3a ./App/boot.o
 .debug_rnglists
                0x00000053       0x19 ./App/led.o
 .debug_rnglists
                0x0000006c       0x19 ./App/timer.o
 .debug_rnglists
                0x00000085       0x4b ./Core/Src/eeprom.o
 .debug_rnglists
                0x000000d0       0x56 ./Core/Src/main.o
 .debug_rnglists
                0x00000126       0x4c ./Core/Src/stm32g0xx_hal_msp.o
 .debug_rnglists
                0x00000172       0x31 ./Core/Src/stm32g0xx_it.o
 .debug_rnglists
                0x000001a3       0x1a ./Core/Src/system_stm32g0xx.o
 .debug_rnglists
                0x000001bd       0x19 ./Core/Startup/startup_stm32g0b1retx.o
 .debug_rnglists
                0x000001d6       0xe0 ./Drivers/STM32G0xx_HAL_Driver/Src/stm32g0xx_hal.o
 .debug_rnglists
                0x000002b6      0x17f ./Drivers/STM32G0xx_HAL_Driver/Src/stm32g0xx_hal_adc.o
 .debug_rnglists
                0x00000435       0xaa ./Drivers/STM32G0xx_HAL_Driver/Src/stm32g0xx_hal_cortex.o
 .debug_rnglists
                0x000004df       0x72 ./Drivers/STM32G0xx_HAL_Driver/Src/stm32g0xx_hal_dma.o
 .debug_rnglists
                0x00000551      0x18d ./Drivers/STM32G0xx_HAL_Driver/Src/stm32g0xx_hal_fdcan.o
 .debug_rnglists
                0x000006de       0x45 ./Drivers/STM32G0xx_HAL_Driver/Src/stm32g0xx_hal_gpio.o
 .debug_rnglists
                0x00000723      0x229 ./Drivers/STM32G0xx_HAL_Driver/Src/stm32g0xx_hal_i2c.o
 .debug_rnglists
                0x0000094c       0x35 ./Drivers/STM32G0xx_HAL_Driver/Src/stm32g0xx_hal_i2c_ex.o
 .debug_rnglists
                0x00000981       0xe0 ./Drivers/STM32G0xx_HAL_Driver/Src/stm32g0xx_hal_pwr_ex.o
 .debug_rnglists
                0x00000a61       0x79 ./Drivers/STM32G0xx_HAL_Driver/Src/stm32g0xx_hal_rcc.o
 .debug_rnglists
                0x00000ada       0x69 ./Drivers/STM32G0xx_HAL_Driver/Src/stm32g0xx_hal_rcc_ex.o
 .debug_rnglists
                0x00000b43      0x32a ./Drivers/STM32G0xx_HAL_Driver/Src/stm32g0xx_hal_tim.o
 .debug_rnglists
                0x00000e6d      0x14e ./Drivers/STM32G0xx_HAL_Driver/Src/stm32g0xx_hal_tim_ex.o

.debug_macro    0x00000000    0x1ee7e
 .debug_macro   0x00000000      0x251 ./App/app.o
 .debug_macro   0x00000251      0xaae ./App/app.o
 .debug_macro   0x00000cff       0x8e ./App/app.o
 .debug_macro   0x00000d8d       0x2e ./App/app.o
 .debug_macro   0x00000dbb       0x28 ./App/app.o
 .debug_macro   0x00000de3       0x22 ./App/app.o
 .debug_macro   0x00000e05       0x8e ./App/app.o
 .debug_macro   0x00000e93       0x51 ./App/app.o
 .debug_macro   0x00000ee4      0x103 ./App/app.o
 .debug_macro   0x00000fe7       0x6a ./App/app.o
 .debug_macro   0x00001051      0x1df ./App/app.o
 .debug_macro   0x00001230       0x1c ./App/app.o
 .debug_macro   0x0000124c       0x22 ./App/app.o
 .debug_macro   0x0000126e       0xd1 ./App/app.o
 .debug_macro   0x0000133f      0x4da ./App/app.o
 .debug_macro   0x00001819      0x11f ./App/app.o
 .debug_macro   0x00001938     0xf3de ./App/app.o
 .debug_macro   0x00010d16       0x66 ./App/app.o
 .debug_macro   0x00010d7c      0x136 ./App/app.o
 .debug_macro   0x00010eb2     0x350e ./App/app.o
 .debug_macro   0x000143c0      0x190 ./App/app.o
 .debug_macro   0x00014550       0x5c ./App/app.o
 .debug_macro   0x000145ac      0x72c ./App/app.o
 .debug_macro   0x00014cd8     0x1579 ./App/app.o
 .debug_macro   0x00016251      0x535 ./App/app.o
 .debug_macro   0x00016786      0x1cf ./App/app.o
 .debug_macro   0x00016955      0x25b ./App/app.o
 .debug_macro   0x00016bb0      0x4f5 ./App/app.o
 .debug_macro   0x000170a5      0x280 ./App/app.o
 .debug_macro   0x00017325      0x417 ./App/app.o
 .debug_macro   0x0001773c      0x1b2 ./App/app.o
 .debug_macro   0x000178ee       0x43 ./App/app.o
 .debug_macro   0x00017931      0x1f1 ./App/app.o
 .debug_macro   0x00017b22      0x8bd ./App/app.o
 .debug_macro   0x000183df      0x5c9 ./App/app.o
 .debug_macro   0x000189a8       0x2e ./App/app.o
 .debug_macro   0x000189d6      0x1e4 ./App/app.o
 .debug_macro   0x00018bba      0x3fa ./App/app.o
 .debug_macro   0x00018fb4       0x28 ./App/app.o
 .debug_macro   0x00018fdc      0x123 ./App/app.o
 .debug_macro   0x000190ff      0x6bd ./App/app.o
 .debug_macro   0x000197bc      0x22c ./App/app.o
 .debug_macro   0x000199e8       0x67 ./App/app.o
 .debug_macro   0x00019a4f       0xa5 ./App/app.o
 .debug_macro   0x00019af4      0x145 ./App/app.o
 .debug_macro   0x00019c39      0x30b ./App/app.o
 .debug_macro   0x00019f44      0xae5 ./App/app.o
 .debug_macro   0x0001aa29      0x239 ./App/app.o
 .debug_macro   0x0001ac62      0x5df ./App/app.o
 .debug_macro   0x0001b241      0x251 ./App/boot.o
 .debug_macro   0x0001b492      0x257 ./App/led.o
 .debug_macro   0x0001b6e9      0x251 ./App/timer.o
 .debug_macro   0x0001b93a      0x310 ./Core/Src/eeprom.o
 .debug_macro   0x0001bc4a       0x5b ./Core/Src/eeprom.o
 .debug_macro   0x0001bca5       0x24 ./Core/Src/eeprom.o
 .debug_macro   0x0001bcc9       0x94 ./Core/Src/eeprom.o
 .debug_macro   0x0001bd5d       0x43 ./Core/Src/eeprom.o
 .debug_macro   0x0001bda0       0x34 ./Core/Src/eeprom.o
 .debug_macro   0x0001bdd4       0x57 ./Core/Src/eeprom.o
 .debug_macro   0x0001be2b      0x370 ./Core/Src/eeprom.o
 .debug_macro   0x0001c19b       0x16 ./Core/Src/eeprom.o
 .debug_macro   0x0001c1b1       0x4a ./Core/Src/eeprom.o
 .debug_macro   0x0001c1fb       0x34 ./Core/Src/eeprom.o
 .debug_macro   0x0001c22f       0x10 ./Core/Src/eeprom.o
 .debug_macro   0x0001c23f       0x58 ./Core/Src/eeprom.o
 .debug_macro   0x0001c297       0x8e ./Core/Src/eeprom.o
 .debug_macro   0x0001c325       0x1c ./Core/Src/eeprom.o
 .debug_macro   0x0001c341      0x185 ./Core/Src/eeprom.o
 .debug_macro   0x0001c4c6      0x19b ./Core/Src/eeprom.o
 .debug_macro   0x0001c661       0x56 ./Core/Src/eeprom.o
 .debug_macro   0x0001c6b7       0x52 ./Core/Src/eeprom.o
 .debug_macro   0x0001c709       0x16 ./Core/Src/eeprom.o
 .debug_macro   0x0001c71f       0x3c ./Core/Src/eeprom.o
 .debug_macro   0x0001c75b       0x20 ./Core/Src/eeprom.o
 .debug_macro   0x0001c77b      0x26a ./Core/Src/main.o
 .debug_macro   0x0001c9e5       0x4c ./Core/Src/main.o
 .debug_macro   0x0001ca31      0x225 ./Core/Src/stm32g0xx_hal_msp.o
 .debug_macro   0x0001cc56      0x22f ./Core/Src/stm32g0xx_it.o
 .debug_macro   0x0001ce85      0x216 ./Core/Src/system_stm32g0xx.o
 .debug_macro   0x0001d09b      0x23a ./Drivers/STM32G0xx_HAL_Driver/Src/stm32g0xx_hal.o
 .debug_macro   0x0001d2d5      0x23a ./Drivers/STM32G0xx_HAL_Driver/Src/stm32g0xx_hal_adc.o
 .debug_macro   0x0001d50f      0x216 ./Drivers/STM32G0xx_HAL_Driver/Src/stm32g0xx_hal_cortex.o
 .debug_macro   0x0001d725      0x216 ./Drivers/STM32G0xx_HAL_Driver/Src/stm32g0xx_hal_dma.o
 .debug_macro   0x0001d93b      0x328 ./Drivers/STM32G0xx_HAL_Driver/Src/stm32g0xx_hal_fdcan.o
 .debug_macro   0x0001dc63      0x21d ./Drivers/STM32G0xx_HAL_Driver/Src/stm32g0xx_hal_gpio.o
 .debug_macro   0x0001de80      0x2e2 ./Drivers/STM32G0xx_HAL_Driver/Src/stm32g0xx_hal_i2c.o
 .debug_macro   0x0001e162      0x216 ./Drivers/STM32G0xx_HAL_Driver/Src/stm32g0xx_hal_i2c_ex.o
 .debug_macro   0x0001e378      0x240 ./Drivers/STM32G0xx_HAL_Driver/Src/stm32g0xx_hal_pwr_ex.o
 .debug_macro   0x0001e5b8      0x25e ./Drivers/STM32G0xx_HAL_Driver/Src/stm32g0xx_hal_rcc.o
 .debug_macro   0x0001e816      0x22e ./Drivers/STM32G0xx_HAL_Driver/Src/stm32g0xx_hal_rcc_ex.o
 .debug_macro   0x0001ea44      0x21e ./Drivers/STM32G0xx_HAL_Driver/Src/stm32g0xx_hal_tim.o
 .debug_macro   0x0001ec62      0x21c ./Drivers/STM32G0xx_HAL_Driver/Src/stm32g0xx_hal_tim_ex.o

.debug_line     0x00000000    0x1873c
 .debug_line    0x00000000      0x828 ./App/app.o
 .debug_line    0x00000828      0xa98 ./App/boot.o
 .debug_line    0x000012c0      0x847 ./App/led.o
 .debug_line    0x00001b07      0x822 ./App/timer.o
 .debug_line    0x00002329      0xb4b ./Core/Src/eeprom.o
 .debug_line    0x00002e74      0xc14 ./Core/Src/main.o
 .debug_line    0x00003a88      0x9b8 ./Core/Src/stm32g0xx_hal_msp.o
 .debug_line    0x00004440      0x860 ./Core/Src/stm32g0xx_it.o
 .debug_line    0x00004ca0      0x85e ./Core/Src/system_stm32g0xx.o
 .debug_line    0x000054fe       0x7b ./Core/Startup/startup_stm32g0b1retx.o
 .debug_line    0x00005579      0xbd4 ./Drivers/STM32G0xx_HAL_Driver/Src/stm32g0xx_hal.o
 .debug_line    0x0000614d     0x19ca ./Drivers/STM32G0xx_HAL_Driver/Src/stm32g0xx_hal_adc.o
 .debug_line    0x00007b17      0xc39 ./Drivers/STM32G0xx_HAL_Driver/Src/stm32g0xx_hal_cortex.o
 .debug_line    0x00008750      0xf16 ./Drivers/STM32G0xx_HAL_Driver/Src/stm32g0xx_hal_dma.o
 .debug_line    0x00009666     0x196c ./Drivers/STM32G0xx_HAL_Driver/Src/stm32g0xx_hal_fdcan.o
 .debug_line    0x0000afd2      0xc09 ./Drivers/STM32G0xx_HAL_Driver/Src/stm32g0xx_hal_gpio.o
 .debug_line    0x0000bbdb     0x37b4 ./Drivers/STM32G0xx_HAL_Driver/Src/stm32g0xx_hal_i2c.o
 .debug_line    0x0000f38f      0x951 ./Drivers/STM32G0xx_HAL_Driver/Src/stm32g0xx_hal_i2c_ex.o
 .debug_line    0x0000fce0      0xc85 ./Drivers/STM32G0xx_HAL_Driver/Src/stm32g0xx_hal_pwr_ex.o
 .debug_line    0x00010965     0x10de ./Drivers/STM32G0xx_HAL_Driver/Src/stm32g0xx_hal_rcc.o
 .debug_line    0x00011a43     0x1281 ./Drivers/STM32G0xx_HAL_Driver/Src/stm32g0xx_hal_rcc_ex.o
 .debug_line    0x00012cc4     0x3dcd ./Drivers/STM32G0xx_HAL_Driver/Src/stm32g0xx_hal_tim.o
 .debug_line    0x00016a91     0x1cab ./Drivers/STM32G0xx_HAL_Driver/Src/stm32g0xx_hal_tim_ex.o

.debug_str      0x00000000    0xc8489
 .debug_str     0x00000000    0xc8489 ./App/app.o
                              0xbdf6e (size before relaxing)
 .debug_str     0x000c8489        0x0 ./App/boot.o
                              0xbe685 (size before relaxing)
 .debug_str     0x000c8489        0x0 ./App/led.o
                              0xbe014 (size before relaxing)
 .debug_str     0x000c8489        0x0 ./App/timer.o
                              0xbdf4d (size before relaxing)
 .debug_str     0x000c8489        0x0 ./Core/Src/eeprom.o
                              0xc1ef3 (size before relaxing)
 .debug_str     0x000c8489        0x0 ./Core/Src/main.o
                              0xbf89a (size before relaxing)
 .debug_str     0x000c8489        0x0 ./Core/Src/stm32g0xx_hal_msp.o
                              0xbefb7 (size before relaxing)
 .debug_str     0x000c8489        0x0 ./Core/Src/stm32g0xx_it.o
                              0xbe0fc (size before relaxing)
 .debug_str     0x000c8489        0x0 ./Core/Src/system_stm32g0xx.o
                              0xbdda5 (size before relaxing)
 .debug_str     0x000c8489        0x0 ./Core/Startup/startup_stm32g0b1retx.o
                                 0xb6 (size before relaxing)
 .debug_str     0x000c8489        0x0 ./Drivers/STM32G0xx_HAL_Driver/Src/stm32g0xx_hal.o
                              0xbe67e (size before relaxing)
 .debug_str     0x000c8489        0x0 ./Drivers/STM32G0xx_HAL_Driver/Src/stm32g0xx_hal_adc.o
                              0xbeb87 (size before relaxing)
 .debug_str     0x000c8489        0x0 ./Drivers/STM32G0xx_HAL_Driver/Src/stm32g0xx_hal_cortex.o
                              0xbe2b6 (size before relaxing)
 .debug_str     0x000c8489        0x0 ./Drivers/STM32G0xx_HAL_Driver/Src/stm32g0xx_hal_dma.o
                              0xbe255 (size before relaxing)
 .debug_str     0x000c8489        0x0 ./Drivers/STM32G0xx_HAL_Driver/Src/stm32g0xx_hal_fdcan.o
                              0xbf43d (size before relaxing)
 .debug_str     0x000c8489        0x0 ./Drivers/STM32G0xx_HAL_Driver/Src/stm32g0xx_hal_gpio.o
                              0xbdf08 (size before relaxing)
 .debug_str     0x000c8489        0x0 ./Drivers/STM32G0xx_HAL_Driver/Src/stm32g0xx_hal_i2c.o
                              0xbf18f (size before relaxing)
 .debug_str     0x000c8489        0x0 ./Drivers/STM32G0xx_HAL_Driver/Src/stm32g0xx_hal_i2c_ex.o
                              0xbe40e (size before relaxing)
 .debug_str     0x000c8489        0x0 ./Drivers/STM32G0xx_HAL_Driver/Src/stm32g0xx_hal_pwr_ex.o
                              0xbe327 (size before relaxing)
 .debug_str     0x000c8489        0x0 ./Drivers/STM32G0xx_HAL_Driver/Src/stm32g0xx_hal_rcc.o
                              0xbe571 (size before relaxing)
 .debug_str     0x000c8489        0x0 ./Drivers/STM32G0xx_HAL_Driver/Src/stm32g0xx_hal_rcc_ex.o
                              0xbe401 (size before relaxing)
 .debug_str     0x000c8489        0x0 ./Drivers/STM32G0xx_HAL_Driver/Src/stm32g0xx_hal_tim.o
                              0xbf30e (size before relaxing)
 .debug_str     0x000c8489        0x0 ./Drivers/STM32G0xx_HAL_Driver/Src/stm32g0xx_hal_tim_ex.o
                              0xbec9c (size before relaxing)

.comment        0x00000000       0x43
 .comment       0x00000000       0x43 ./App/app.o
                                 0x44 (size before relaxing)
 .comment       0x00000043        0x0 ./App/boot.o
                                 0x44 (size before relaxing)
 .comment       0x00000043        0x0 ./App/led.o
                                 0x44 (size before relaxing)
 .comment       0x00000043        0x0 ./App/timer.o
                                 0x44 (size before relaxing)
 .comment       0x00000043        0x0 ./Core/Src/eeprom.o
                                 0x44 (size before relaxing)
 .comment       0x00000043        0x0 ./Core/Src/main.o
                                 0x44 (size before relaxing)
 .comment       0x00000043        0x0 ./Core/Src/stm32g0xx_hal_msp.o
                                 0x44 (size before relaxing)
 .comment       0x00000043        0x0 ./Core/Src/stm32g0xx_it.o
                                 0x44 (size before relaxing)
 .comment       0x00000043        0x0 ./Core/Src/system_stm32g0xx.o
                                 0x44 (size before relaxing)
 .comment       0x00000043        0x0 ./Drivers/STM32G0xx_HAL_Driver/Src/stm32g0xx_hal.o
                                 0x44 (size before relaxing)
 .comment       0x00000043        0x0 ./Drivers/STM32G0xx_HAL_Driver/Src/stm32g0xx_hal_adc.o
                                 0x44 (size before relaxing)
 .comment       0x00000043        0x0 ./Drivers/STM32G0xx_HAL_Driver/Src/stm32g0xx_hal_cortex.o
                                 0x44 (size before relaxing)
 .comment       0x00000043        0x0 ./Drivers/STM32G0xx_HAL_Driver/Src/stm32g0xx_hal_dma.o
                                 0x44 (size before relaxing)
 .comment       0x00000043        0x0 ./Drivers/STM32G0xx_HAL_Driver/Src/stm32g0xx_hal_fdcan.o
                                 0x44 (size before relaxing)
 .comment       0x00000043        0x0 ./Drivers/STM32G0xx_HAL_Driver/Src/stm32g0xx_hal_gpio.o
                                 0x44 (size before relaxing)
 .comment       0x00000043        0x0 ./Drivers/STM32G0xx_HAL_Driver/Src/stm32g0xx_hal_i2c.o
                                 0x44 (size before relaxing)
 .comment       0x00000043        0x0 ./Drivers/STM32G0xx_HAL_Driver/Src/stm32g0xx_hal_i2c_ex.o
                                 0x44 (size before relaxing)
 .comment       0x00000043        0x0 ./Drivers/STM32G0xx_HAL_Driver/Src/stm32g0xx_hal_pwr_ex.o
                                 0x44 (size before relaxing)
 .comment       0x00000043        0x0 ./Drivers/STM32G0xx_HAL_Driver/Src/stm32g0xx_hal_rcc.o
                                 0x44 (size before relaxing)
 .comment       0x00000043        0x0 ./Drivers/STM32G0xx_HAL_Driver/Src/stm32g0xx_hal_rcc_ex.o
                                 0x44 (size before relaxing)
 .comment       0x00000043        0x0 ./Drivers/STM32G0xx_HAL_Driver/Src/stm32g0xx_hal_tim.o
                                 0x44 (size before relaxing)
 .comment       0x00000043        0x0 ./Drivers/STM32G0xx_HAL_Driver/Src/stm32g0xx_hal_tim_ex.o
                                 0x44 (size before relaxing)

.debug_frame    0x00000000     0x4970
 .debug_frame   0x00000000       0x48 ./App/app.o
 .debug_frame   0x00000048       0xe4 ./App/boot.o
 .debug_frame   0x0000012c       0x4c ./App/led.o
 .debug_frame   0x00000178       0x48 ./App/timer.o
 .debug_frame   0x000001c0      0x15c ./Core/Src/eeprom.o
 .debug_frame   0x0000031c      0x160 ./Core/Src/main.o
 .debug_frame   0x0000047c      0x150 ./Core/Src/stm32g0xx_hal_msp.o
 .debug_frame   0x000005cc       0xb8 ./Core/Src/stm32g0xx_it.o
 .debug_frame   0x00000684       0x4c ./Core/Src/system_stm32g0xx.o
 .debug_frame   0x000006d0      0x41c ./Drivers/STM32G0xx_HAL_Driver/Src/stm32g0xx_hal.o
 .debug_frame   0x00000aec      0x78c ./Drivers/STM32G0xx_HAL_Driver/Src/stm32g0xx_hal_adc.o
 .debug_frame   0x00001278      0x33c ./Drivers/STM32G0xx_HAL_Driver/Src/stm32g0xx_hal_cortex.o
 .debug_frame   0x000015b4      0x1f0 ./Drivers/STM32G0xx_HAL_Driver/Src/stm32g0xx_hal_dma.o
 .debug_frame   0x000017a4      0x7d0 ./Drivers/STM32G0xx_HAL_Driver/Src/stm32g0xx_hal_fdcan.o
 .debug_frame   0x00001f74      0x130 ./Drivers/STM32G0xx_HAL_Driver/Src/stm32g0xx_hal_gpio.o
 .debug_frame   0x000020a4      0xa68 ./Drivers/STM32G0xx_HAL_Driver/Src/stm32g0xx_hal_i2c.o
 .debug_frame   0x00002b0c       0xd0 ./Drivers/STM32G0xx_HAL_Driver/Src/stm32g0xx_hal_i2c_ex.o
 .debug_frame   0x00002bdc      0x3f4 ./Drivers/STM32G0xx_HAL_Driver/Src/stm32g0xx_hal_pwr_ex.o
 .debug_frame   0x00002fd0      0x214 ./Drivers/STM32G0xx_HAL_Driver/Src/stm32g0xx_hal_rcc.o
 .debug_frame   0x000031e4      0x1c0 ./Drivers/STM32G0xx_HAL_Driver/Src/stm32g0xx_hal_rcc_ex.o
 .debug_frame   0x000033a4      0xf40 ./Drivers/STM32G0xx_HAL_Driver/Src/stm32g0xx_hal_tim.o
 .debug_frame   0x000042e4      0x620 ./Drivers/STM32G0xx_HAL_Driver/Src/stm32g0xx_hal_tim_ex.o
 .debug_frame   0x00004904       0x20 C:/ST/STM32CubeIDE_2.0.0/STM32CubeIDE/plugins/com.st.stm32cube.ide.mcu.externaltools.gnu-tools-for-stm32.13.3.rel1.win32_1.0.100.202509120712/tools/bin/../lib/gcc/arm-none-eabi/13.3.1/../../../../arm-none-eabi/lib/thumb/v6-m/nofp\libc_nano.a(libc_a-memset.o)
 .debug_frame   0x00004924       0x2c C:/ST/STM32CubeIDE_2.0.0/STM32CubeIDE/plugins/com.st.stm32cube.ide.mcu.externaltools.gnu-tools-for-stm32.13.3.rel1.win32_1.0.100.202509120712/tools/bin/../lib/gcc/arm-none-eabi/13.3.1/../../../../arm-none-eabi/lib/thumb/v6-m/nofp\libc_nano.a(libc_a-init.o)
 .debug_frame   0x00004950       0x20 C:/ST/STM32CubeIDE_2.0.0/STM32CubeIDE/plugins/com.st.stm32cube.ide.mcu.externaltools.gnu-tools-for-stm32.13.3.rel1.win32_1.0.100.202509120712/tools/bin/../lib/gcc/arm-none-eabi/13.3.1/thumb/v6-m/nofp\libgcc.a(_udivsi3.o)

.debug_line_str
                0x00000000       0x9a
 .debug_line_str
                0x00000000       0x9a ./Core/Startup/startup_stm32g0b1retx.o
